Archive member included because of file (symbol)

.\ARM_GCC_493\Debug\USBFS_Multichannel.a(cyfitter_cfg.o)
                              .\ARM_GCC_493\Debug\Cm3Start.o (cyfitter_cfg)
.\ARM_GCC_493\Debug\USBFS_Multichannel.a(LCD.o)
                              .\ARM_GCC_493\Debug\main.o (LCD_Start)
.\ARM_GCC_493\Debug\USBFS_Multichannel.a(VDAC8.o)
                              .\ARM_GCC_493\Debug\main.o (VDAC8_Start)
.\ARM_GCC_493\Debug\USBFS_Multichannel.a(USBFS.o)
                              .\ARM_GCC_493\Debug\main.o (USBFS_Start)
.\ARM_GCC_493\Debug\USBFS_Multichannel.a(USBFS_drv.o)
                              .\ARM_GCC_493\Debug\USBFS_Multichannel.a(USBFS.o) (USBFS_EP)
.\ARM_GCC_493\Debug\USBFS_Multichannel.a(USBFS_episr.o)
                              .\ARM_GCC_493\Debug\USBFS_Multichannel.a(USBFS.o) (USBFS_EP_2_ISR)
.\ARM_GCC_493\Debug\USBFS_Multichannel.a(USBFS_pm.o)
                              .\ARM_GCC_493\Debug\USBFS_Multichannel.a(USBFS.o) (USBFS_DP_ISR)
.\ARM_GCC_493\Debug\USBFS_Multichannel.a(USBFS_std.o)
                              .\ARM_GCC_493\Debug\USBFS_Multichannel.a(USBFS_drv.o) (USBFS_HandleStandardRqst)
.\ARM_GCC_493\Debug\USBFS_Multichannel.a(USBFS_vnd.o)
                              .\ARM_GCC_493\Debug\USBFS_Multichannel.a(USBFS_drv.o) (USBFS_HandleVendorRqst)
.\ARM_GCC_493\Debug\USBFS_Multichannel.a(VdacDma_dma.o)
                              .\ARM_GCC_493\Debug\main.o (VdacDma_DmaInitialize)
.\ARM_GCC_493\Debug\USBFS_Multichannel.a(DmaDone.o)
                              .\ARM_GCC_493\Debug\main.o (DmaDone_Disable)
.\ARM_GCC_493\Debug\USBFS_Multichannel.a(USBFS_ep2_dma.o)
                              .\ARM_GCC_493\Debug\USBFS_Multichannel.a(USBFS.o) (USBFS_ep2_DmaInitialize)
.\ARM_GCC_493\Debug\USBFS_Multichannel.a(USBFS_Dp.o)
                              .\ARM_GCC_493\Debug\USBFS_Multichannel.a(USBFS_pm.o) (USBFS_Dp_ClearInterrupt)
.\ARM_GCC_493\Debug\USBFS_Multichannel.a(CyBootAsmGnu.o)
                              .\ARM_GCC_493\Debug\USBFS_Multichannel.a(cyfitter_cfg.o) (CyDelayCycles)
.\ARM_GCC_493\Debug\USBFS_Multichannel.a(CyDmac.o)
                              .\ARM_GCC_493\Debug\Cm3Start.o (CyDmacConfigure)
.\ARM_GCC_493\Debug\USBFS_Multichannel.a(CyLib.o)
                              .\ARM_GCC_493\Debug\Cm3Start.o (CyResetStatus)
.\ARM_GCC_493\Debug\USBFS_Multichannel.a(cyPm.o)
                              .\ARM_GCC_493\Debug\USBFS_Multichannel.a(CyLib.o) (CyPmReadStatus)
.\ARM_GCC_493\Debug\USBFS_Multichannel.a(USBFS_cls.o)
                              .\ARM_GCC_493\Debug\USBFS_Multichannel.a(USBFS_drv.o) (USBFS_DispatchClassRqst)
.\ARM_GCC_493\Debug\USBFS_Multichannel.a(USBFS_descr.o)
                              .\ARM_GCC_493\Debug\USBFS_Multichannel.a(USBFS_std.o) (USBFS_STRING_DESCRIPTORS)
.\ARM_GCC_493\Debug\USBFS_Multichannel.a(CyFlash.o)
                              .\ARM_GCC_493\Debug\USBFS_Multichannel.a(cyPm.o) (CyFlash_SetWaitCycles)
.\ARM_GCC_493\Debug\USBFS_Multichannel.a(CySpc.o)
                              .\ARM_GCC_493\Debug\USBFS_Multichannel.a(CyFlash.o) (CySpcStart)
.\ARM_GCC_493\Debug\USBFS_Multichannel.a(USBFS_audio.o)
                              .\ARM_GCC_493\Debug\USBFS_Multichannel.a(USBFS_cls.o) (USBFS_DispatchAUDIOClassRqst)
c:/program files (x86)/cypress/psoc creator/3.3/psoc creator/import/gnu/arm/4.9.3/bin/../lib/gcc/arm-none-eabi/4.9.3/../../../../arm-none-eabi/lib/armv7-m\libg_nano.a(lib_a-errno.o)
                              .\ARM_GCC_493\Debug\Cm3Start.o (__errno)
c:/program files (x86)/cypress/psoc creator/3.3/psoc creator/import/gnu/arm/4.9.3/bin/../lib/gcc/arm-none-eabi/4.9.3/../../../../arm-none-eabi/lib/armv7-m\libg_nano.a(lib_a-exit.o)
                              c:/program files (x86)/cypress/psoc creator/3.3/psoc creator/import/gnu/arm/4.9.3/bin/../lib/gcc/arm-none-eabi/4.9.3/../../../../arm-none-eabi/lib/armv7-m/crt0.o (exit)
c:/program files (x86)/cypress/psoc creator/3.3/psoc creator/import/gnu/arm/4.9.3/bin/../lib/gcc/arm-none-eabi/4.9.3/../../../../arm-none-eabi/lib/armv7-m\libg_nano.a(lib_a-impure.o)
                              c:/program files (x86)/cypress/psoc creator/3.3/psoc creator/import/gnu/arm/4.9.3/bin/../lib/gcc/arm-none-eabi/4.9.3/../../../../arm-none-eabi/lib/armv7-m\libg_nano.a(lib_a-exit.o) (_global_impure_ptr)
c:/program files (x86)/cypress/psoc creator/3.3/psoc creator/import/gnu/arm/4.9.3/bin/../lib/gcc/arm-none-eabi/4.9.3/../../../../arm-none-eabi/lib/armv7-m\libg_nano.a(lib_a-init.o)
                              c:/program files (x86)/cypress/psoc creator/3.3/psoc creator/import/gnu/arm/4.9.3/bin/../lib/gcc/arm-none-eabi/4.9.3/../../../../arm-none-eabi/lib/armv7-m/crt0.o (__libc_init_array)
c:/program files (x86)/cypress/psoc creator/3.3/psoc creator/import/gnu/arm/4.9.3/bin/../lib/gcc/arm-none-eabi/4.9.3/../../../../arm-none-eabi/lib/armv7-m\libg_nano.a(lib_a-memcpy.o)
                              .\ARM_GCC_493\Debug\USBFS_Multichannel.a(cyfitter_cfg.o) (memcpy)
[...]
Memory Configuration

Name             Origin             Length             Attributes
rom              0x00000000         0x00040000         xr
ram              0x1fff8000         0x00010000         xrw
*default*        0x00000000         0xffffffff

Linker script and memory map

LOAD c:/program files (x86)/cypress/psoc creator/3.3/psoc creator/import/gnu/arm/4.9.3/bin/../lib/gcc/arm-none-eabi/4.9.3/armv7-m/crti.o
LOAD c:/program files (x86)/cypress/psoc creator/3.3/psoc creator/import/gnu/arm/4.9.3/bin/../lib/gcc/arm-none-eabi/4.9.3/armv7-m/crtbegin.o
LOAD c:/program files (x86)/cypress/psoc creator/3.3/psoc creator/import/gnu/arm/4.9.3/bin/../lib/gcc/arm-none-eabi/4.9.3/../../../../arm-none-eabi/lib/armv7-m/crt0.o
START GROUP
LOAD .\ARM_GCC_493\Debug\main.o
LOAD .\ARM_GCC_493\Debug\cymetadata.o
LOAD .\ARM_GCC_493\Debug\Cm3Start.o
LOAD .\ARM_GCC_493\Debug\USBFS_Multichannel.a
LOAD C:\Program Files (x86)\Cypress\PSoC Creator\3.3\PSoC Creator\psoc\content\cycomponentlibrary\CyComponentLibrary.cylib\CortexM3\ARM_GCC_493\Debug\CyComponentLibrary.a
END GROUP
START GROUP
LOAD c:/program files (x86)/cypress/psoc creator/3.3/psoc creator/import/gnu/arm/4.9.3/bin/../lib/gcc/arm-none-eabi/4.9.3/armv7-m\libgcc.a
LOAD c:/program files (x86)/cypress/psoc creator/3.3/psoc creator/import/gnu/arm/4.9.3/bin/../lib/gcc/arm-none-eabi/4.9.3/../../../../arm-none-eabi/lib/armv7-m\libg_nano.a
LOAD c:/program files (x86)/cypress/psoc creator/3.3/psoc creator/import/gnu/arm/4.9.3/bin/../lib/gcc/arm-none-eabi/4.9.3/../../../../arm-none-eabi/lib/armv7-m\libc_nano.a
END GROUP
START GROUP
LOAD c:/program files (x86)/cypress/psoc creator/3.3/psoc creator/import/gnu/arm/4.9.3/bin/../lib/gcc/arm-none-eabi/4.9.3/armv7-m\libgcc.a
LOAD c:/program files (x86)/cypress/psoc creator/3.3/psoc creator/import/gnu/arm/4.9.3/bin/../lib/gcc/arm-none-eabi/4.9.3/../../../../arm-none-eabi/lib/armv7-m\libc_nano.a
END GROUP
LOAD c:/program files (x86)/cypress/psoc creator/3.3/psoc creator/import/gnu/arm/4.9.3/bin/../lib/gcc/arm-none-eabi/4.9.3/armv7-m/crtend.o
LOAD c:/program files (x86)/cypress/psoc creator/3.3/psoc creator/import/gnu/arm/4.9.3/bin/../lib/gcc/arm-none-eabi/4.9.3/armv7-m/crtn.o
START GROUP
LOAD c:/program files (x86)/cypress/psoc creator/3.3/psoc creator/import/gnu/arm/4.9.3/bin/../lib/gcc/arm-none-eabi/4.9.3/armv7-m\libgcc.a
LOAD c:/program files (x86)/cypress/psoc creator/3.3/psoc creator/import/gnu/arm/4.9.3/bin/../lib/gcc/arm-none-eabi/4.9.3/../../../../arm-none-eabi/lib/armv7-m\libc.a
LOAD c:/program files (x86)/cypress/psoc creator/3.3/psoc creator/import/gnu/arm/4.9.3/bin/../lib/gcc/arm-none-eabi/4.9.3/../../../../arm-none-eabi/lib/armv7-m\libnosys.a
END GROUP
                0x00000000                CY_APPL_ORIGIN = 0x0
                0x00000100                CY_FLASH_ROW_SIZE = 0x100
                0x00000020                CY_ECC_ROW_SIZE = 0x20
                0x00000000                CY_EE_IN_BTLDR = 0x0
                0x00000000                CY_APPL_LOADABLE = 0x0
                0x00000800                CY_EE_SIZE = 0x800
                0x00000001                CY_APPL_NUM = 0x1
                0x00000001                CY_APPL_MAX = 0x1
                0x00000040                CY_METADATA_SIZE = 0x40
                0x00000000                CY_APPL_LOADABLE = 0x0
                0x00000000                CY_CHECKSUM_EXCLUDE_SIZE = ALIGN (0x0, CY_FLASH_ROW_SIZE)
                0x1fff8388                PROVIDE (__cy_heap_start, _end)
                0x00000001                PROVIDE (__cy_region_num, ((__cy_regions_end - __cy_regions) / 0x10))
                0x20008000                PROVIDE (__cy_stack, (ORIGIN (ram) + 0x10000))
                0x20007800                PROVIDE (__cy_heap_end, (__cy_stack - 0x800))

.cybootloader   0x00000000        0x0
 *(.cybootloader)
                0x00000000                appl1_start = CY_APPL_ORIGIN?CY_APPL_ORIGIN:ALIGN (CY_FLASH_ROW_SIZE)
                0x0001ff00                appl2_start = (appl1_start + ALIGN ((((0x40000 - appl1_start) - (0x2 * CY_FLASH_ROW_SIZE)) / 0x2), CY_FLASH_ROW_SIZE))
                0x00000000                appl_start = (CY_APPL_NUM == 0x1)?appl1_start:appl2_start
                0x00000000                ecc_offset = ((appl_start / CY_FLASH_ROW_SIZE) * CY_ECC_ROW_SIZE)
                0x00000000                ee_offset = (CY_APPL_LOADABLE && ! (CY_EE_IN_BTLDR))?((CY_EE_SIZE / CY_APPL_MAX) * (CY_APPL_NUM - 0x1)):0x0
                0x00000800                ee_size = (CY_APPL_LOADABLE && ! (CY_EE_IN_BTLDR))?(CY_EE_SIZE / CY_APPL_MAX):CY_EE_SIZE
                0x00000000                PROVIDE (CY_ECC_OFFSET, ecc_offset)

.text           0x00000000     0x333a
 CREATE_OBJECT_SYMBOLS
                0x00000000                PROVIDE (__cy_interrupt_vector, RomVectors)
 *(.romvectors)
 .romvectors    0x00000000       0x10 .\ARM_GCC_493\Debug\Cm3Start.o
                0x00000000                RomVectors
                0x00000001                ASSERT ((. != __cy_interrupt_vector), No interrupt vector)
                0x00000001                ASSERT (CY_APPL_ORIGIN?(SIZEOF (.cybootloader) <= CY_APPL_ORIGIN):0x1, Wrong image location)
                0x00000010                PROVIDE (__cy_reset, Reset)
 *(.text.Reset)
 .text.Reset    0x00000010       0x18 .\ARM_GCC_493\Debug\Cm3Start.o
                0x00000010                Reset
                0x00000001                ASSERT ((. != __cy_reset), No reset code)
 *(.dma_init)
                0x00000001                ASSERT ((((appl_start + .) <= 0x10000) || 0x1), DMA Init must be within the first 64k of flash)
 *(.text .text.* .gnu.linkonce.t.*)
 .text          0x00000028       0x5c c:/program files (x86)/cypress/psoc creator/3.3/psoc creator/import/gnu/arm/4.9.3/bin/../lib/gcc/arm-none-eabi/4.9.3/armv7-m/crtbegin.o
 .text.main     0x00000084      0x23c .\ARM_GCC_493\Debug\main.o
                0x00000084                main
 .text.VdacDmaDone
                0x000002c0       0x68 .\ARM_GCC_493\Debug\main.o
                0x000002c0                VdacDmaDone
 .text.IntDefaultHandler
                0x00000328        0x8 .\ARM_GCC_493\Debug\Cm3Start.o
                0x00000328                IntDefaultHandler
 .text.Start_c  0x00000330       0x98 .\ARM_GCC_493\Debug\Cm3Start.o
                0x00000330                Start_c
 .text.initialize_psoc
                0x000003c8       0x90 .\ARM_GCC_493\Debug\Cm3Start.o
                0x000003c8                initialize_psoc
 .text.CYMEMZERO
                0x00000458       0x1c .\ARM_GCC_493\Debug\USBFS_Multichannel.a(cyfitter_cfg.o)
 .text.CYCONFIGCPY
                0x00000474       0x1c .\ARM_GCC_493\Debug\USBFS_Multichannel.a(cyfitter_cfg.o)
 .text.CYCONFIGCPYCODE
                0x00000490       0x1c .\ARM_GCC_493\Debug\USBFS_Multichannel.a(cyfitter_cfg.o)
 .text.CyClockStartupError
                0x000004ac        0xc .\ARM_GCC_493\Debug\USBFS_Multichannel.a(cyfitter_cfg.o)
 .text.cfg_write_bytes32
                0x000004b8       0x74 .\ARM_GCC_493\Debug\USBFS_Multichannel.a(cyfitter_cfg.o)
 .text.ClockSetup
                0x0000052c      0x104 .\ARM_GCC_493\Debug\USBFS_Multichannel.a(cyfitter_cfg.o)
 .text.AnalogSetDefault
                0x00000630       0x58 .\ARM_GCC_493\Debug\USBFS_Multichannel.a(cyfitter_cfg.o)
 .text.cyfitter_cfg
                0x00000688      0x144 .\ARM_GCC_493\Debug\USBFS_Multichannel.a(cyfitter_cfg.o)
                0x00000688                cyfitter_cfg
 .text.LCD_Init
                0x000007cc       0x6c .\ARM_GCC_493\Debug\USBFS_Multichannel.a(LCD.o)
                0x000007cc                LCD_Init
 .text.LCD_Enable
                0x00000838       0x18 .\ARM_GCC_493\Debug\USBFS_Multichannel.a(LCD.o)
                0x00000838                LCD_Enable
 .text.LCD_Start
                0x00000850       0x20 .\ARM_GCC_493\Debug\USBFS_Multichannel.a(LCD.o)
                0x00000850                LCD_Start
 .text.LCD_Position
                0x00000870       0x6c .\ARM_GCC_493\Debug\USBFS_Multichannel.a(LCD.o)
                0x00000870                LCD_Position
 .text.LCD_PrintString
                0x000008dc       0x38 .\ARM_GCC_493\Debug\USBFS_Multichannel.a(LCD.o)
                0x000008dc                LCD_PrintString
 .text.LCD_WriteData
                0x00000914       0x34 .\ARM_GCC_493\Debug\USBFS_Multichannel.a(LCD.o)
                0x00000914                LCD_WriteData
 .text.LCD_WriteControl
                0x00000948       0x34 .\ARM_GCC_493\Debug\USBFS_Multichannel.a(LCD.o)
                0x00000948                LCD_WriteControl
 .text.LCD_IsReady
                0x0000097c      0x178 .\ARM_GCC_493\Debug\USBFS_Multichannel.a(LCD.o)
                0x0000097c                LCD_IsReady
 .text.LCD_WrDatNib
                0x00000af4       0x78 .\ARM_GCC_493\Debug\USBFS_Multichannel.a(LCD.o)
 .text.LCD_WrCntrlNib
                0x00000b6c       0x60 .\ARM_GCC_493\Debug\USBFS_Multichannel.a(LCD.o)
 .text.VDAC8_Init
                0x00000bcc       0x28 .\ARM_GCC_493\Debug\USBFS_Multichannel.a(VDAC8.o)
                0x00000bcc                VDAC8_Init
 .text.VDAC8_Enable
                0x00000bf4       0x34 .\ARM_GCC_493\Debug\USBFS_Multichannel.a(VDAC8.o)
                0x00000bf4                VDAC8_Enable
 .text.VDAC8_Start
                0x00000c28       0x28 .\ARM_GCC_493\Debug\USBFS_Multichannel.a(VDAC8.o)
                0x00000c28                VDAC8_Start
 .text.VDAC8_SetSpeed
                0x00000c50       0x40 .\ARM_GCC_493\Debug\USBFS_Multichannel.a(VDAC8.o)
                0x00000c50                VDAC8_SetSpeed
 .text.VDAC8_SetRange
                0x00000c90       0x40 .\ARM_GCC_493\Debug\USBFS_Multichannel.a(VDAC8.o)
                0x00000c90                VDAC8_SetRange
 .text.VDAC8_SetValue
                0x00000cd0       0x20 .\ARM_GCC_493\Debug\USBFS_Multichannel.a(VDAC8.o)
                0x00000cd0                VDAC8_SetValue
 .text.VDAC8_DacTrim
                0x00000cf0       0x3c .\ARM_GCC_493\Debug\USBFS_Multichannel.a(VDAC8.o)
                0x00000cf0                VDAC8_DacTrim
 .text.USBFS_Start
                0x00000d2c       0x38 .\ARM_GCC_493\Debug\USBFS_Multichannel.a(USBFS.o)
                0x00000d2c                USBFS_Start
 .text.USBFS_Init
                0x00000d64      0x1ac .\ARM_GCC_493\Debug\USBFS_Multichannel.a(USBFS.o)
                0x00000d64                USBFS_Init
 .text.USBFS_InitComponent
                0x00000f10      0x110 .\ARM_GCC_493\Debug\USBFS_Multichannel.a(USBFS.o)
                0x00000f10                USBFS_InitComponent
 .text.USBFS_ReInitComponent
                0x00001020       0x68 .\ARM_GCC_493\Debug\USBFS_Multichannel.a(USBFS.o)
                0x00001020                USBFS_ReInitComponent
 .text.USBFS_GetConfiguration
                0x00001088       0x18 .\ARM_GCC_493\Debug\USBFS_Multichannel.a(USBFS.o)
                0x00001088                USBFS_GetConfiguration
 .text.USBFS_IsConfigurationChanged
                0x000010a0       0x34 .\ARM_GCC_493\Debug\USBFS_Multichannel.a(USBFS.o)
                0x000010a0                USBFS_IsConfigurationChanged
 .text.USBFS_GetInterfaceSetting
                0x000010d4       0x24 .\ARM_GCC_493\Debug\USBFS_Multichannel.a(USBFS.o)
                0x000010d4                USBFS_GetInterfaceSetting
 .text.USBFS_GetEPState
                0x000010f8       0x2c .\ARM_GCC_493\Debug\USBFS_Multichannel.a(USBFS.o)
                0x000010f8                USBFS_GetEPState
 .text.USBFS_GetEPCount
                0x00001124       0x60 .\ARM_GCC_493\Debug\USBFS_Multichannel.a(USBFS.o)
                0x00001124                USBFS_GetEPCount
 .text.USBFS_InitEP_DMA
                0x00001184       0x8c .\ARM_GCC_493\Debug\USBFS_Multichannel.a(USBFS.o)
                0x00001184                USBFS_InitEP_DMA
 .text.USBFS_ReadOutEP
                0x00001210      0x110 .\ARM_GCC_493\Debug\USBFS_Multichannel.a(USBFS.o)
                0x00001210                USBFS_ReadOutEP
 .text.USBFS_EnableOutEP
                0x00001320       0x54 .\ARM_GCC_493\Debug\USBFS_Multichannel.a(USBFS.o)
                0x00001320                USBFS_EnableOutEP
 .text.USBFS_EP_0_ISR
                0x00001374       0xf8 .\ARM_GCC_493\Debug\USBFS_Multichannel.a(USBFS_drv.o)
                0x00001374                USBFS_EP_0_ISR
 .text.USBFS_HandleSetup
                0x0000146c       0x88 .\ARM_GCC_493\Debug\USBFS_Multichannel.a(USBFS_drv.o)
                0x0000146c                USBFS_HandleSetup
 .text.USBFS_HandleIN
                0x000014f4       0x4c .\ARM_GCC_493\Debug\USBFS_Multichannel.a(USBFS_drv.o)
                0x000014f4                USBFS_HandleIN
 .text.USBFS_HandleOUT
                0x00001540       0x58 .\ARM_GCC_493\Debug\USBFS_Multichannel.a(USBFS_drv.o)
                0x00001540                USBFS_HandleOUT
 .text.USBFS_LoadEP0
                0x00001598       0xd0 .\ARM_GCC_493\Debug\USBFS_Multichannel.a(USBFS_drv.o)
                0x00001598                USBFS_LoadEP0
 .text.USBFS_InitControlRead
                0x00001668       0x70 .\ARM_GCC_493\Debug\USBFS_Multichannel.a(USBFS_drv.o)
                0x00001668                USBFS_InitControlRead
 .text.USBFS_InitZeroLengthControlTransfer
                0x000016d8       0x44 .\ARM_GCC_493\Debug\USBFS_Multichannel.a(USBFS_drv.o)
                0x000016d8                USBFS_InitZeroLengthControlTransfer
 .text.USBFS_ControlReadDataStage
                0x0000171c        0xc .\ARM_GCC_493\Debug\USBFS_Multichannel.a(USBFS_drv.o)
                0x0000171c                USBFS_ControlReadDataStage
 .text.USBFS_ControlReadStatusStage
                0x00001728       0x40 .\ARM_GCC_493\Debug\USBFS_Multichannel.a(USBFS_drv.o)
                0x00001728                USBFS_ControlReadStatusStage
 .text.USBFS_InitControlWrite
                0x00001768       0x64 .\ARM_GCC_493\Debug\USBFS_Multichannel.a(USBFS_drv.o)
                0x00001768                USBFS_InitControlWrite
 .text.USBFS_ControlWriteDataStage
                0x000017cc       0xb4 .\ARM_GCC_493\Debug\USBFS_Multichannel.a(USBFS_drv.o)
                0x000017cc                USBFS_ControlWriteDataStage
 .text.USBFS_ControlWriteStatusStage
                0x00001880       0x20 .\ARM_GCC_493\Debug\USBFS_Multichannel.a(USBFS_drv.o)
                0x00001880                USBFS_ControlWriteStatusStage
 .text.USBFS_InitNoDataControlTransfer
                0x000018a0       0x38 .\ARM_GCC_493\Debug\USBFS_Multichannel.a(USBFS_drv.o)
                0x000018a0                USBFS_InitNoDataControlTransfer
 .text.USBFS_NoDataControlStatusStage
                0x000018d8       0x48 .\ARM_GCC_493\Debug\USBFS_Multichannel.a(USBFS_drv.o)
                0x000018d8                USBFS_NoDataControlStatusStage
 .text.USBFS_UpdateStatusBlock
                0x00001920       0x40 .\ARM_GCC_493\Debug\USBFS_Multichannel.a(USBFS_drv.o)
                0x00001920                USBFS_UpdateStatusBlock
 .text.USBFS_InitializeStatusBlock
                0x00001960       0x34 .\ARM_GCC_493\Debug\USBFS_Multichannel.a(USBFS_drv.o)
                0x00001960                USBFS_InitializeStatusBlock
 .text.USBFS_EP_2_ISR
                0x00001994       0x54 .\ARM_GCC_493\Debug\USBFS_Multichannel.a(USBFS_episr.o)
                0x00001994                USBFS_EP_2_ISR
 .text.USBFS_SOF_ISR
                0x000019e8        0xc .\ARM_GCC_493\Debug\USBFS_Multichannel.a(USBFS_episr.o)
                0x000019e8                USBFS_SOF_ISR
 .text.USBFS_BUS_RESET_ISR
                0x000019f4        0xc .\ARM_GCC_493\Debug\USBFS_Multichannel.a(USBFS_episr.o)
                0x000019f4                USBFS_BUS_RESET_ISR
 .text.USBFS_ARB_ISR
                0x00001a00      0x100 .\ARM_GCC_493\Debug\USBFS_Multichannel.a(USBFS_episr.o)
                0x00001a00                USBFS_ARB_ISR
 .text.USBFS_DP_ISR
                0x00001b00        0xc .\ARM_GCC_493\Debug\USBFS_Multichannel.a(USBFS_pm.o)
                0x00001b00                USBFS_DP_ISR
 .text.USBFS_HandleStandardRqst
                0x00001b0c      0x450 .\ARM_GCC_493\Debug\USBFS_Multichannel.a(USBFS_std.o)
                0x00001b0c                USBFS_HandleStandardRqst
 .text.USBFS_ConfigReg
                0x00001f5c      0x128 .\ARM_GCC_493\Debug\USBFS_Multichannel.a(USBFS_std.o)
                0x00001f5c                USBFS_ConfigReg
 .text.USBFS_Config
                0x00002084      0x318 .\ARM_GCC_493\Debug\USBFS_Multichannel.a(USBFS_std.o)
                0x00002084                USBFS_Config
 .text.USBFS_ConfigAltChanged
                0x0000239c      0x23c .\ARM_GCC_493\Debug\USBFS_Multichannel.a(USBFS_std.o)
                0x0000239c                USBFS_ConfigAltChanged
 .text.USBFS_GetConfigTablePtr
                0x000025d8       0x54 .\ARM_GCC_493\Debug\USBFS_Multichannel.a(USBFS_std.o)
                0x000025d8                USBFS_GetConfigTablePtr
 .text.USBFS_GetDeviceTablePtr
                0x0000262c       0x24 .\ARM_GCC_493\Debug\USBFS_Multichannel.a(USBFS_std.o)
                0x0000262c                USBFS_GetDeviceTablePtr
 .text.USBFS_GetInterfaceClassTablePtr
                0x00002650       0x4c .\ARM_GCC_493\Debug\USBFS_Multichannel.a(USBFS_std.o)
                0x00002650                USBFS_GetInterfaceClassTablePtr
 .text.USBFS_SetEndpointHalt
                0x0000269c       0xdc .\ARM_GCC_493\Debug\USBFS_Multichannel.a(USBFS_std.o)
                0x0000269c                USBFS_SetEndpointHalt
 .text.USBFS_ClearEndpointHalt
                0x00002778      0x130 .\ARM_GCC_493\Debug\USBFS_Multichannel.a(USBFS_std.o)
                0x00002778                USBFS_ClearEndpointHalt
 .text.USBFS_ValidateAlternateSetting
                0x000028a8       0x70 .\ARM_GCC_493\Debug\USBFS_Multichannel.a(USBFS_std.o)
                0x000028a8                USBFS_ValidateAlternateSetting
 .text.USBFS_HandleVendorRqst
                0x00002918       0x38 .\ARM_GCC_493\Debug\USBFS_Multichannel.a(USBFS_vnd.o)
                0x00002918                USBFS_HandleVendorRqst
 .text.VdacDma_DmaInitialize
                0x00002950       0x68 .\ARM_GCC_493\Debug\USBFS_Multichannel.a(VdacDma_dma.o)
                0x00002950                VdacDma_DmaInitialize
 .text.DmaDone_StartEx
                0x000029b8       0x24 .\ARM_GCC_493\Debug\USBFS_Multichannel.a(DmaDone.o)
                0x000029b8                DmaDone_StartEx
 .text.DmaDone_SetVector
                0x000029dc       0x24 .\ARM_GCC_493\Debug\USBFS_Multichannel.a(DmaDone.o)
                0x000029dc                DmaDone_SetVector
 .text.DmaDone_SetPriority
                0x00002a00       0x24 .\ARM_GCC_493\Debug\USBFS_Multichannel.a(DmaDone.o)
                0x00002a00                DmaDone_SetPriority
 .text.DmaDone_Enable
                0x00002a24       0x18 .\ARM_GCC_493\Debug\USBFS_Multichannel.a(DmaDone.o)
                0x00002a24                DmaDone_Enable
 .text.DmaDone_Disable
                0x00002a3c       0x18 .\ARM_GCC_493\Debug\USBFS_Multichannel.a(DmaDone.o)
                0x00002a3c                DmaDone_Disable
 .text.USBFS_ep2_DmaInitialize
                0x00002a54       0x68 .\ARM_GCC_493\Debug\USBFS_Multichannel.a(USBFS_ep2_dma.o)
                0x00002a54                USBFS_ep2_DmaInitialize
 .text.USBFS_Dp_ClearInterrupt
                0x00002abc       0x20 .\ARM_GCC_493\Debug\USBFS_Multichannel.a(USBFS_Dp.o)
                0x00002abc                USBFS_Dp_ClearInterrupt
 *fill*         0x00002adc        0x4 
 .text          0x00002ae0       0x20 .\ARM_GCC_493\Debug\USBFS_Multichannel.a(CyBootAsmGnu.o)
                0x00002ae0                CyDelayCycles
                0x00002af0                CyEnterCriticalSection
                0x00002af8                CyExitCriticalSection
 .text.CyDmacConfigure
                0x00002b00       0x5c .\ARM_GCC_493\Debug\USBFS_Multichannel.a(CyDmac.o)
                0x00002b00                CyDmacConfigure
 .text.CyDmaChEnable
                0x00002b5c       0x8c .\ARM_GCC_493\Debug\USBFS_Multichannel.a(CyDmac.o)
                0x00002b5c                CyDmaChEnable
 .text.CyDmaChDisable
                0x00002be8       0x64 .\ARM_GCC_493\Debug\USBFS_Multichannel.a(CyDmac.o)
                0x00002be8                CyDmaChDisable
 .text.CyDmaChPriority
                0x00002c4c       0x60 .\ARM_GCC_493\Debug\USBFS_Multichannel.a(CyDmac.o)
                0x00002c4c                CyDmaChPriority
 .text.CyDmaChSetExtendedAddress
                0x00002cac       0x7c .\ARM_GCC_493\Debug\USBFS_Multichannel.a(CyDmac.o)
                0x00002cac                CyDmaChSetExtendedAddress
 .text.CyDmaChSetInitialTd
                0x00002d28       0x3c .\ARM_GCC_493\Debug\USBFS_Multichannel.a(CyDmac.o)
                0x00002d28                CyDmaChSetInitialTd
 .text.CyDmaChSetConfiguration
                0x00002d64       0xa0 .\ARM_GCC_493\Debug\USBFS_Multichannel.a(CyDmac.o)
                0x00002d64                CyDmaChSetConfiguration
 .text.CyDmaTdAllocate
                0x00002e04       0x5c .\ARM_GCC_493\Debug\USBFS_Multichannel.a(CyDmac.o)
                0x00002e04                CyDmaTdAllocate
 .text.CyDmaTdSetConfiguration
                0x00002e60       0x80 .\ARM_GCC_493\Debug\USBFS_Multichannel.a(CyDmac.o)
                0x00002e60                CyDmaTdSetConfiguration
 .text.CyDmaTdSetAddress
                0x00002ee0       0x5c .\ARM_GCC_493\Debug\USBFS_Multichannel.a(CyDmac.o)
                0x00002ee0                CyDmaTdSetAddress
 .text.CyHalt   0x00002f3c       0x18 .\ARM_GCC_493\Debug\USBFS_Multichannel.a(CyLib.o)
                0x00002f3c                CyHalt
 .text.CyDelay  0x00002f54       0x44 .\ARM_GCC_493\Debug\USBFS_Multichannel.a(CyLib.o)
                0x00002f54                CyDelay
 .text.CyDelayUs
                0x00002f98       0x24 .\ARM_GCC_493\Debug\USBFS_Multichannel.a(CyLib.o)
                0x00002f98                CyDelayUs
 .text.CyIntSetVector
                0x00002fbc       0x50 .\ARM_GCC_493\Debug\USBFS_Multichannel.a(CyLib.o)
                0x00002fbc                CyIntSetVector
 .text.CyIntSetPriority
                0x0000300c       0x44 .\ARM_GCC_493\Debug\USBFS_Multichannel.a(CyLib.o)
                0x0000300c                CyIntSetPriority
 .text.USBFS_DispatchClassRqst
                0x00003050       0x7c .\ARM_GCC_493\Debug\USBFS_Multichannel.a(USBFS_cls.o)
                0x00003050                USBFS_DispatchClassRqst
 .text.USBFS_DispatchAUDIOClassRqst
                0x000030cc      0x1fc .\ARM_GCC_493\Debug\USBFS_Multichannel.a(USBFS_audio.o)
                0x000030cc                USBFS_DispatchAUDIOClassRqst
 .text.__libc_init_array
                0x000032c8       0x4c c:/program files (x86)/cypress/psoc creator/3.3/psoc creator/import/gnu/arm/4.9.3/bin/../lib/gcc/arm-none-eabi/4.9.3/../../../../arm-none-eabi/lib/armv7-m\libg_nano.a(lib_a-init.o)
                0x000032c8                __libc_init_array
 .text.memcpy   0x00003314       0x16 c:/program files (x86)/cypress/psoc creator/3.3/psoc creator/import/gnu/arm/4.9.3/bin/../lib/gcc/arm-none-eabi/4.9.3/../../../../arm-none-eabi/lib/armv7-m\libg_nano.a(lib_a-memcpy.o)
                0x00003314                memcpy
 .text.memset   0x0000332a       0x10 c:/program files (x86)/cypress/psoc creator/3.3/psoc creator/import/gnu/arm/4.9.3/bin/../lib/gcc/arm-none-eabi/4.9.3/../../../../arm-none-eabi/lib/armv7-m\libg_nano.a(lib_a-memset.o)
                0x0000332a                memset
 *(.plt)
 *(.gnu.warning)
 *(.glue_7t)
 .glue_7t       0x00000000        0x0 linker stubs
 *(.glue_7)
 .glue_7        0x00000000        0x0 linker stubs
 *(.vfp11_veneer)
 .vfp11_veneer  0x00000000        0x0 linker stubs
 *(.bootloader)
 *(.ARM.extab* .gnu.linkonce.armextab.*)
 *(.gcc_except_table)

.v4_bx          0x0000333c        0x0
 .v4_bx         0x00000000        0x0 linker stubs

.iplt           0x0000333c        0x0
 .iplt          0x00000000        0x0 c:/program files (x86)/cypress/psoc creator/3.3/psoc creator/import/gnu/arm/4.9.3/bin/../lib/gcc/arm-none-eabi/4.9.3/armv7-m/crtbegin.o

.eh_frame_hdr
 *(.eh_frame_hdr)

.eh_frame       0x0000333c        0x4
 *(.eh_frame)
 .eh_frame      0x0000333c        0x0 c:/program files (x86)/cypress/psoc creator/3.3/psoc creator/import/gnu/arm/4.9.3/bin/../lib/gcc/arm-none-eabi/4.9.3/armv7-m/crtbegin.o
 .eh_frame      0x0000333c        0x4 c:/program files (x86)/cypress/psoc creator/3.3/psoc creator/import/gnu/arm/4.9.3/bin/../lib/gcc/arm-none-eabi/4.9.3/armv7-m/crtend.o
                0x00003340                PROVIDE (__exidx_start, .)

.ARM.exidx
 *(.ARM.exidx* .gnu.linkonce.armexidx.*)
                0x00003340                __exidx_end = .

.rodata         0x00003340      0x350
 *(.rodata .rodata.* .gnu.linkonce.r.*)
 .rodata        0x00003340       0x28 .\ARM_GCC_493\Debug\main.o
 .rodata        0x00003368       0xac .\ARM_GCC_493\Debug\USBFS_Multichannel.a(cyfitter_cfg.o)
 .rodata        0x00003414      0x244 .\ARM_GCC_493\Debug\USBFS_Multichannel.a(USBFS_descr.o)
                0x00003414                USBFS_DEVICE0_DESCR
                0x00003428                USBFS_DEVICE0_CONFIGURATION0_DESCR
                0x00003490                USBFS_STRING_DESCRIPTORS
                0x00003604                USBFS_DEVICE0_CONFIGURATION0_EP_SETTINGS_TABLE
                0x0000360c                USBFS_DEVICE0_CONFIGURATION0_INTERFACE_CLASS
                0x00003610                USBFS_DEVICE0_CONFIGURATION0_TABLE
                0x00003638                USBFS_DEVICE0_TABLE
                0x00003650                USBFS_TABLE
                0x00003658                . = ALIGN (0x4)
 *(.init)
 .init          0x00003658        0x4 c:/program files (x86)/cypress/psoc creator/3.3/psoc creator/import/gnu/arm/4.9.3/bin/../lib/gcc/arm-none-eabi/4.9.3/armv7-m/crti.o
                0x00003658                _init
 .init          0x0000365c        0x8 c:/program files (x86)/cypress/psoc creator/3.3/psoc creator/import/gnu/arm/4.9.3/bin/../lib/gcc/arm-none-eabi/4.9.3/armv7-m/crtn.o
                0x00003664                . = ALIGN (0x4)
                0x00003664                __preinit_array_start = .
 *(.preinit_array)
                0x00003664                __preinit_array_end = .
                0x00003664                . = ALIGN (0x4)
                0x00003664                __init_array_start = .
 *(SORT(.init_array.*))
 *(.init_array)
 .init_array    0x00003664        0x4 c:/program files (x86)/cypress/psoc creator/3.3/psoc creator/import/gnu/arm/4.9.3/bin/../lib/gcc/arm-none-eabi/4.9.3/armv7-m/crtbegin.o
 .init_array    0x00003668        0x4 .\ARM_GCC_493\Debug\Cm3Start.o
                0x0000366c                __init_array_end = .
                0x0000366c                . = ALIGN (0x4)
 *(.fini)
 .fini          0x0000366c        0x4 c:/program files (x86)/cypress/psoc creator/3.3/psoc creator/import/gnu/arm/4.9.3/bin/../lib/gcc/arm-none-eabi/4.9.3/armv7-m/crti.o
                0x0000366c                _fini
 .fini          0x00003670        0x8 c:/program files (x86)/cypress/psoc creator/3.3/psoc creator/import/gnu/arm/4.9.3/bin/../lib/gcc/arm-none-eabi/4.9.3/armv7-m/crtn.o
                0x00003678                . = ALIGN (0x4)
                0x00003678                __fini_array_start = .
 *(.fini_array)
 .fini_array    0x00003678        0x4 c:/program files (x86)/cypress/psoc creator/3.3/psoc creator/import/gnu/arm/4.9.3/bin/../lib/gcc/arm-none-eabi/4.9.3/armv7-m/crtbegin.o
 *(SORT(.fini_array.*))
                0x0000367c                __fini_array_end = .
                0x0000367c                . = ALIGN (0x4)
 *crtbegin.o(.ctors)
 *(EXCLUDE_FILE(*crtend.o) .ctors)
 *(SORT(.ctors.*))
 *crtend.o(.ctors)
                0x0000367c                . = ALIGN (0x4)
 *crtbegin.o(.dtors)
 *(EXCLUDE_FILE(*crtend.o) .dtors)
 *(SORT(.dtors.*))
 *crtend.o(.dtors)
                0x0000367c                . = ALIGN (0x4)
                0x0000367c                __cy_regions = .
                0x0000367c        0x4 LONG 0x3690 __cy_region_init_ram
                0x00003680        0x4 LONG 0x1fff8108 __cy_region_start_data
                0x00003684        0x4 LONG 0x30 __cy_region_init_size_ram
                0x00003688        0x4 LONG 0x250 __cy_region_zero_size_ram
                0x0000368c                __cy_regions_end = .
                0x00003690                . = ALIGN (0x8)
 *fill*         0x0000368c        0x4 
                0x00003690                _etext = .

.cy_checksum_exclude
                0x00003690        0x0
 *(.cy_checksum_exclude)

.ramvectors     0x1fff8000      0x100
                0x1fff8000                __cy_region_start_ram = .
 *(.ramvectors)
 .ramvectors    0x1fff8000      0x100 .\ARM_GCC_493\Debug\Cm3Start.o
                0x1fff8000                CyRamVectors

.noinit         0x1fff8100        0x5
 *(.noinit)
 .noinit        0x1fff8100        0x4 .\ARM_GCC_493\Debug\Cm3Start.o
 .noinit        0x1fff8104        0x1 .\ARM_GCC_493\Debug\USBFS_Multichannel.a(CyLib.o)
                0x1fff8104                CyResetStatus

.data           0x1fff8108       0x30 load address 0x00003690
                0x1fff8108                __cy_region_start_data = .
 *(.jcr)
 .jcr           0x1fff8108        0x0 c:/program files (x86)/cypress/psoc creator/3.3/psoc creator/import/gnu/arm/4.9.3/bin/../lib/gcc/arm-none-eabi/4.9.3/armv7-m/crtbegin.o
 .jcr           0x1fff8108        0x4 c:/program files (x86)/cypress/psoc creator/3.3/psoc creator/import/gnu/arm/4.9.3/bin/../lib/gcc/arm-none-eabi/4.9.3/armv7-m/crtend.o
 *(.got.plt)
 *(.got)
 *(.shdata)
 *(.data .data.* .gnu.linkonce.d.*)
 .data          0x1fff810c        0x1 .\ARM_GCC_493\Debug\USBFS_Multichannel.a(VdacDma_dma.o)
                0x1fff810c                VdacDma_DmaHandle
 .data          0x1fff810d        0x1 .\ARM_GCC_493\Debug\USBFS_Multichannel.a(USBFS_ep2_dma.o)
                0x1fff810d                USBFS_ep2_DmaHandle
 *fill*         0x1fff810e        0x2 
 .data          0x1fff8110        0x8 .\ARM_GCC_493\Debug\USBFS_Multichannel.a(CyDmac.o)
 .data          0x1fff8118       0x10 .\ARM_GCC_493\Debug\USBFS_Multichannel.a(CyLib.o)
                0x1fff8118                cydelay_freq_hz
                0x1fff811c                cydelay_freq_khz
                0x1fff8120                cydelay_freq_mhz
                0x1fff8124                cydelay_32k_ms
 .data          0x1fff8128        0xc .\ARM_GCC_493\Debug\USBFS_Multichannel.a(USBFS_audio.o)
                0x1fff8128                USBFS_minimumVolume
                0x1fff812c                USBFS_maximumVolume
                0x1fff8130                USBFS_resolutionVolume
                0x1fff8138                . = ALIGN (0x8)
 *fill*         0x1fff8134        0x4 
 *(.ram)
                0x1fff8138                _edata = .

.igot.plt       0x1fff8138        0x0 load address 0x000036c0
 .igot.plt      0x00000000        0x0 c:/program files (x86)/cypress/psoc creator/3.3/psoc creator/import/gnu/arm/4.9.3/bin/../lib/gcc/arm-none-eabi/4.9.3/armv7-m/crtbegin.o

.bss            0x1fff8138      0x250 load address 0x000036c0
                0x1fff8138                PROVIDE (__bss_start__, .)
 *(.shbss)
 *(.bss .bss.* .gnu.linkonce.b.*)
 .bss           0x1fff8138       0x1c c:/program files (x86)/cypress/psoc creator/3.3/psoc creator/import/gnu/arm/4.9.3/bin/../lib/gcc/arm-none-eabi/4.9.3/armv7-m/crtbegin.o
 .bss           0x1fff8154        0x6 .\ARM_GCC_493\Debug\main.o
                0x1fff8154                outIndex
                0x1fff8156                inIndex
                0x1fff8158                syncDma
                0x1fff8159                syncDmaCounter
 .bss           0x1fff815a        0x2 .\ARM_GCC_493\Debug\USBFS_Multichannel.a(LCD.o)
                0x1fff815a                LCD_enableState
                0x1fff815b                LCD_initVar
 .bss           0x1fff815c        0x1 .\ARM_GCC_493\Debug\USBFS_Multichannel.a(VDAC8.o)
                0x1fff815c                VDAC8_initVar
 .bss           0x1fff815d        0x1 .\ARM_GCC_493\Debug\USBFS_Multichannel.a(USBFS.o)
                0x1fff815d                USBFS_initVar
 *fill*         0x1fff815e        0x2 
 .bss           0x1fff8160        0x4 .\ARM_GCC_493\Debug\USBFS_Multichannel.a(USBFS_std.o)
 *(COMMON)
 COMMON         0x1fff8164      0x14e .\ARM_GCC_493\Debug\main.o
                0x1fff8164                VdacOutDmaCh
                0x1fff8168                soundBuffer
                0x1fff82a8                VdacOutDmaTd
 *fill*         0x1fff82b2        0x2 
 COMMON         0x1fff82b4       0x15 .\ARM_GCC_493\Debug\USBFS_Multichannel.a(USBFS.o)
                0x1fff82b4                USBFS_DmaChan
                0x1fff82c0                USBFS_DmaTd
 *fill*         0x1fff82c9        0x3 
 COMMON         0x1fff82cc       0x98 .\ARM_GCC_493\Debug\USBFS_Multichannel.a(USBFS_drv.o)
                0x1fff82cc                USBFS_deviceAddress
                0x1fff82cd                USBFS_ep0Mode
                0x1fff82d0                USBFS_interfaceSetting
                0x1fff82d4                USBFS_currentTD
                0x1fff82e0                USBFS_device
                0x1fff82e1                USBFS_interfaceNumber
                0x1fff82e2                USBFS_ep0Toggle
                0x1fff82e3                USBFS_deviceStatus
                0x1fff82e4                USBFS_configurationChanged
                0x1fff82e5                USBFS_configuration
                0x1fff82e6                USBFS_transferState
                0x1fff82e8                USBFS_interfaceStatus
                0x1fff82ec                USBFS_interfaceClass
                0x1fff82f0                USBFS_EP
                0x1fff835c                USBFS_lastPacketSize
                0x1fff835d                USBFS_ep0Count
                0x1fff8360                USBFS_interfaceSettingLast
                0x1fff8362                USBFS_transferByteCount
 COMMON         0x1fff8364       0x21 .\ARM_GCC_493\Debug\USBFS_Multichannel.a(USBFS_audio.o)
                0x1fff8364                USBFS_currentVolume
                0x1fff8368                USBFS_currentSampleFrequency
                0x1fff8383                USBFS_frequencyChanged
                0x1fff8384                USBFS_currentMute
                0x1fff8388                . = ALIGN (0x8)
 *fill*         0x1fff8385        0x3 
 *(.ram.b)
                0x1fff8388                _end = .
                0x1fff8388                __end = .
                0x1fff8388                PROVIDE (end, .)
                0x1fff8388                PROVIDE (__bss_end__, .)
                0x00003690                __cy_region_init_ram = LOADADDR (.data)
                0x00000030                __cy_region_init_size_ram = (_edata - ADDR (.data))
                0x00000250                __cy_region_zero_size_ram = (_end - _edata)

.heap           0x1fff8388       0x80 load address 0x000036c0
                0x1fff8388                . = _end
                0x1fff8408                . = (. + 0x80)
 *fill*         0x1fff8388       0x80 
                0x1fff8408                __cy_heap_limit = .

.stack          0x20007800      0x800
                0x20007800                __cy_stack_limit = .
                0x20008000                . = (. + 0x800)
 *fill*         0x20007800      0x800 
                0x00000001                ASSERT ((__cy_stack_limit >= __cy_heap_limit), region RAM overflowed with stack)
                0x00000000                cy_checksum_exclude_size = (CY_APPL_LOADABLE == 0x1)?SIZEOF (.cy_checksum_exclude):0x0
                0x00000001                ASSERT ((cy_checksum_exclude_size <= CY_CHECKSUM_EXCLUDE_SIZE), CY_BOOT: Section .cy_checksum_exclude size exceedes specified limit.)

.cyloadermeta
 *(.cyloadermeta)

.cyloadablemeta
 *(.cyloadablemeta)

.cyconfigecc    0x80000000        0x4
 *(.cyconfigecc)
 .cyconfigecc   0x80000000        0x4 .\ARM_GCC_493\Debug\cymetadata.o
                0x80000000                cy_meta_configecc

.cycustnvl      0x90000000        0x4
 *(.cycustnvl)
 .cycustnvl     0x90000000        0x4 .\ARM_GCC_493\Debug\cymetadata.o
                0x90000000                cy_meta_custnvl

.cywolatch      0x90100000        0x4
 *(.cywolatch)
 .cywolatch     0x90100000        0x4 .\ARM_GCC_493\Debug\cymetadata.o
                0x90100000                cy_meta_wonvl

.cyeeprom       0x90200000        0x0
 *(.cyeeprom)
                0x00000001                ASSERT ((. <= ((0x90200000 + ee_offset) + ee_size)), .cyeeprom data will not fit in EEPROM)

.cyflashprotect
                0x90400000      0x100
 *(.cyflashprotect)
 .cyflashprotect
                0x90400000      0x100 .\ARM_GCC_493\Debug\cymetadata.o
                0x90400000                cy_meta_flashprotect

.cymeta         0x90500000        0xc
 *(.cymeta)
 .cymeta        0x90500000        0xc .\ARM_GCC_493\Debug\cymetadata.o
                0x90500000                cy_metadata

.rel.dyn        0x000036c0        0x0 load address 0x9050000c
 .rel.iplt      0x00000000        0x0 c:/program files (x86)/cypress/psoc creator/3.3/psoc creator/import/gnu/arm/4.9.3/bin/../lib/gcc/arm-none-eabi/4.9.3/armv7-m/crtbegin.o

.stab
 *(.stab)

.stabstr
 *(.stabstr)

.debug
 *(.debug)

.line
 *(.line)

.debug_srcinfo
 *(.debug_srcinfo)

.debug_sfnames
 *(.debug_sfnames)

.debug_aranges  0x00000000      0xaf0
 *(.debug_aranges)
 .debug_aranges
                0x00000000       0x28 .\ARM_GCC_493\Debug\main.o
 .debug_aranges
                0x00000028       0x18 .\ARM_GCC_493\Debug\cymetadata.o
 .debug_aranges
                0x00000040       0x48 .\ARM_GCC_493\Debug\Cm3Start.o
 .debug_aranges
                0x00000088       0x60 .\ARM_GCC_493\Debug\USBFS_Multichannel.a(cyfitter_cfg.o)
 .debug_aranges
                0x000000e8       0x98 .\ARM_GCC_493\Debug\USBFS_Multichannel.a(LCD.o)
 .debug_aranges
                0x00000180       0x58 .\ARM_GCC_493\Debug\USBFS_Multichannel.a(VDAC8.o)
 .debug_aranges
                0x000001d8       0xd8 .\ARM_GCC_493\Debug\USBFS_Multichannel.a(USBFS.o)
 .debug_aranges
                0x000002b0       0x98 .\ARM_GCC_493\Debug\USBFS_Multichannel.a(USBFS_drv.o)
 .debug_aranges
                0x00000348       0x38 .\ARM_GCC_493\Debug\USBFS_Multichannel.a(USBFS_episr.o)
 .debug_aranges
                0x00000380       0x40 .\ARM_GCC_493\Debug\USBFS_Multichannel.a(USBFS_pm.o)
 .debug_aranges
                0x000003c0       0x78 .\ARM_GCC_493\Debug\USBFS_Multichannel.a(USBFS_std.o)
 .debug_aranges
                0x00000438       0x20 .\ARM_GCC_493\Debug\USBFS_Multichannel.a(USBFS_vnd.o)
 .debug_aranges
                0x00000458       0x28 .\ARM_GCC_493\Debug\USBFS_Multichannel.a(VdacDma_dma.o)
 .debug_aranges
                0x00000480       0x80 .\ARM_GCC_493\Debug\USBFS_Multichannel.a(DmaDone.o)
 .debug_aranges
                0x00000500       0x28 .\ARM_GCC_493\Debug\USBFS_Multichannel.a(USBFS_ep2_dma.o)
 .debug_aranges
                0x00000528       0x48 .\ARM_GCC_493\Debug\USBFS_Multichannel.a(USBFS_Dp.o)
 .debug_aranges
                0x00000570       0x20 .\ARM_GCC_493\Debug\USBFS_Multichannel.a(CyBootAsmGnu.o)
 .debug_aranges
                0x00000590       0xd8 .\ARM_GCC_493\Debug\USBFS_Multichannel.a(CyDmac.o)
 .debug_aranges
                0x00000668      0x298 .\ARM_GCC_493\Debug\USBFS_Multichannel.a(CyLib.o)
 .debug_aranges
                0x00000900       0x98 .\ARM_GCC_493\Debug\USBFS_Multichannel.a(cyPm.o)
 .debug_aranges
                0x00000998       0x20 .\ARM_GCC_493\Debug\USBFS_Multichannel.a(USBFS_cls.o)
 .debug_aranges
                0x000009b8       0x18 .\ARM_GCC_493\Debug\USBFS_Multichannel.a(USBFS_descr.o)
 .debug_aranges
                0x000009d0       0x88 .\ARM_GCC_493\Debug\USBFS_Multichannel.a(CyFlash.o)
 .debug_aranges
                0x00000a58       0x78 .\ARM_GCC_493\Debug\USBFS_Multichannel.a(CySpc.o)
 .debug_aranges
                0x00000ad0       0x20 .\ARM_GCC_493\Debug\USBFS_Multichannel.a(USBFS_audio.o)

.debug_pubnames
 *(.debug_pubnames)

.debug_info     0x00000000     0x5bcb
 *(.debug_info .gnu.linkonce.wi.*)
 .debug_info    0x00000000      0x1c6 .\ARM_GCC_493\Debug\main.o
 .debug_info    0x000001c6      0x13a .\ARM_GCC_493\Debug\cymetadata.o
 .debug_info    0x00000300      0x319 .\ARM_GCC_493\Debug\Cm3Start.o
 .debug_info    0x00000619      0x448 .\ARM_GCC_493\Debug\USBFS_Multichannel.a(cyfitter_cfg.o)
 .debug_info    0x00000a61      0x3c8 .\ARM_GCC_493\Debug\USBFS_Multichannel.a(LCD.o)
 .debug_info    0x00000e29      0x185 .\ARM_GCC_493\Debug\USBFS_Multichannel.a(VDAC8.o)
 .debug_info    0x00000fae      0x7a1 .\ARM_GCC_493\Debug\USBFS_Multichannel.a(USBFS.o)
 .debug_info    0x0000174f      0x521 .\ARM_GCC_493\Debug\USBFS_Multichannel.a(USBFS_drv.o)
 .debug_info    0x00001c70      0x31f .\ARM_GCC_493\Debug\USBFS_Multichannel.a(USBFS_episr.o)
 .debug_info    0x00001f8f      0x186 .\ARM_GCC_493\Debug\USBFS_Multichannel.a(USBFS_pm.o)
 .debug_info    0x00002115      0x85c .\ARM_GCC_493\Debug\USBFS_Multichannel.a(USBFS_std.o)
 .debug_info    0x00002971       0xe8 .\ARM_GCC_493\Debug\USBFS_Multichannel.a(USBFS_vnd.o)
 .debug_info    0x00002a59      0x114 .\ARM_GCC_493\Debug\USBFS_Multichannel.a(VdacDma_dma.o)
 .debug_info    0x00002b6d      0x23a .\ARM_GCC_493\Debug\USBFS_Multichannel.a(DmaDone.o)
 .debug_info    0x00002da7      0x114 .\ARM_GCC_493\Debug\USBFS_Multichannel.a(USBFS_ep2_dma.o)
 .debug_info    0x00002ebb      0x171 .\ARM_GCC_493\Debug\USBFS_Multichannel.a(USBFS_Dp.o)
 .debug_info    0x0000302c       0xc3 .\ARM_GCC_493\Debug\USBFS_Multichannel.a(CyBootAsmGnu.o)
 .debug_info    0x000030ef      0x8b4 .\ARM_GCC_493\Debug\USBFS_Multichannel.a(CyDmac.o)
 .debug_info    0x000039a3      0xe36 .\ARM_GCC_493\Debug\USBFS_Multichannel.a(CyLib.o)
 .debug_info    0x000047d9      0x562 .\ARM_GCC_493\Debug\USBFS_Multichannel.a(cyPm.o)
 .debug_info    0x00004d3b      0x1bc .\ARM_GCC_493\Debug\USBFS_Multichannel.a(USBFS_cls.o)
 .debug_info    0x00004ef7      0x25b .\ARM_GCC_493\Debug\USBFS_Multichannel.a(USBFS_descr.o)
 .debug_info    0x00005152      0x3c3 .\ARM_GCC_493\Debug\USBFS_Multichannel.a(CyFlash.o)
 .debug_info    0x00005515      0x459 .\ARM_GCC_493\Debug\USBFS_Multichannel.a(CySpc.o)
 .debug_info    0x0000596e      0x25d .\ARM_GCC_493\Debug\USBFS_Multichannel.a(USBFS_audio.o)

.debug_abbrev   0x00000000     0x1b4f
 *(.debug_abbrev)
 .debug_abbrev  0x00000000       0xd8 .\ARM_GCC_493\Debug\main.o
 .debug_abbrev  0x000000d8       0x5d .\ARM_GCC_493\Debug\cymetadata.o
 .debug_abbrev  0x00000135      0x1b6 .\ARM_GCC_493\Debug\Cm3Start.o
 .debug_abbrev  0x000002eb      0x187 .\ARM_GCC_493\Debug\USBFS_Multichannel.a(cyfitter_cfg.o)
 .debug_abbrev  0x00000472      0x120 .\ARM_GCC_493\Debug\USBFS_Multichannel.a(LCD.o)
 .debug_abbrev  0x00000592       0xeb .\ARM_GCC_493\Debug\USBFS_Multichannel.a(VDAC8.o)
 .debug_abbrev  0x0000067d      0x1f9 .\ARM_GCC_493\Debug\USBFS_Multichannel.a(USBFS.o)
 .debug_abbrev  0x00000876      0x161 .\ARM_GCC_493\Debug\USBFS_Multichannel.a(USBFS_drv.o)
 .debug_abbrev  0x000009d7      0x135 .\ARM_GCC_493\Debug\USBFS_Multichannel.a(USBFS_episr.o)
 .debug_abbrev  0x00000b0c       0xd1 .\ARM_GCC_493\Debug\USBFS_Multichannel.a(USBFS_pm.o)
 .debug_abbrev  0x00000bdd      0x1c2 .\ARM_GCC_493\Debug\USBFS_Multichannel.a(USBFS_std.o)
 .debug_abbrev  0x00000d9f       0x9b .\ARM_GCC_493\Debug\USBFS_Multichannel.a(USBFS_vnd.o)
 .debug_abbrev  0x00000e3a       0x8b .\ARM_GCC_493\Debug\USBFS_Multichannel.a(VdacDma_dma.o)
 .debug_abbrev  0x00000ec5      0x172 .\ARM_GCC_493\Debug\USBFS_Multichannel.a(DmaDone.o)
 .debug_abbrev  0x00001037       0x8b .\ARM_GCC_493\Debug\USBFS_Multichannel.a(USBFS_ep2_dma.o)
 .debug_abbrev  0x000010c2       0x90 .\ARM_GCC_493\Debug\USBFS_Multichannel.a(USBFS_Dp.o)
 .debug_abbrev  0x00001152       0x14 .\ARM_GCC_493\Debug\USBFS_Multichannel.a(CyBootAsmGnu.o)
 .debug_abbrev  0x00001166      0x194 .\ARM_GCC_493\Debug\USBFS_Multichannel.a(CyDmac.o)
 .debug_abbrev  0x000012fa      0x217 .\ARM_GCC_493\Debug\USBFS_Multichannel.a(CyLib.o)
 .debug_abbrev  0x00001511      0x161 .\ARM_GCC_493\Debug\USBFS_Multichannel.a(cyPm.o)
 .debug_abbrev  0x00001672       0xc5 .\ARM_GCC_493\Debug\USBFS_Multichannel.a(USBFS_cls.o)
 .debug_abbrev  0x00001737       0xbd .\ARM_GCC_493\Debug\USBFS_Multichannel.a(USBFS_descr.o)
 .debug_abbrev  0x000017f4      0x120 .\ARM_GCC_493\Debug\USBFS_Multichannel.a(CyFlash.o)
 .debug_abbrev  0x00001914      0x16c .\ARM_GCC_493\Debug\USBFS_Multichannel.a(CySpc.o)
 .debug_abbrev  0x00001a80       0xcf .\ARM_GCC_493\Debug\USBFS_Multichannel.a(USBFS_audio.o)

.debug_line     0x00000000     0x2d73
 *(.debug_line)
 .debug_line    0x00000000      0x22b .\ARM_GCC_493\Debug\main.o
 .debug_line    0x0000022b       0x53 .\ARM_GCC_493\Debug\cymetadata.o
 .debug_line    0x0000027e      0x1d5 .\ARM_GCC_493\Debug\Cm3Start.o
 .debug_line    0x00000453      0x1f7 .\ARM_GCC_493\Debug\USBFS_Multichannel.a(cyfitter_cfg.o)
 .debug_line    0x0000064a      0x1e3 .\ARM_GCC_493\Debug\USBFS_Multichannel.a(LCD.o)
 .debug_line    0x0000082d       0xf0 .\ARM_GCC_493\Debug\USBFS_Multichannel.a(VDAC8.o)
 .debug_line    0x0000091d      0x36d .\ARM_GCC_493\Debug\USBFS_Multichannel.a(USBFS.o)
 .debug_line    0x00000c8a      0x218 .\ARM_GCC_493\Debug\USBFS_Multichannel.a(USBFS_drv.o)
 .debug_line    0x00000ea2       0xe3 .\ARM_GCC_493\Debug\USBFS_Multichannel.a(USBFS_episr.o)
 .debug_line    0x00000f85       0xe5 .\ARM_GCC_493\Debug\USBFS_Multichannel.a(USBFS_pm.o)
 .debug_line    0x0000106a      0x3f9 .\ARM_GCC_493\Debug\USBFS_Multichannel.a(USBFS_std.o)
 .debug_line    0x00001463       0x77 .\ARM_GCC_493\Debug\USBFS_Multichannel.a(USBFS_vnd.o)
 .debug_line    0x000014da       0x93 .\ARM_GCC_493\Debug\USBFS_Multichannel.a(VdacDma_dma.o)
 .debug_line    0x0000156d      0x15b .\ARM_GCC_493\Debug\USBFS_Multichannel.a(DmaDone.o)
 .debug_line    0x000016c8       0x95 .\ARM_GCC_493\Debug\USBFS_Multichannel.a(USBFS_ep2_dma.o)
 .debug_line    0x0000175d       0xbe .\ARM_GCC_493\Debug\USBFS_Multichannel.a(USBFS_Dp.o)
 .debug_line    0x0000181b       0x68 .\ARM_GCC_493\Debug\USBFS_Multichannel.a(CyBootAsmGnu.o)
 .debug_line    0x00001883      0x2b7 .\ARM_GCC_493\Debug\USBFS_Multichannel.a(CyDmac.o)
 .debug_line    0x00001b3a      0x872 .\ARM_GCC_493\Debug\USBFS_Multichannel.a(CyLib.o)
 .debug_line    0x000023ac      0x381 .\ARM_GCC_493\Debug\USBFS_Multichannel.a(cyPm.o)
 .debug_line    0x0000272d       0x91 .\ARM_GCC_493\Debug\USBFS_Multichannel.a(USBFS_cls.o)
 .debug_line    0x000027be       0x5f .\ARM_GCC_493\Debug\USBFS_Multichannel.a(USBFS_descr.o)
 .debug_line    0x0000281d      0x21a .\ARM_GCC_493\Debug\USBFS_Multichannel.a(CyFlash.o)
 .debug_line    0x00002a37      0x237 .\ARM_GCC_493\Debug\USBFS_Multichannel.a(CySpc.o)
 .debug_line    0x00002c6e      0x105 .\ARM_GCC_493\Debug\USBFS_Multichannel.a(USBFS_audio.o)

.debug_frame    0x00000000     0x2a88
 *(.debug_frame)
 .debug_frame   0x00000000       0x50 .\ARM_GCC_493\Debug\main.o
 .debug_frame   0x00000050       0xd8 .\ARM_GCC_493\Debug\Cm3Start.o
 .debug_frame   0x00000128      0x16c .\ARM_GCC_493\Debug\USBFS_Multichannel.a(cyfitter_cfg.o)
 .debug_frame   0x00000294      0x260 .\ARM_GCC_493\Debug\USBFS_Multichannel.a(LCD.o)
 .debug_frame   0x000004f4      0x130 .\ARM_GCC_493\Debug\USBFS_Multichannel.a(VDAC8.o)
 .debug_frame   0x00000624      0x3c4 .\ARM_GCC_493\Debug\USBFS_Multichannel.a(USBFS.o)
 .debug_frame   0x000009e8      0x23c .\ARM_GCC_493\Debug\USBFS_Multichannel.a(USBFS_drv.o)
 .debug_frame   0x00000c24       0xa4 .\ARM_GCC_493\Debug\USBFS_Multichannel.a(USBFS_episr.o)
 .debug_frame   0x00000cc8       0xbc .\ARM_GCC_493\Debug\USBFS_Multichannel.a(USBFS_pm.o)
 .debug_frame   0x00000d84      0x1f8 .\ARM_GCC_493\Debug\USBFS_Multichannel.a(USBFS_std.o)
 .debug_frame   0x00000f7c       0x38 .\ARM_GCC_493\Debug\USBFS_Multichannel.a(USBFS_vnd.o)
 .debug_frame   0x00000fb4       0x58 .\ARM_GCC_493\Debug\USBFS_Multichannel.a(VdacDma_dma.o)
 .debug_frame   0x0000100c      0x1e8 .\ARM_GCC_493\Debug\USBFS_Multichannel.a(DmaDone.o)
 .debug_frame   0x000011f4       0x58 .\ARM_GCC_493\Debug\USBFS_Multichannel.a(USBFS_ep2_dma.o)
 .debug_frame   0x0000124c       0xf4 .\ARM_GCC_493\Debug\USBFS_Multichannel.a(USBFS_Dp.o)
 .debug_frame   0x00001340      0x3d0 .\ARM_GCC_493\Debug\USBFS_Multichannel.a(CyDmac.o)
 .debug_frame   0x00001710      0xbe8 .\ARM_GCC_493\Debug\USBFS_Multichannel.a(CyLib.o)
 .debug_frame   0x000022f8      0x234 .\ARM_GCC_493\Debug\USBFS_Multichannel.a(cyPm.o)
 .debug_frame   0x0000252c       0x38 .\ARM_GCC_493\Debug\USBFS_Multichannel.a(USBFS_cls.o)
 .debug_frame   0x00002564      0x238 .\ARM_GCC_493\Debug\USBFS_Multichannel.a(CyFlash.o)
 .debug_frame   0x0000279c      0x1f8 .\ARM_GCC_493\Debug\USBFS_Multichannel.a(CySpc.o)
 .debug_frame   0x00002994       0x38 .\ARM_GCC_493\Debug\USBFS_Multichannel.a(USBFS_audio.o)
 .debug_frame   0x000029cc       0x20 c:/program files (x86)/cypress/psoc creator/3.3/psoc creator/import/gnu/arm/4.9.3/bin/../lib/gcc/arm-none-eabi/4.9.3/../../../../arm-none-eabi/lib/armv7-m\libg_nano.a(lib_a-errno.o)
 .debug_frame   0x000029ec       0x28 c:/program files (x86)/cypress/psoc creator/3.3/psoc creator/import/gnu/arm/4.9.3/bin/../lib/gcc/arm-none-eabi/4.9.3/../../../../arm-none-eabi/lib/armv7-m\libg_nano.a(lib_a-exit.o)
 .debug_frame   0x00002a14       0x2c c:/program files (x86)/cypress/psoc creator/3.3/psoc creator/import/gnu/arm/4.9.3/bin/../lib/gcc/arm-none-eabi/4.9.3/../../../../arm-none-eabi/lib/armv7-m\libg_nano.a(lib_a-init.o)
 .debug_frame   0x00002a40       0x28 c:/program files (x86)/cypress/psoc creator/3.3/psoc creator/import/gnu/arm/4.9.3/bin/../lib/gcc/arm-none-eabi/4.9.3/../../../../arm-none-eabi/lib/armv7-m\libg_nano.a(lib_a-memcpy.o)
 .debug_frame   0x00002a68       0x20 c:/program files (x86)/cypress/psoc creator/3.3/psoc creator/import/gnu/arm/4.9.3/bin/../lib/gcc/arm-none-eabi/4.9.3/../../../../arm-none-eabi/lib/armv7-m\libg_nano.a(lib_a-memset.o)

.debug_str      0x00000000     0x27e4
 *(.debug_str)
 .debug_str     0x00000000      0x20b .\ARM_GCC_493\Debug\main.o
                                0x24c (size before relaxing)
 .debug_str     0x0000020b       0x77 .\ARM_GCC_493\Debug\cymetadata.o
                                0x21d (size before relaxing)
 .debug_str     0x00000282      0x132 .\ARM_GCC_493\Debug\Cm3Start.o
                                0x2fe (size before relaxing)
 .debug_str     0x000003b4      0x198 .\ARM_GCC_493\Debug\USBFS_Multichannel.a(cyfitter_cfg.o)
                                0x381 (size before relaxing)
 .debug_str     0x0000054c      0x179 .\ARM_GCC_493\Debug\USBFS_Multichannel.a(LCD.o)
                                0x340 (size before relaxing)
 .debug_str     0x000006c5       0xaa .\ARM_GCC_493\Debug\USBFS_Multichannel.a(VDAC8.o)
                                0x252 (size before relaxing)
 .debug_str     0x0000076f      0x41d .\ARM_GCC_493\Debug\USBFS_Multichannel.a(USBFS.o)
                                0x5fe (size before relaxing)
 .debug_str     0x00000b8c      0x2d6 .\ARM_GCC_493\Debug\USBFS_Multichannel.a(USBFS_drv.o)
                                0x5d3 (size before relaxing)
 .debug_str     0x00000e62       0x7d .\ARM_GCC_493\Debug\USBFS_Multichannel.a(USBFS_episr.o)
                                0x34b (size before relaxing)
 .debug_str     0x00000edf       0x92 .\ARM_GCC_493\Debug\USBFS_Multichannel.a(USBFS_pm.o)
                                0x280 (size before relaxing)
 .debug_str     0x00000f71      0x262 .\ARM_GCC_493\Debug\USBFS_Multichannel.a(USBFS_std.o)
                                0x6a7 (size before relaxing)
 .debug_str     0x000011d3       0x3c .\ARM_GCC_493\Debug\USBFS_Multichannel.a(USBFS_vnd.o)
                                0x20e (size before relaxing)
 .debug_str     0x0000120f       0x9d .\ARM_GCC_493\Debug\USBFS_Multichannel.a(VdacDma_dma.o)
                                0x24a (size before relaxing)
 .debug_str     0x000012ac      0x11c .\ARM_GCC_493\Debug\USBFS_Multichannel.a(DmaDone.o)
                                0x2e9 (size before relaxing)
 .debug_str     0x000013c8       0x6a .\ARM_GCC_493\Debug\USBFS_Multichannel.a(USBFS_ep2_dma.o)
                                0x252 (size before relaxing)
 .debug_str     0x00001432       0xb2 .\ARM_GCC_493\Debug\USBFS_Multichannel.a(USBFS_Dp.o)
                                0x266 (size before relaxing)
 .debug_str     0x000014e4      0x357 .\ARM_GCC_493\Debug\USBFS_Multichannel.a(CyDmac.o)
                                0x544 (size before relaxing)
 .debug_str     0x0000183b      0x7a5 .\ARM_GCC_493\Debug\USBFS_Multichannel.a(CyLib.o)
                                0x9f9 (size before relaxing)
 .debug_str     0x00001fe0      0x367 .\ARM_GCC_493\Debug\USBFS_Multichannel.a(cyPm.o)
                                0x55e (size before relaxing)
 .debug_str     0x00002347       0x3d .\ARM_GCC_493\Debug\USBFS_Multichannel.a(USBFS_cls.o)
                                0x2aa (size before relaxing)
 .debug_str     0x00002384       0xf1 .\ARM_GCC_493\Debug\USBFS_Multichannel.a(USBFS_descr.o)
                                0x326 (size before relaxing)
 .debug_str     0x00002475      0x15f .\ARM_GCC_493\Debug\USBFS_Multichannel.a(CyFlash.o)
                                0x335 (size before relaxing)
 .debug_str     0x000025d4      0x121 .\ARM_GCC_493\Debug\USBFS_Multichannel.a(CySpc.o)
                                0x31a (size before relaxing)
 .debug_str     0x000026f5       0xef .\ARM_GCC_493\Debug\USBFS_Multichannel.a(USBFS_audio.o)
                                0x32d (size before relaxing)

.debug_loc
 *(.debug_loc)

.debug_macinfo
 *(.debug_macinfo)

.debug_ranges   0x00000000      0x940
 *(.debug_ranges)
 .debug_ranges  0x00000000       0x18 .\ARM_GCC_493\Debug\main.o
 .debug_ranges  0x00000018       0x38 .\ARM_GCC_493\Debug\Cm3Start.o
 .debug_ranges  0x00000050       0x50 .\ARM_GCC_493\Debug\USBFS_Multichannel.a(cyfitter_cfg.o)
 .debug_ranges  0x000000a0       0x88 .\ARM_GCC_493\Debug\USBFS_Multichannel.a(LCD.o)
 .debug_ranges  0x00000128       0x48 .\ARM_GCC_493\Debug\USBFS_Multichannel.a(VDAC8.o)
 .debug_ranges  0x00000170       0xc8 .\ARM_GCC_493\Debug\USBFS_Multichannel.a(USBFS.o)
 .debug_ranges  0x00000238       0x88 .\ARM_GCC_493\Debug\USBFS_Multichannel.a(USBFS_drv.o)
 .debug_ranges  0x000002c0       0x28 .\ARM_GCC_493\Debug\USBFS_Multichannel.a(USBFS_episr.o)
 .debug_ranges  0x000002e8       0x30 .\ARM_GCC_493\Debug\USBFS_Multichannel.a(USBFS_pm.o)
 .debug_ranges  0x00000318       0x68 .\ARM_GCC_493\Debug\USBFS_Multichannel.a(USBFS_std.o)
 .debug_ranges  0x00000380       0x10 .\ARM_GCC_493\Debug\USBFS_Multichannel.a(USBFS_vnd.o)
 .debug_ranges  0x00000390       0x18 .\ARM_GCC_493\Debug\USBFS_Multichannel.a(VdacDma_dma.o)
 .debug_ranges  0x000003a8       0x70 .\ARM_GCC_493\Debug\USBFS_Multichannel.a(DmaDone.o)
 .debug_ranges  0x00000418       0x18 .\ARM_GCC_493\Debug\USBFS_Multichannel.a(USBFS_ep2_dma.o)
 .debug_ranges  0x00000430       0x38 .\ARM_GCC_493\Debug\USBFS_Multichannel.a(USBFS_Dp.o)
 .debug_ranges  0x00000468       0xc8 .\ARM_GCC_493\Debug\USBFS_Multichannel.a(CyDmac.o)
 .debug_ranges  0x00000530      0x288 .\ARM_GCC_493\Debug\USBFS_Multichannel.a(CyLib.o)
 .debug_ranges  0x000007b8       0x88 .\ARM_GCC_493\Debug\USBFS_Multichannel.a(cyPm.o)
 .debug_ranges  0x00000840       0x10 .\ARM_GCC_493\Debug\USBFS_Multichannel.a(USBFS_cls.o)
 .debug_ranges  0x00000850       0x78 .\ARM_GCC_493\Debug\USBFS_Multichannel.a(CyFlash.o)
 .debug_ranges  0x000008c8       0x68 .\ARM_GCC_493\Debug\USBFS_Multichannel.a(CySpc.o)
 .debug_ranges  0x00000930       0x10 .\ARM_GCC_493\Debug\USBFS_Multichannel.a(USBFS_audio.o)

.comment        0x00000000       0x70
 .comment       0x00000000       0x70 .\ARM_GCC_493\Debug\main.o
                                 0x71 (size before relaxing)
 .comment       0x00000000       0x71 .\ARM_GCC_493\Debug\cymetadata.o
 .comment       0x00000000       0x71 .\ARM_GCC_493\Debug\Cm3Start.o
 .comment       0x00000000       0x71 .\ARM_GCC_493\Debug\USBFS_Multichannel.a(cyfitter_cfg.o)
 .comment       0x00000000       0x71 .\ARM_GCC_493\Debug\USBFS_Multichannel.a(LCD.o)
 .comment       0x00000000       0x71 .\ARM_GCC_493\Debug\USBFS_Multichannel.a(VDAC8.o)
 .comment       0x00000000       0x71 .\ARM_GCC_493\Debug\USBFS_Multichannel.a(USBFS.o)
 .comment       0x00000000       0x71 .\ARM_GCC_493\Debug\USBFS_Multichannel.a(USBFS_drv.o)
 .comment       0x00000000       0x71 .\ARM_GCC_493\Debug\USBFS_Multichannel.a(USBFS_episr.o)
 .comment       0x00000000       0x71 .\ARM_GCC_493\Debug\USBFS_Multichannel.a(USBFS_pm.o)
 .comment       0x00000000       0x71 .\ARM_GCC_493\Debug\USBFS_Multichannel.a(USBFS_std.o)
 .comment       0x00000000       0x71 .\ARM_GCC_493\Debug\USBFS_Multichannel.a(USBFS_vnd.o)
 .comment       0x00000000       0x71 .\ARM_GCC_493\Debug\USBFS_Multichannel.a(VdacDma_dma.o)
 .comment       0x00000000       0x71 .\ARM_GCC_493\Debug\USBFS_Multichannel.a(DmaDone.o)
 .comment       0x00000000       0x71 .\ARM_GCC_493\Debug\USBFS_Multichannel.a(USBFS_ep2_dma.o)
 .comment       0x00000000       0x71 .\ARM_GCC_493\Debug\USBFS_Multichannel.a(USBFS_Dp.o)
 .comment       0x00000000       0x71 .\ARM_GCC_493\Debug\USBFS_Multichannel.a(CyDmac.o)
 .comment       0x00000000       0x71 .\ARM_GCC_493\Debug\USBFS_Multichannel.a(CyLib.o)
 .comment       0x00000000       0x71 .\ARM_GCC_493\Debug\USBFS_Multichannel.a(cyPm.o)
 .comment       0x00000000       0x71 .\ARM_GCC_493\Debug\USBFS_Multichannel.a(USBFS_cls.o)
 .comment       0x00000000       0x71 .\ARM_GCC_493\Debug\USBFS_Multichannel.a(USBFS_descr.o)
 .comment       0x00000000       0x71 .\ARM_GCC_493\Debug\USBFS_Multichannel.a(CyFlash.o)
 .comment       0x00000000       0x71 .\ARM_GCC_493\Debug\USBFS_Multichannel.a(CySpc.o)
 .comment       0x00000000       0x71 .\ARM_GCC_493\Debug\USBFS_Multichannel.a(USBFS_audio.o)

.debug_weaknames
 *(.debug_weaknames)

.debug_funcnames
 *(.debug_funcnames)

.debug_typenames
 *(.debug_typenames)

.debug_varnames
 *(.debug_varnames)

.note.gnu.arm.ident
 *(.note.gnu.arm.ident)

.ARM.attributes
                0x00000000       0x29
 *(.ARM.attributes)
 .ARM.attributes
                0x00000000       0x1d c:/program files (x86)/cypress/psoc creator/3.3/psoc creator/import/gnu/arm/4.9.3/bin/../lib/gcc/arm-none-eabi/4.9.3/armv7-m/crti.o
 .ARM.attributes
                0x0000001d       0x2d c:/program files (x86)/cypress/psoc creator/3.3/psoc creator/import/gnu/arm/4.9.3/bin/../lib/gcc/arm-none-eabi/4.9.3/armv7-m/crtbegin.o
 .ARM.attributes
                0x0000004a       0x1b c:/program files (x86)/cypress/psoc creator/3.3/psoc creator/import/gnu/arm/4.9.3/bin/../lib/gcc/arm-none-eabi/4.9.3/../../../../arm-none-eabi/lib/armv7-m/crt0.o
 .ARM.attributes
                0x00000065       0x33 .\ARM_GCC_493\Debug\main.o
 .ARM.attributes
                0x00000098       0x33 .\ARM_GCC_493\Debug\cymetadata.o
 .ARM.attributes
                0x000000cb       0x33 .\ARM_GCC_493\Debug\Cm3Start.o
 .ARM.attributes
                0x000000fe       0x33 .\ARM_GCC_493\Debug\USBFS_Multichannel.a(cyfitter_cfg.o)
 .ARM.attributes
                0x00000131       0x33 .\ARM_GCC_493\Debug\USBFS_Multichannel.a(LCD.o)
 .ARM.attributes
                0x00000164       0x33 .\ARM_GCC_493\Debug\USBFS_Multichannel.a(VDAC8.o)
 .ARM.attributes
                0x00000197       0x33 .\ARM_GCC_493\Debug\USBFS_Multichannel.a(USBFS.o)
 .ARM.attributes
                0x000001ca       0x33 .\ARM_GCC_493\Debug\USBFS_Multichannel.a(USBFS_drv.o)
 .ARM.attributes
                0x000001fd       0x33 .\ARM_GCC_493\Debug\USBFS_Multichannel.a(USBFS_episr.o)
 .ARM.attributes
                0x00000230       0x33 .\ARM_GCC_493\Debug\USBFS_Multichannel.a(USBFS_pm.o)
 .ARM.attributes
                0x00000263       0x33 .\ARM_GCC_493\Debug\USBFS_Multichannel.a(USBFS_std.o)
 .ARM.attributes
                0x00000296       0x33 .\ARM_GCC_493\Debug\USBFS_Multichannel.a(USBFS_vnd.o)
 .ARM.attributes
                0x000002c9       0x33 .\ARM_GCC_493\Debug\USBFS_Multichannel.a(VdacDma_dma.o)
 .ARM.attributes
                0x000002fc       0x33 .\ARM_GCC_493\Debug\USBFS_Multichannel.a(DmaDone.o)
 .ARM.attributes
                0x0000032f       0x33 .\ARM_GCC_493\Debug\USBFS_Multichannel.a(USBFS_ep2_dma.o)
 .ARM.attributes
                0x00000362       0x33 .\ARM_GCC_493\Debug\USBFS_Multichannel.a(USBFS_Dp.o)
 .ARM.attributes
                0x00000395       0x21 .\ARM_GCC_493\Debug\USBFS_Multichannel.a(CyBootAsmGnu.o)
 .ARM.attributes
                0x000003b6       0x33 .\ARM_GCC_493\Debug\USBFS_Multichannel.a(CyDmac.o)
 .ARM.attributes
                0x000003e9       0x33 .\ARM_GCC_493\Debug\USBFS_Multichannel.a(CyLib.o)
 .ARM.attributes
                0x0000041c       0x33 .\ARM_GCC_493\Debug\USBFS_Multichannel.a(cyPm.o)
 .ARM.attributes
                0x0000044f       0x33 .\ARM_GCC_493\Debug\USBFS_Multichannel.a(USBFS_cls.o)
 .ARM.attributes
                0x00000482       0x33 .\ARM_GCC_493\Debug\USBFS_Multichannel.a(USBFS_descr.o)
 .ARM.attributes
                0x000004b5       0x33 .\ARM_GCC_493\Debug\USBFS_Multichannel.a(CyFlash.o)
 .ARM.attributes
                0x000004e8       0x33 .\ARM_GCC_493\Debug\USBFS_Multichannel.a(CySpc.o)
 .ARM.attributes
                0x0000051b       0x33 .\ARM_GCC_493\Debug\USBFS_Multichannel.a(USBFS_audio.o)
 .ARM.attributes
                0x0000054e       0x2d c:/program files (x86)/cypress/psoc creator/3.3/psoc creator/import/gnu/arm/4.9.3/bin/../lib/gcc/arm-none-eabi/4.9.3/../../../../arm-none-eabi/lib/armv7-m\libg_nano.a(lib_a-errno.o)
 .ARM.attributes
                0x0000057b       0x2d c:/program files (x86)/cypress/psoc creator/3.3/psoc creator/import/gnu/arm/4.9.3/bin/../lib/gcc/arm-none-eabi/4.9.3/../../../../arm-none-eabi/lib/armv7-m\libg_nano.a(lib_a-exit.o)
 .ARM.attributes
                0x000005a8       0x2d c:/program files (x86)/cypress/psoc creator/3.3/psoc creator/import/gnu/arm/4.9.3/bin/../lib/gcc/arm-none-eabi/4.9.3/../../../../arm-none-eabi/lib/armv7-m\libg_nano.a(lib_a-impure.o)
 .ARM.attributes
                0x000005d5       0x2d c:/program files (x86)/cypress/psoc creator/3.3/psoc creator/import/gnu/arm/4.9.3/bin/../lib/gcc/arm-none-eabi/4.9.3/../../../../arm-none-eabi/lib/armv7-m\libg_nano.a(lib_a-init.o)
 .ARM.attributes
                0x00000602       0x2d c:/program files (x86)/cypress/psoc creator/3.3/psoc creator/import/gnu/arm/4.9.3/bin/../lib/gcc/arm-none-eabi/4.9.3/../../../../arm-none-eabi/lib/armv7-m\libg_nano.a(lib_a-memcpy.o)
 .ARM.attributes
                0x0000062f       0x2d c:/program files (x86)/cypress/psoc creator/3.3/psoc creator/import/gnu/arm/4.9.3/bin/../lib/gcc/arm-none-eabi/4.9.3/../../../../arm-none-eabi/lib/armv7-m\libg_nano.a(lib_a-memset.o)
 .ARM.attributes
                0x0000065c       0x2d c:/program files (x86)/cypress/psoc creator/3.3/psoc creator/import/gnu/arm/4.9.3/bin/../lib/gcc/arm-none-eabi/4.9.3/armv7-m/crtend.o
 .ARM.attributes
                0x00000689       0x1d c:/program files (x86)/cypress/psoc creator/3.3/psoc creator/import/gnu/arm/4.9.3/bin/../lib/gcc/arm-none-eabi/4.9.3/armv7-m/crtn.o

/DISCARD/
 *(.note.GNU-stack)
OUTPUT(.\ARM_GCC_493\Debug\USBFS_Multichannel.elf elf32-littlearm)
