Archive member included because of file (symbol)

.\ARM_GCC_493\Debug\USBFS_AUDIO_PSoC3_5LP_Example.a(cyfitter_cfg.o)
                              .\ARM_GCC_493\Debug\Cm3Start.o (cyfitter_cfg)
.\ARM_GCC_493\Debug\USBFS_AUDIO_PSoC3_5LP_Example.a(LCD.o)
                              .\ARM_GCC_493\Debug\main.o (LCD_Start)
.\ARM_GCC_493\Debug\USBFS_AUDIO_PSoC3_5LP_Example.a(VDAC8.o)
                              .\ARM_GCC_493\Debug\main.o (VDAC8_Start)
.\ARM_GCC_493\Debug\USBFS_AUDIO_PSoC3_5LP_Example.a(USBFS.o)
                              .\ARM_GCC_493\Debug\main.o (USBFS_Start)
.\ARM_GCC_493\Debug\USBFS_AUDIO_PSoC3_5LP_Example.a(USBFS_drv.o)
                              .\ARM_GCC_493\Debug\USBFS_AUDIO_PSoC3_5LP_Example.a(USBFS.o) (USBFS_EP)
.\ARM_GCC_493\Debug\USBFS_AUDIO_PSoC3_5LP_Example.a(USBFS_episr.o)
                              .\ARM_GCC_493\Debug\USBFS_AUDIO_PSoC3_5LP_Example.a(USBFS.o) (USBFS_EP_1_ISR)
.\ARM_GCC_493\Debug\USBFS_AUDIO_PSoC3_5LP_Example.a(USBFS_pm.o)
                              .\ARM_GCC_493\Debug\USBFS_AUDIO_PSoC3_5LP_Example.a(USBFS.o) (USBFS_DP_ISR)
.\ARM_GCC_493\Debug\USBFS_AUDIO_PSoC3_5LP_Example.a(USBFS_std.o)
                              .\ARM_GCC_493\Debug\USBFS_AUDIO_PSoC3_5LP_Example.a(USBFS_drv.o) (USBFS_HandleStandardRqst)
.\ARM_GCC_493\Debug\USBFS_AUDIO_PSoC3_5LP_Example.a(USBFS_vnd.o)
                              .\ARM_GCC_493\Debug\USBFS_AUDIO_PSoC3_5LP_Example.a(USBFS_drv.o) (USBFS_HandleVendorRqst)
.\ARM_GCC_493\Debug\USBFS_AUDIO_PSoC3_5LP_Example.a(VdacDma_dma.o)
                              .\ARM_GCC_493\Debug\main.o (VdacDma_DmaInitialize)
.\ARM_GCC_493\Debug\USBFS_AUDIO_PSoC3_5LP_Example.a(DmaDone.o)
                              .\ARM_GCC_493\Debug\main.o (DmaDone_Disable)
.\ARM_GCC_493\Debug\USBFS_AUDIO_PSoC3_5LP_Example.a(USBFS_Dp.o)
                              .\ARM_GCC_493\Debug\USBFS_AUDIO_PSoC3_5LP_Example.a(USBFS_pm.o) (USBFS_Dp_ClearInterrupt)
.\ARM_GCC_493\Debug\USBFS_AUDIO_PSoC3_5LP_Example.a(CyBootAsmGnu.o)
                              .\ARM_GCC_493\Debug\USBFS_AUDIO_PSoC3_5LP_Example.a(cyfitter_cfg.o) (CyDelayCycles)
.\ARM_GCC_493\Debug\USBFS_AUDIO_PSoC3_5LP_Example.a(CyDmac.o)
                              .\ARM_GCC_493\Debug\Cm3Start.o (CyDmacConfigure)
.\ARM_GCC_493\Debug\USBFS_AUDIO_PSoC3_5LP_Example.a(CyLib.o)
                              .\ARM_GCC_493\Debug\Cm3Start.o (CyResetStatus)
.\ARM_GCC_493\Debug\USBFS_AUDIO_PSoC3_5LP_Example.a(cyPm.o)
                              .\ARM_GCC_493\Debug\USBFS_AUDIO_PSoC3_5LP_Example.a(CyLib.o) (CyPmReadStatus)
.\ARM_GCC_493\Debug\USBFS_AUDIO_PSoC3_5LP_Example.a(USBFS_ep6_dma.o)
                              .\ARM_GCC_493\Debug\USBFS_AUDIO_PSoC3_5LP_Example.a(USBFS.o) (USBFS_ep6_DmaInitialize)
.\ARM_GCC_493\Debug\USBFS_AUDIO_PSoC3_5LP_Example.a(USBFS_ep1_dma.o)
                              .\ARM_GCC_493\Debug\USBFS_AUDIO_PSoC3_5LP_Example.a(USBFS.o) (USBFS_ep1_DmaInitialize)
.\ARM_GCC_493\Debug\USBFS_AUDIO_PSoC3_5LP_Example.a(USBFS_cls.o)
                              .\ARM_GCC_493\Debug\USBFS_AUDIO_PSoC3_5LP_Example.a(USBFS_drv.o) (USBFS_DispatchClassRqst)
.\ARM_GCC_493\Debug\USBFS_AUDIO_PSoC3_5LP_Example.a(USBFS_descr.o)
                              .\ARM_GCC_493\Debug\USBFS_AUDIO_PSoC3_5LP_Example.a(USBFS_std.o) (USBFS_STRING_DESCRIPTORS)
.\ARM_GCC_493\Debug\USBFS_AUDIO_PSoC3_5LP_Example.a(CyFlash.o)
                              .\ARM_GCC_493\Debug\USBFS_AUDIO_PSoC3_5LP_Example.a(cyPm.o) (CyFlash_SetWaitCycles)
.\ARM_GCC_493\Debug\USBFS_AUDIO_PSoC3_5LP_Example.a(CySpc.o)
                              .\ARM_GCC_493\Debug\USBFS_AUDIO_PSoC3_5LP_Example.a(CyFlash.o) (CySpcStart)
.\ARM_GCC_493\Debug\USBFS_AUDIO_PSoC3_5LP_Example.a(USBFS_audio.o)
                              .\ARM_GCC_493\Debug\USBFS_AUDIO_PSoC3_5LP_Example.a(USBFS_cls.o) (USBFS_DispatchAUDIOClassRqst)
c:/program files (x86)/cypress/psoc creator/3.3/psoc creator/import/gnu/arm/4.9.3/bin/../lib/gcc/arm-none-eabi/4.9.3/../../../../arm-none-eabi/lib/armv7-m\libg_nano.a(lib_a-errno.o)
                              .\ARM_GCC_493\Debug\Cm3Start.o (__errno)
c:/program files (x86)/cypress/psoc creator/3.3/psoc creator/import/gnu/arm/4.9.3/bin/../lib/gcc/arm-none-eabi/4.9.3/../../../../arm-none-eabi/lib/armv7-m\libg_nano.a(lib_a-exit.o)
                              c:/program files (x86)/cypress/psoc creator/3.3/psoc creator/import/gnu/arm/4.9.3/bin/../lib/gcc/arm-none-eabi/4.9.3/../../../../arm-none-eabi/lib/armv7-m/crt0.o (exit)
c:/program files (x86)/cypress/psoc creator/3.3/psoc creator/import/gnu/arm/4.9.3/bin/../lib/gcc/arm-none-eabi/4.9.3/../../../../arm-none-eabi/lib/armv7-m\libg_nano.a(lib_a-impure.o)
                              c:/program files (x86)/cypress/psoc creator/3.3/psoc creator/import/gnu/arm/4.9.3/bin/../lib/gcc/arm-none-eabi/4.9.3/../../../../arm-none-eabi/lib/armv7-m\libg_nano.a(lib_a-exit.o) (_global_impure_ptr)
[...]
Memory Configuration

Name             Origin             Length             Attributes
rom              0x00000000         0x00040000         xr
ram              0x1fff8000         0x00010000         xrw
*default*        0x00000000         0xffffffff

Linker script and memory map

LOAD c:/program files (x86)/cypress/psoc creator/3.3/psoc creator/import/gnu/arm/4.9.3/bin/../lib/gcc/arm-none-eabi/4.9.3/armv7-m/crti.o
LOAD c:/program files (x86)/cypress/psoc creator/3.3/psoc creator/import/gnu/arm/4.9.3/bin/../lib/gcc/arm-none-eabi/4.9.3/armv7-m/crtbegin.o
LOAD c:/program files (x86)/cypress/psoc creator/3.3/psoc creator/import/gnu/arm/4.9.3/bin/../lib/gcc/arm-none-eabi/4.9.3/../../../../arm-none-eabi/lib/armv7-m/crt0.o
START GROUP
LOAD .\ARM_GCC_493\Debug\main.o
LOAD .\ARM_GCC_493\Debug\cymetadata.o
LOAD .\ARM_GCC_493\Debug\Cm3Start.o
LOAD .\ARM_GCC_493\Debug\USBFS_AUDIO_PSoC3_5LP_Example.a
LOAD C:\Program Files (x86)\Cypress\PSoC Creator\3.3\PSoC Creator\psoc\content\cycomponentlibrary\CyComponentLibrary.cylib\CortexM3\ARM_GCC_493\Debug\CyComponentLibrary.a
END GROUP
START GROUP
LOAD c:/program files (x86)/cypress/psoc creator/3.3/psoc creator/import/gnu/arm/4.9.3/bin/../lib/gcc/arm-none-eabi/4.9.3/armv7-m\libgcc.a
LOAD c:/program files (x86)/cypress/psoc creator/3.3/psoc creator/import/gnu/arm/4.9.3/bin/../lib/gcc/arm-none-eabi/4.9.3/../../../../arm-none-eabi/lib/armv7-m\libg_nano.a
LOAD c:/program files (x86)/cypress/psoc creator/3.3/psoc creator/import/gnu/arm/4.9.3/bin/../lib/gcc/arm-none-eabi/4.9.3/../../../../arm-none-eabi/lib/armv7-m\libc_nano.a
END GROUP
START GROUP
LOAD c:/program files (x86)/cypress/psoc creator/3.3/psoc creator/import/gnu/arm/4.9.3/bin/../lib/gcc/arm-none-eabi/4.9.3/armv7-m\libgcc.a
LOAD c:/program files (x86)/cypress/psoc creator/3.3/psoc creator/import/gnu/arm/4.9.3/bin/../lib/gcc/arm-none-eabi/4.9.3/../../../../arm-none-eabi/lib/armv7-m\libc_nano.a
END GROUP
LOAD c:/program files (x86)/cypress/psoc creator/3.3/psoc creator/import/gnu/arm/4.9.3/bin/../lib/gcc/arm-none-eabi/4.9.3/armv7-m/crtend.o
LOAD c:/program files (x86)/cypress/psoc creator/3.3/psoc creator/import/gnu/arm/4.9.3/bin/../lib/gcc/arm-none-eabi/4.9.3/armv7-m/crtn.o
START GROUP
LOAD c:/program files (x86)/cypress/psoc creator/3.3/psoc creator/import/gnu/arm/4.9.3/bin/../lib/gcc/arm-none-eabi/4.9.3/armv7-m\libgcc.a
LOAD c:/program files (x86)/cypress/psoc creator/3.3/psoc creator/import/gnu/arm/4.9.3/bin/../lib/gcc/arm-none-eabi/4.9.3/../../../../arm-none-eabi/lib/armv7-m\libc.a
LOAD c:/program files (x86)/cypress/psoc creator/3.3/psoc creator/import/gnu/arm/4.9.3/bin/../lib/gcc/arm-none-eabi/4.9.3/../../../../arm-none-eabi/lib/armv7-m\libnosys.a
END GROUP
                0x00000000                CY_APPL_ORIGIN = 0x0
                0x00000100                CY_FLASH_ROW_SIZE = 0x100
                0x00000020                CY_ECC_ROW_SIZE = 0x20
                0x00000000                CY_EE_IN_BTLDR = 0x0
                0x00000000                CY_APPL_LOADABLE = 0x0
                0x00000800                CY_EE_SIZE = 0x800
                0x00000001                CY_APPL_NUM = 0x1
                0x00000001                CY_APPL_MAX = 0x1
                0x00000040                CY_METADATA_SIZE = 0x40
                0x00000000                CY_APPL_LOADABLE = 0x0
                0x00000000                CY_CHECKSUM_EXCLUDE_SIZE = ALIGN (0x0, CY_FLASH_ROW_SIZE)
                0x1fff8388                PROVIDE (__cy_heap_start, _end)
                0x00000001                PROVIDE (__cy_region_num, ((__cy_regions_end - __cy_regions) / 0x10))
                0x20008000                PROVIDE (__cy_stack, (ORIGIN (ram) + 0x10000))
                0x20007800                PROVIDE (__cy_heap_end, (__cy_stack - 0x800))

.cybootloader   0x00000000        0x0
 *(.cybootloader)
                0x00000000                appl1_start = CY_APPL_ORIGIN?CY_APPL_ORIGIN:ALIGN (CY_FLASH_ROW_SIZE)
                0x0001ff00                appl2_start = (appl1_start + ALIGN ((((0x40000 - appl1_start) - (0x2 * CY_FLASH_ROW_SIZE)) / 0x2), CY_FLASH_ROW_SIZE))
                0x00000000                appl_start = (CY_APPL_NUM == 0x1)?appl1_start:appl2_start
                0x00000000                ecc_offset = ((appl_start / CY_FLASH_ROW_SIZE) * CY_ECC_ROW_SIZE)
                0x00000000                ee_offset = (CY_APPL_LOADABLE && ! (CY_EE_IN_BTLDR))?((CY_EE_SIZE / CY_APPL_MAX) * (CY_APPL_NUM - 0x1)):0x0
                0x00000800                ee_size = (CY_APPL_LOADABLE && ! (CY_EE_IN_BTLDR))?(CY_EE_SIZE / CY_APPL_MAX):CY_EE_SIZE
                0x00000000                PROVIDE (CY_ECC_OFFSET, ecc_offset)

.text           0x00000000     0x3442
 CREATE_OBJECT_SYMBOLS
                0x00000000                PROVIDE (__cy_interrupt_vector, RomVectors)
 *(.romvectors)
 .romvectors    0x00000000       0x10 .\ARM_GCC_493\Debug\Cm3Start.o
                0x00000000                RomVectors
                0x00000001                ASSERT ((. != __cy_interrupt_vector), No interrupt vector)
                0x00000001                ASSERT (CY_APPL_ORIGIN?(SIZEOF (.cybootloader) <= CY_APPL_ORIGIN):0x1, Wrong image location)
                0x00000010                PROVIDE (__cy_reset, Reset)
 *(.text.Reset)
 .text.Reset    0x00000010       0x18 .\ARM_GCC_493\Debug\Cm3Start.o
                0x00000010                Reset
                0x00000001                ASSERT ((. != __cy_reset), No reset code)
 *(.dma_init)
                0x00000001                ASSERT ((((appl_start + .) <= 0x10000) || 0x1), DMA Init must be within the first 64k of flash)
 *(.text .text.* .gnu.linkonce.t.*)
 .text          0x00000028       0x5c c:/program files (x86)/cypress/psoc creator/3.3/psoc creator/import/gnu/arm/4.9.3/bin/../lib/gcc/arm-none-eabi/4.9.3/armv7-m/crtbegin.o
 .text.main     0x00000084      0x23c .\ARM_GCC_493\Debug\main.o
                0x00000084                main
 .text.VdacDmaDone
                0x000002c0       0x68 .\ARM_GCC_493\Debug\main.o
                0x000002c0                VdacDmaDone
 .text.IntDefaultHandler
                0x00000328        0x8 .\ARM_GCC_493\Debug\Cm3Start.o
                0x00000328                IntDefaultHandler
 .text.Start_c  0x00000330       0x98 .\ARM_GCC_493\Debug\Cm3Start.o
                0x00000330                Start_c
 .text.initialize_psoc
                0x000003c8       0x90 .\ARM_GCC_493\Debug\Cm3Start.o
                0x000003c8                initialize_psoc
 .text.CYMEMZERO
                0x00000458       0x1c .\ARM_GCC_493\Debug\USBFS_AUDIO_PSoC3_5LP_Example.a(cyfitter_cfg.o)
 .text.CYCONFIGCPY
                0x00000474       0x1c .\ARM_GCC_493\Debug\USBFS_AUDIO_PSoC3_5LP_Example.a(cyfitter_cfg.o)
 .text.CYCONFIGCPYCODE
                0x00000490       0x1c .\ARM_GCC_493\Debug\USBFS_AUDIO_PSoC3_5LP_Example.a(cyfitter_cfg.o)
 .text.CyClockStartupError
                0x000004ac        0xc .\ARM_GCC_493\Debug\USBFS_AUDIO_PSoC3_5LP_Example.a(cyfitter_cfg.o)
 .text.cfg_write_bytes32
                0x000004b8       0x74 .\ARM_GCC_493\Debug\USBFS_AUDIO_PSoC3_5LP_Example.a(cyfitter_cfg.o)
 .text.ClockSetup
                0x0000052c      0x104 .\ARM_GCC_493\Debug\USBFS_AUDIO_PSoC3_5LP_Example.a(cyfitter_cfg.o)
 .text.AnalogSetDefault
                0x00000630       0x58 .\ARM_GCC_493\Debug\USBFS_AUDIO_PSoC3_5LP_Example.a(cyfitter_cfg.o)
 .text.cyfitter_cfg
                0x00000688      0x154 .\ARM_GCC_493\Debug\USBFS_AUDIO_PSoC3_5LP_Example.a(cyfitter_cfg.o)
                0x00000688                cyfitter_cfg
 .text.LCD_Init
                0x000007dc       0x6c .\ARM_GCC_493\Debug\USBFS_AUDIO_PSoC3_5LP_Example.a(LCD.o)
                0x000007dc                LCD_Init
 .text.LCD_Enable
                0x00000848       0x18 .\ARM_GCC_493\Debug\USBFS_AUDIO_PSoC3_5LP_Example.a(LCD.o)
                0x00000848                LCD_Enable
 .text.LCD_Start
                0x00000860       0x20 .\ARM_GCC_493\Debug\USBFS_AUDIO_PSoC3_5LP_Example.a(LCD.o)
                0x00000860                LCD_Start
 .text.LCD_Position
                0x00000880       0x6c .\ARM_GCC_493\Debug\USBFS_AUDIO_PSoC3_5LP_Example.a(LCD.o)
                0x00000880                LCD_Position
 .text.LCD_PrintString
                0x000008ec       0x38 .\ARM_GCC_493\Debug\USBFS_AUDIO_PSoC3_5LP_Example.a(LCD.o)
                0x000008ec                LCD_PrintString
 .text.LCD_WriteData
                0x00000924       0x34 .\ARM_GCC_493\Debug\USBFS_AUDIO_PSoC3_5LP_Example.a(LCD.o)
                0x00000924                LCD_WriteData
 .text.LCD_WriteControl
                0x00000958       0x34 .\ARM_GCC_493\Debug\USBFS_AUDIO_PSoC3_5LP_Example.a(LCD.o)
                0x00000958                LCD_WriteControl
 .text.LCD_IsReady
                0x0000098c      0x178 .\ARM_GCC_493\Debug\USBFS_AUDIO_PSoC3_5LP_Example.a(LCD.o)
                0x0000098c                LCD_IsReady
 .text.LCD_WrDatNib
                0x00000b04       0x78 .\ARM_GCC_493\Debug\USBFS_AUDIO_PSoC3_5LP_Example.a(LCD.o)
 .text.LCD_WrCntrlNib
                0x00000b7c       0x60 .\ARM_GCC_493\Debug\USBFS_AUDIO_PSoC3_5LP_Example.a(LCD.o)
 .text.VDAC8_Init
                0x00000bdc       0x28 .\ARM_GCC_493\Debug\USBFS_AUDIO_PSoC3_5LP_Example.a(VDAC8.o)
                0x00000bdc                VDAC8_Init
 .text.VDAC8_Enable
                0x00000c04       0x34 .\ARM_GCC_493\Debug\USBFS_AUDIO_PSoC3_5LP_Example.a(VDAC8.o)
                0x00000c04                VDAC8_Enable
 .text.VDAC8_Start
                0x00000c38       0x28 .\ARM_GCC_493\Debug\USBFS_AUDIO_PSoC3_5LP_Example.a(VDAC8.o)
                0x00000c38                VDAC8_Start
 .text.VDAC8_SetSpeed
                0x00000c60       0x40 .\ARM_GCC_493\Debug\USBFS_AUDIO_PSoC3_5LP_Example.a(VDAC8.o)
                0x00000c60                VDAC8_SetSpeed
 .text.VDAC8_SetRange
                0x00000ca0       0x40 .\ARM_GCC_493\Debug\USBFS_AUDIO_PSoC3_5LP_Example.a(VDAC8.o)
                0x00000ca0                VDAC8_SetRange
 .text.VDAC8_SetValue
                0x00000ce0       0x20 .\ARM_GCC_493\Debug\USBFS_AUDIO_PSoC3_5LP_Example.a(VDAC8.o)
                0x00000ce0                VDAC8_SetValue
 .text.VDAC8_DacTrim
                0x00000d00       0x3c .\ARM_GCC_493\Debug\USBFS_AUDIO_PSoC3_5LP_Example.a(VDAC8.o)
                0x00000d00                VDAC8_DacTrim
 .text.USBFS_Start
                0x00000d3c       0x38 .\ARM_GCC_493\Debug\USBFS_AUDIO_PSoC3_5LP_Example.a(USBFS.o)
                0x00000d3c                USBFS_Start
 .text.USBFS_Init
                0x00000d74      0x1c0 .\ARM_GCC_493\Debug\USBFS_AUDIO_PSoC3_5LP_Example.a(USBFS.o)
                0x00000d74                USBFS_Init
 .text.USBFS_InitComponent
                0x00000f34      0x114 .\ARM_GCC_493\Debug\USBFS_AUDIO_PSoC3_5LP_Example.a(USBFS.o)
                0x00000f34                USBFS_InitComponent
 .text.USBFS_ReInitComponent
                0x00001048       0x68 .\ARM_GCC_493\Debug\USBFS_AUDIO_PSoC3_5LP_Example.a(USBFS.o)
                0x00001048                USBFS_ReInitComponent
 .text.USBFS_GetConfiguration
                0x000010b0       0x18 .\ARM_GCC_493\Debug\USBFS_AUDIO_PSoC3_5LP_Example.a(USBFS.o)
                0x000010b0                USBFS_GetConfiguration
 .text.USBFS_IsConfigurationChanged
                0x000010c8       0x34 .\ARM_GCC_493\Debug\USBFS_AUDIO_PSoC3_5LP_Example.a(USBFS.o)
                0x000010c8                USBFS_IsConfigurationChanged
 .text.USBFS_GetInterfaceSetting
                0x000010fc       0x24 .\ARM_GCC_493\Debug\USBFS_AUDIO_PSoC3_5LP_Example.a(USBFS.o)
                0x000010fc                USBFS_GetInterfaceSetting
 .text.USBFS_GetEPState
                0x00001120       0x2c .\ARM_GCC_493\Debug\USBFS_AUDIO_PSoC3_5LP_Example.a(USBFS.o)
                0x00001120                USBFS_GetEPState
 .text.USBFS_GetEPCount
                0x0000114c       0x60 .\ARM_GCC_493\Debug\USBFS_AUDIO_PSoC3_5LP_Example.a(USBFS.o)
                0x0000114c                USBFS_GetEPCount
 .text.USBFS_InitEP_DMA
                0x000011ac       0xa8 .\ARM_GCC_493\Debug\USBFS_AUDIO_PSoC3_5LP_Example.a(USBFS.o)
                0x000011ac                USBFS_InitEP_DMA
 .text.USBFS_ReadOutEP
                0x00001254      0x110 .\ARM_GCC_493\Debug\USBFS_AUDIO_PSoC3_5LP_Example.a(USBFS.o)
                0x00001254                USBFS_ReadOutEP
 .text.USBFS_EnableOutEP
                0x00001364       0x54 .\ARM_GCC_493\Debug\USBFS_AUDIO_PSoC3_5LP_Example.a(USBFS.o)
                0x00001364                USBFS_EnableOutEP
 .text.USBFS_EP_0_ISR
                0x000013b8       0xf8 .\ARM_GCC_493\Debug\USBFS_AUDIO_PSoC3_5LP_Example.a(USBFS_drv.o)
                0x000013b8                USBFS_EP_0_ISR
 .text.USBFS_HandleSetup
                0x000014b0       0x88 .\ARM_GCC_493\Debug\USBFS_AUDIO_PSoC3_5LP_Example.a(USBFS_drv.o)
                0x000014b0                USBFS_HandleSetup
 .text.USBFS_HandleIN
                0x00001538       0x4c .\ARM_GCC_493\Debug\USBFS_AUDIO_PSoC3_5LP_Example.a(USBFS_drv.o)
                0x00001538                USBFS_HandleIN
 .text.USBFS_HandleOUT
                0x00001584       0x58 .\ARM_GCC_493\Debug\USBFS_AUDIO_PSoC3_5LP_Example.a(USBFS_drv.o)
                0x00001584                USBFS_HandleOUT
 .text.USBFS_LoadEP0
                0x000015dc       0xd0 .\ARM_GCC_493\Debug\USBFS_AUDIO_PSoC3_5LP_Example.a(USBFS_drv.o)
                0x000015dc                USBFS_LoadEP0
 .text.USBFS_InitControlRead
                0x000016ac       0x70 .\ARM_GCC_493\Debug\USBFS_AUDIO_PSoC3_5LP_Example.a(USBFS_drv.o)
                0x000016ac                USBFS_InitControlRead
 .text.USBFS_InitZeroLengthControlTransfer
                0x0000171c       0x44 .\ARM_GCC_493\Debug\USBFS_AUDIO_PSoC3_5LP_Example.a(USBFS_drv.o)
                0x0000171c                USBFS_InitZeroLengthControlTransfer
 .text.USBFS_ControlReadDataStage
                0x00001760        0xc .\ARM_GCC_493\Debug\USBFS_AUDIO_PSoC3_5LP_Example.a(USBFS_drv.o)
                0x00001760                USBFS_ControlReadDataStage
 .text.USBFS_ControlReadStatusStage
                0x0000176c       0x40 .\ARM_GCC_493\Debug\USBFS_AUDIO_PSoC3_5LP_Example.a(USBFS_drv.o)
                0x0000176c                USBFS_ControlReadStatusStage
 .text.USBFS_InitControlWrite
                0x000017ac       0x64 .\ARM_GCC_493\Debug\USBFS_AUDIO_PSoC3_5LP_Example.a(USBFS_drv.o)
                0x000017ac                USBFS_InitControlWrite
 .text.USBFS_ControlWriteDataStage
                0x00001810       0xb4 .\ARM_GCC_493\Debug\USBFS_AUDIO_PSoC3_5LP_Example.a(USBFS_drv.o)
                0x00001810                USBFS_ControlWriteDataStage
 .text.USBFS_ControlWriteStatusStage
                0x000018c4       0x20 .\ARM_GCC_493\Debug\USBFS_AUDIO_PSoC3_5LP_Example.a(USBFS_drv.o)
                0x000018c4                USBFS_ControlWriteStatusStage
 .text.USBFS_InitNoDataControlTransfer
                0x000018e4       0x38 .\ARM_GCC_493\Debug\USBFS_AUDIO_PSoC3_5LP_Example.a(USBFS_drv.o)
                0x000018e4                USBFS_InitNoDataControlTransfer
 .text.USBFS_NoDataControlStatusStage
                0x0000191c       0x48 .\ARM_GCC_493\Debug\USBFS_AUDIO_PSoC3_5LP_Example.a(USBFS_drv.o)
                0x0000191c                USBFS_NoDataControlStatusStage
 .text.USBFS_UpdateStatusBlock
                0x00001964       0x40 .\ARM_GCC_493\Debug\USBFS_AUDIO_PSoC3_5LP_Example.a(USBFS_drv.o)
                0x00001964                USBFS_UpdateStatusBlock
 .text.USBFS_InitializeStatusBlock
                0x000019a4       0x34 .\ARM_GCC_493\Debug\USBFS_AUDIO_PSoC3_5LP_Example.a(USBFS_drv.o)
                0x000019a4                USBFS_InitializeStatusBlock
 .text.USBFS_EP_1_ISR
                0x000019d8       0x54 .\ARM_GCC_493\Debug\USBFS_AUDIO_PSoC3_5LP_Example.a(USBFS_episr.o)
                0x000019d8                USBFS_EP_1_ISR
 .text.USBFS_EP_6_ISR
                0x00001a2c       0x5c .\ARM_GCC_493\Debug\USBFS_AUDIO_PSoC3_5LP_Example.a(USBFS_episr.o)
                0x00001a2c                USBFS_EP_6_ISR
 .text.USBFS_SOF_ISR
                0x00001a88        0xc .\ARM_GCC_493\Debug\USBFS_AUDIO_PSoC3_5LP_Example.a(USBFS_episr.o)
                0x00001a88                USBFS_SOF_ISR
 .text.USBFS_BUS_RESET_ISR
                0x00001a94        0xc .\ARM_GCC_493\Debug\USBFS_AUDIO_PSoC3_5LP_Example.a(USBFS_episr.o)
                0x00001a94                USBFS_BUS_RESET_ISR
 .text.USBFS_ARB_ISR
                0x00001aa0      0x100 .\ARM_GCC_493\Debug\USBFS_AUDIO_PSoC3_5LP_Example.a(USBFS_episr.o)
                0x00001aa0                USBFS_ARB_ISR
 .text.USBFS_DP_ISR
                0x00001ba0        0xc .\ARM_GCC_493\Debug\USBFS_AUDIO_PSoC3_5LP_Example.a(USBFS_pm.o)
                0x00001ba0                USBFS_DP_ISR
 .text.USBFS_HandleStandardRqst
                0x00001bac      0x450 .\ARM_GCC_493\Debug\USBFS_AUDIO_PSoC3_5LP_Example.a(USBFS_std.o)
                0x00001bac                USBFS_HandleStandardRqst
 .text.USBFS_ConfigReg
                0x00001ffc      0x128 .\ARM_GCC_493\Debug\USBFS_AUDIO_PSoC3_5LP_Example.a(USBFS_std.o)
                0x00001ffc                USBFS_ConfigReg
 .text.USBFS_Config
                0x00002124      0x318 .\ARM_GCC_493\Debug\USBFS_AUDIO_PSoC3_5LP_Example.a(USBFS_std.o)
                0x00002124                USBFS_Config
 .text.USBFS_ConfigAltChanged
                0x0000243c      0x23c .\ARM_GCC_493\Debug\USBFS_AUDIO_PSoC3_5LP_Example.a(USBFS_std.o)
                0x0000243c                USBFS_ConfigAltChanged
 .text.USBFS_GetConfigTablePtr
                0x00002678       0x54 .\ARM_GCC_493\Debug\USBFS_AUDIO_PSoC3_5LP_Example.a(USBFS_std.o)
                0x00002678                USBFS_GetConfigTablePtr
 .text.USBFS_GetDeviceTablePtr
                0x000026cc       0x24 .\ARM_GCC_493\Debug\USBFS_AUDIO_PSoC3_5LP_Example.a(USBFS_std.o)
                0x000026cc                USBFS_GetDeviceTablePtr
 .text.USBFS_GetInterfaceClassTablePtr
                0x000026f0       0x4c .\ARM_GCC_493\Debug\USBFS_AUDIO_PSoC3_5LP_Example.a(USBFS_std.o)
                0x000026f0                USBFS_GetInterfaceClassTablePtr
 .text.USBFS_SetEndpointHalt
                0x0000273c       0xdc .\ARM_GCC_493\Debug\USBFS_AUDIO_PSoC3_5LP_Example.a(USBFS_std.o)
                0x0000273c                USBFS_SetEndpointHalt
 .text.USBFS_ClearEndpointHalt
                0x00002818      0x130 .\ARM_GCC_493\Debug\USBFS_AUDIO_PSoC3_5LP_Example.a(USBFS_std.o)
                0x00002818                USBFS_ClearEndpointHalt
 .text.USBFS_ValidateAlternateSetting
                0x00002948       0x70 .\ARM_GCC_493\Debug\USBFS_AUDIO_PSoC3_5LP_Example.a(USBFS_std.o)
                0x00002948                USBFS_ValidateAlternateSetting
 .text.USBFS_HandleVendorRqst
                0x000029b8       0x38 .\ARM_GCC_493\Debug\USBFS_AUDIO_PSoC3_5LP_Example.a(USBFS_vnd.o)
                0x000029b8                USBFS_HandleVendorRqst
 .text.VdacDma_DmaInitialize
                0x000029f0       0x68 .\ARM_GCC_493\Debug\USBFS_AUDIO_PSoC3_5LP_Example.a(VdacDma_dma.o)
                0x000029f0                VdacDma_DmaInitialize
 .text.DmaDone_StartEx
                0x00002a58       0x24 .\ARM_GCC_493\Debug\USBFS_AUDIO_PSoC3_5LP_Example.a(DmaDone.o)
                0x00002a58                DmaDone_StartEx
 .text.DmaDone_SetVector
                0x00002a7c       0x24 .\ARM_GCC_493\Debug\USBFS_AUDIO_PSoC3_5LP_Example.a(DmaDone.o)
                0x00002a7c                DmaDone_SetVector
 .text.DmaDone_SetPriority
                0x00002aa0       0x24 .\ARM_GCC_493\Debug\USBFS_AUDIO_PSoC3_5LP_Example.a(DmaDone.o)
                0x00002aa0                DmaDone_SetPriority
 .text.DmaDone_Enable
                0x00002ac4       0x18 .\ARM_GCC_493\Debug\USBFS_AUDIO_PSoC3_5LP_Example.a(DmaDone.o)
                0x00002ac4                DmaDone_Enable
 .text.DmaDone_Disable
                0x00002adc       0x18 .\ARM_GCC_493\Debug\USBFS_AUDIO_PSoC3_5LP_Example.a(DmaDone.o)
                0x00002adc                DmaDone_Disable
 .text.USBFS_Dp_ClearInterrupt
                0x00002af4       0x20 .\ARM_GCC_493\Debug\USBFS_AUDIO_PSoC3_5LP_Example.a(USBFS_Dp.o)
                0x00002af4                USBFS_Dp_ClearInterrupt
 *fill*         0x00002b14        0x4 
 .text          0x00002b18       0x20 .\ARM_GCC_493\Debug\USBFS_AUDIO_PSoC3_5LP_Example.a(CyBootAsmGnu.o)
                0x00002b18                CyDelayCycles
                0x00002b28                CyEnterCriticalSection
                0x00002b30                CyExitCriticalSection
 .text.CyDmacConfigure
                0x00002b38       0x5c .\ARM_GCC_493\Debug\USBFS_AUDIO_PSoC3_5LP_Example.a(CyDmac.o)
                0x00002b38                CyDmacConfigure
 .text.CyDmaChEnable
                0x00002b94       0x8c .\ARM_GCC_493\Debug\USBFS_AUDIO_PSoC3_5LP_Example.a(CyDmac.o)
                0x00002b94                CyDmaChEnable
 .text.CyDmaChDisable
                0x00002c20       0x64 .\ARM_GCC_493\Debug\USBFS_AUDIO_PSoC3_5LP_Example.a(CyDmac.o)
                0x00002c20                CyDmaChDisable
 .text.CyDmaChPriority
                0x00002c84       0x60 .\ARM_GCC_493\Debug\USBFS_AUDIO_PSoC3_5LP_Example.a(CyDmac.o)
                0x00002c84                CyDmaChPriority
 .text.CyDmaChSetExtendedAddress
                0x00002ce4       0x7c .\ARM_GCC_493\Debug\USBFS_AUDIO_PSoC3_5LP_Example.a(CyDmac.o)
                0x00002ce4                CyDmaChSetExtendedAddress
 .text.CyDmaChSetInitialTd
                0x00002d60       0x3c .\ARM_GCC_493\Debug\USBFS_AUDIO_PSoC3_5LP_Example.a(CyDmac.o)
                0x00002d60                CyDmaChSetInitialTd
 .text.CyDmaChSetConfiguration
                0x00002d9c       0xa0 .\ARM_GCC_493\Debug\USBFS_AUDIO_PSoC3_5LP_Example.a(CyDmac.o)
                0x00002d9c                CyDmaChSetConfiguration
 .text.CyDmaTdAllocate
                0x00002e3c       0x5c .\ARM_GCC_493\Debug\USBFS_AUDIO_PSoC3_5LP_Example.a(CyDmac.o)
                0x00002e3c                CyDmaTdAllocate
 .text.CyDmaTdSetConfiguration
                0x00002e98       0x80 .\ARM_GCC_493\Debug\USBFS_AUDIO_PSoC3_5LP_Example.a(CyDmac.o)
                0x00002e98                CyDmaTdSetConfiguration
 .text.CyDmaTdSetAddress
                0x00002f18       0x5c .\ARM_GCC_493\Debug\USBFS_AUDIO_PSoC3_5LP_Example.a(CyDmac.o)
                0x00002f18                CyDmaTdSetAddress
 .text.CyHalt   0x00002f74       0x18 .\ARM_GCC_493\Debug\USBFS_AUDIO_PSoC3_5LP_Example.a(CyLib.o)
                0x00002f74                CyHalt
 .text.CyDelay  0x00002f8c       0x44 .\ARM_GCC_493\Debug\USBFS_AUDIO_PSoC3_5LP_Example.a(CyLib.o)
                0x00002f8c                CyDelay
 .text.CyDelayUs
                0x00002fd0       0x24 .\ARM_GCC_493\Debug\USBFS_AUDIO_PSoC3_5LP_Example.a(CyLib.o)
                0x00002fd0                CyDelayUs
 .text.CyIntSetVector
                0x00002ff4       0x50 .\ARM_GCC_493\Debug\USBFS_AUDIO_PSoC3_5LP_Example.a(CyLib.o)
                0x00002ff4                CyIntSetVector
 .text.CyIntSetPriority
                0x00003044       0x44 .\ARM_GCC_493\Debug\USBFS_AUDIO_PSoC3_5LP_Example.a(CyLib.o)
                0x00003044                CyIntSetPriority
 .text.USBFS_ep6_DmaInitialize
                0x00003088       0x68 .\ARM_GCC_493\Debug\USBFS_AUDIO_PSoC3_5LP_Example.a(USBFS_ep6_dma.o)
                0x00003088                USBFS_ep6_DmaInitialize
 .text.USBFS_ep1_DmaInitialize
                0x000030f0       0x68 .\ARM_GCC_493\Debug\USBFS_AUDIO_PSoC3_5LP_Example.a(USBFS_ep1_dma.o)
                0x000030f0                USBFS_ep1_DmaInitialize
 .text.USBFS_DispatchClassRqst
                0x00003158       0x7c .\ARM_GCC_493\Debug\USBFS_AUDIO_PSoC3_5LP_Example.a(USBFS_cls.o)
                0x00003158                USBFS_DispatchClassRqst
 .text.USBFS_DispatchAUDIOClassRqst
                0x000031d4      0x1fc .\ARM_GCC_493\Debug\USBFS_AUDIO_PSoC3_5LP_Example.a(USBFS_audio.o)
                0x000031d4                USBFS_DispatchAUDIOClassRqst
 .text.__libc_init_array
                0x000033d0       0x4c c:/program files (x86)/cypress/psoc creator/3.3/psoc creator/import/gnu/arm/4.9.3/bin/../lib/gcc/arm-none-eabi/4.9.3/../../../../arm-none-eabi/lib/armv7-m\libg_nano.a(lib_a-init.o)
                0x000033d0                __libc_init_array
 .text.memcpy   0x0000341c       0x16 c:/program files (x86)/cypress/psoc creator/3.3/psoc creator/import/gnu/arm/4.9.3/bin/../lib/gcc/arm-none-eabi/4.9.3/../../../../arm-none-eabi/lib/armv7-m\libg_nano.a(lib_a-memcpy.o)
                0x0000341c                memcpy
 .text.memset   0x00003432       0x10 c:/program files (x86)/cypress/psoc creator/3.3/psoc creator/import/gnu/arm/4.9.3/bin/../lib/gcc/arm-none-eabi/4.9.3/../../../../arm-none-eabi/lib/armv7-m\libg_nano.a(lib_a-memset.o)
                0x00003432                memset
 *(.plt)
 *(.gnu.warning)
 *(.glue_7t)
 .glue_7t       0x00000000        0x0 linker stubs
 *(.glue_7)
 .glue_7        0x00000000        0x0 linker stubs
 *(.vfp11_veneer)
 .vfp11_veneer  0x00000000        0x0 linker stubs
 *(.bootloader)
 *(.ARM.extab* .gnu.linkonce.armextab.*)
 *(.gcc_except_table)

.v4_bx          0x00003444        0x0
 .v4_bx         0x00000000        0x0 linker stubs

.iplt           0x00003444        0x0
 .iplt          0x00000000        0x0 c:/program files (x86)/cypress/psoc creator/3.3/psoc creator/import/gnu/arm/4.9.3/bin/../lib/gcc/arm-none-eabi/4.9.3/armv7-m/crtbegin.o

.eh_frame_hdr
 *(.eh_frame_hdr)

.eh_frame       0x00003444        0x4
 *(.eh_frame)
 .eh_frame      0x00003444        0x0 c:/program files (x86)/cypress/psoc creator/3.3/psoc creator/import/gnu/arm/4.9.3/bin/../lib/gcc/arm-none-eabi/4.9.3/armv7-m/crtbegin.o
 .eh_frame      0x00003444        0x4 c:/program files (x86)/cypress/psoc creator/3.3/psoc creator/import/gnu/arm/4.9.3/bin/../lib/gcc/arm-none-eabi/4.9.3/armv7-m/crtend.o
                0x00003448                PROVIDE (__exidx_start, .)

.ARM.exidx
 *(.ARM.exidx* .gnu.linkonce.armexidx.*)
                0x00003448                __exidx_end = .

.rodata         0x00003448      0x478
 *(.rodata .rodata.* .gnu.linkonce.r.*)
 .rodata        0x00003448       0x28 .\ARM_GCC_493\Debug\main.o
 .rodata        0x00003470       0xcc .\ARM_GCC_493\Debug\USBFS_AUDIO_PSoC3_5LP_Example.a(cyfitter_cfg.o)
 .rodata        0x0000353c      0x350 .\ARM_GCC_493\Debug\USBFS_AUDIO_PSoC3_5LP_Example.a(USBFS_descr.o)
                0x0000353c                USBFS_DEVICE0_DESCR
                0x00003550                USBFS_DEVICE0_CONFIGURATION0_DESCR
                0x000035fc                USBFS_STRING_DESCRIPTORS
                0x00003828                USBFS_DEVICE0_CONFIGURATION0_EP_SETTINGS_TABLE
                0x00003840                USBFS_DEVICE0_CONFIGURATION0_INTERFACE_CLASS
                0x00003844                USBFS_DEVICE0_CONFIGURATION0_TABLE
                0x0000386c                USBFS_DEVICE0_TABLE
                0x00003884                USBFS_TABLE
                0x0000388c                . = ALIGN (0x4)
 *(.init)
 .init          0x0000388c        0x4 c:/program files (x86)/cypress/psoc creator/3.3/psoc creator/import/gnu/arm/4.9.3/bin/../lib/gcc/arm-none-eabi/4.9.3/armv7-m/crti.o
                0x0000388c                _init
 .init          0x00003890        0x8 c:/program files (x86)/cypress/psoc creator/3.3/psoc creator/import/gnu/arm/4.9.3/bin/../lib/gcc/arm-none-eabi/4.9.3/armv7-m/crtn.o
                0x00003898                . = ALIGN (0x4)
                0x00003898                __preinit_array_start = .
 *(.preinit_array)
                0x00003898                __preinit_array_end = .
                0x00003898                . = ALIGN (0x4)
                0x00003898                __init_array_start = .
 *(SORT(.init_array.*))
 *(.init_array)
 .init_array    0x00003898        0x4 c:/program files (x86)/cypress/psoc creator/3.3/psoc creator/import/gnu/arm/4.9.3/bin/../lib/gcc/arm-none-eabi/4.9.3/armv7-m/crtbegin.o
 .init_array    0x0000389c        0x4 .\ARM_GCC_493\Debug\Cm3Start.o
                0x000038a0                __init_array_end = .
                0x000038a0                . = ALIGN (0x4)
 *(.fini)
 .fini          0x000038a0        0x4 c:/program files (x86)/cypress/psoc creator/3.3/psoc creator/import/gnu/arm/4.9.3/bin/../lib/gcc/arm-none-eabi/4.9.3/armv7-m/crti.o
                0x000038a0                _fini
 .fini          0x000038a4        0x8 c:/program files (x86)/cypress/psoc creator/3.3/psoc creator/import/gnu/arm/4.9.3/bin/../lib/gcc/arm-none-eabi/4.9.3/armv7-m/crtn.o
                0x000038ac                . = ALIGN (0x4)
                0x000038ac                __fini_array_start = .
 *(.fini_array)
 .fini_array    0x000038ac        0x4 c:/program files (x86)/cypress/psoc creator/3.3/psoc creator/import/gnu/arm/4.9.3/bin/../lib/gcc/arm-none-eabi/4.9.3/armv7-m/crtbegin.o
 *(SORT(.fini_array.*))
                0x000038b0                __fini_array_end = .
                0x000038b0                . = ALIGN (0x4)
 *crtbegin.o(.ctors)
 *(EXCLUDE_FILE(*crtend.o) .ctors)
 *(SORT(.ctors.*))
 *crtend.o(.ctors)
                0x000038b0                . = ALIGN (0x4)
 *crtbegin.o(.dtors)
 *(EXCLUDE_FILE(*crtend.o) .dtors)
 *(SORT(.dtors.*))
 *crtend.o(.dtors)
                0x000038b0                . = ALIGN (0x4)
                0x000038b0                __cy_regions = .
                0x000038b0        0x4 LONG 0x38c0 __cy_region_init_ram
                0x000038b4        0x4 LONG 0x1fff8108 __cy_region_start_data
                0x000038b8        0x4 LONG 0x30 __cy_region_init_size_ram
                0x000038bc        0x4 LONG 0x250 __cy_region_zero_size_ram
                0x000038c0                __cy_regions_end = .
                0x000038c0                . = ALIGN (0x8)
                0x000038c0                _etext = .

.cy_checksum_exclude
                0x000038c0        0x0
 *(.cy_checksum_exclude)

.ramvectors     0x1fff8000      0x100
                0x1fff8000                __cy_region_start_ram = .
 *(.ramvectors)
 .ramvectors    0x1fff8000      0x100 .\ARM_GCC_493\Debug\Cm3Start.o
                0x1fff8000                CyRamVectors

.noinit         0x1fff8100        0x5
 *(.noinit)
 .noinit        0x1fff8100        0x4 .\ARM_GCC_493\Debug\Cm3Start.o
 .noinit        0x1fff8104        0x1 .\ARM_GCC_493\Debug\USBFS_AUDIO_PSoC3_5LP_Example.a(CyLib.o)
                0x1fff8104                CyResetStatus

.data           0x1fff8108       0x30 load address 0x000038c0
                0x1fff8108                __cy_region_start_data = .
 *(.jcr)
 .jcr           0x1fff8108        0x0 c:/program files (x86)/cypress/psoc creator/3.3/psoc creator/import/gnu/arm/4.9.3/bin/../lib/gcc/arm-none-eabi/4.9.3/armv7-m/crtbegin.o
 .jcr           0x1fff8108        0x4 c:/program files (x86)/cypress/psoc creator/3.3/psoc creator/import/gnu/arm/4.9.3/bin/../lib/gcc/arm-none-eabi/4.9.3/armv7-m/crtend.o
 *(.got.plt)
 *(.got)
 *(.shdata)
 *(.data .data.* .gnu.linkonce.d.*)
 .data          0x1fff810c        0x1 .\ARM_GCC_493\Debug\USBFS_AUDIO_PSoC3_5LP_Example.a(VdacDma_dma.o)
                0x1fff810c                VdacDma_DmaHandle
 *fill*         0x1fff810d        0x3 
 .data          0x1fff8110        0x8 .\ARM_GCC_493\Debug\USBFS_AUDIO_PSoC3_5LP_Example.a(CyDmac.o)
 .data          0x1fff8118       0x10 .\ARM_GCC_493\Debug\USBFS_AUDIO_PSoC3_5LP_Example.a(CyLib.o)
                0x1fff8118                cydelay_freq_hz
                0x1fff811c                cydelay_freq_khz
                0x1fff8120                cydelay_freq_mhz
                0x1fff8124                cydelay_32k_ms
 .data          0x1fff8128        0x1 .\ARM_GCC_493\Debug\USBFS_AUDIO_PSoC3_5LP_Example.a(USBFS_ep6_dma.o)
                0x1fff8128                USBFS_ep6_DmaHandle
 .data          0x1fff8129        0x1 .\ARM_GCC_493\Debug\USBFS_AUDIO_PSoC3_5LP_Example.a(USBFS_ep1_dma.o)
                0x1fff8129                USBFS_ep1_DmaHandle
 *fill*         0x1fff812a        0x2 
 .data          0x1fff812c        0xc .\ARM_GCC_493\Debug\USBFS_AUDIO_PSoC3_5LP_Example.a(USBFS_audio.o)
                0x1fff812c                USBFS_minimumVolume
                0x1fff8130                USBFS_maximumVolume
                0x1fff8134                USBFS_resolutionVolume
                0x1fff8138                . = ALIGN (0x8)
 *(.ram)
                0x1fff8138                _edata = .

.igot.plt       0x1fff8138        0x0 load address 0x000038f0
 .igot.plt      0x00000000        0x0 c:/program files (x86)/cypress/psoc creator/3.3/psoc creator/import/gnu/arm/4.9.3/bin/../lib/gcc/arm-none-eabi/4.9.3/armv7-m/crtbegin.o

.bss            0x1fff8138      0x250 load address 0x000038f0
                0x1fff8138                PROVIDE (__bss_start__, .)
 *(.shbss)
 *(.bss .bss.* .gnu.linkonce.b.*)
 .bss           0x1fff8138       0x1c c:/program files (x86)/cypress/psoc creator/3.3/psoc creator/import/gnu/arm/4.9.3/bin/../lib/gcc/arm-none-eabi/4.9.3/armv7-m/crtbegin.o
 .bss           0x1fff8154        0x6 .\ARM_GCC_493\Debug\main.o
                0x1fff8154                outIndex
                0x1fff8156                inIndex
                0x1fff8158                syncDma
                0x1fff8159                syncDmaCounter
 .bss           0x1fff815a        0x2 .\ARM_GCC_493\Debug\USBFS_AUDIO_PSoC3_5LP_Example.a(LCD.o)
                0x1fff815a                LCD_enableState
                0x1fff815b                LCD_initVar
 .bss           0x1fff815c        0x1 .\ARM_GCC_493\Debug\USBFS_AUDIO_PSoC3_5LP_Example.a(VDAC8.o)
                0x1fff815c                VDAC8_initVar
 .bss           0x1fff815d        0x1 .\ARM_GCC_493\Debug\USBFS_AUDIO_PSoC3_5LP_Example.a(USBFS.o)
                0x1fff815d                USBFS_initVar
 *fill*         0x1fff815e        0x2 
 .bss           0x1fff8160        0x4 .\ARM_GCC_493\Debug\USBFS_AUDIO_PSoC3_5LP_Example.a(USBFS_std.o)
 *(COMMON)
 COMMON         0x1fff8164      0x14e .\ARM_GCC_493\Debug\main.o
                0x1fff8164                VdacOutDmaCh
                0x1fff8168                soundBuffer
                0x1fff82a8                VdacOutDmaTd
 *fill*         0x1fff82b2        0x2 
 COMMON         0x1fff82b4       0x15 .\ARM_GCC_493\Debug\USBFS_AUDIO_PSoC3_5LP_Example.a(USBFS.o)
                0x1fff82b4                USBFS_DmaChan
                0x1fff82c0                USBFS_DmaTd
 *fill*         0x1fff82c9        0x3 
 COMMON         0x1fff82cc       0x98 .\ARM_GCC_493\Debug\USBFS_AUDIO_PSoC3_5LP_Example.a(USBFS_drv.o)
                0x1fff82cc                USBFS_deviceAddress
                0x1fff82cd                USBFS_ep0Mode
                0x1fff82d0                USBFS_interfaceSetting
                0x1fff82d4                USBFS_currentTD
                0x1fff82e0                USBFS_device
                0x1fff82e1                USBFS_interfaceNumber
                0x1fff82e2                USBFS_ep0Toggle
                0x1fff82e3                USBFS_deviceStatus
                0x1fff82e4                USBFS_configurationChanged
                0x1fff82e5                USBFS_configuration
                0x1fff82e6                USBFS_transferState
                0x1fff82e8                USBFS_interfaceStatus
                0x1fff82ec                USBFS_interfaceClass
                0x1fff82f0                USBFS_EP
                0x1fff835c                USBFS_lastPacketSize
                0x1fff835d                USBFS_ep0Count
                0x1fff8360                USBFS_interfaceSettingLast
                0x1fff8362                USBFS_transferByteCount
 COMMON         0x1fff8364       0x21 .\ARM_GCC_493\Debug\USBFS_AUDIO_PSoC3_5LP_Example.a(USBFS_audio.o)
                0x1fff8364                USBFS_currentVolume
                0x1fff8368                USBFS_currentSampleFrequency
                0x1fff8383                USBFS_frequencyChanged
                0x1fff8384                USBFS_currentMute
                0x1fff8388                . = ALIGN (0x8)
 *fill*         0x1fff8385        0x3 
 *(.ram.b)
                0x1fff8388                _end = .
                0x1fff8388                __end = .
                0x1fff8388                PROVIDE (end, .)
                0x1fff8388                PROVIDE (__bss_end__, .)
                0x000038c0                __cy_region_init_ram = LOADADDR (.data)
                0x00000030                __cy_region_init_size_ram = (_edata - ADDR (.data))
                0x00000250                __cy_region_zero_size_ram = (_end - _edata)

.heap           0x1fff8388       0x80 load address 0x000038f0
                0x1fff8388                . = _end
                0x1fff8408                . = (. + 0x80)
 *fill*         0x1fff8388       0x80 
                0x1fff8408                __cy_heap_limit = .

.stack          0x20007800      0x800
                0x20007800                __cy_stack_limit = .
                0x20008000                . = (. + 0x800)
 *fill*         0x20007800      0x800 
                0x00000001                ASSERT ((__cy_stack_limit >= __cy_heap_limit), region RAM overflowed with stack)
                0x00000000                cy_checksum_exclude_size = (CY_APPL_LOADABLE == 0x1)?SIZEOF (.cy_checksum_exclude):0x0
                0x00000001                ASSERT ((cy_checksum_exclude_size <= CY_CHECKSUM_EXCLUDE_SIZE), CY_BOOT: Section .cy_checksum_exclude size exceedes specified limit.)

.cyloadermeta
 *(.cyloadermeta)

.cyloadablemeta
 *(.cyloadablemeta)

.cyconfigecc    0x80000000        0x4
 *(.cyconfigecc)
 .cyconfigecc   0x80000000        0x4 .\ARM_GCC_493\Debug\cymetadata.o
                0x80000000                cy_meta_configecc

.cycustnvl      0x90000000        0x4
 *(.cycustnvl)
 .cycustnvl     0x90000000        0x4 .\ARM_GCC_493\Debug\cymetadata.o
                0x90000000                cy_meta_custnvl

.cywolatch      0x90100000        0x4
 *(.cywolatch)
 .cywolatch     0x90100000        0x4 .\ARM_GCC_493\Debug\cymetadata.o
                0x90100000                cy_meta_wonvl

.cyeeprom       0x90200000        0x0
 *(.cyeeprom)
                0x00000001                ASSERT ((. <= ((0x90200000 + ee_offset) + ee_size)), .cyeeprom data will not fit in EEPROM)

.cyflashprotect
                0x90400000      0x100
 *(.cyflashprotect)
 .cyflashprotect
                0x90400000      0x100 .\ARM_GCC_493\Debug\cymetadata.o
                0x90400000                cy_meta_flashprotect

.cymeta         0x90500000        0xc
 *(.cymeta)
 .cymeta        0x90500000        0xc .\ARM_GCC_493\Debug\cymetadata.o
                0x90500000                cy_metadata

.rel.dyn        0x000038f0        0x0 load address 0x9050000c
 .rel.iplt      0x00000000        0x0 c:/program files (x86)/cypress/psoc creator/3.3/psoc creator/import/gnu/arm/4.9.3/bin/../lib/gcc/arm-none-eabi/4.9.3/armv7-m/crtbegin.o

.stab
 *(.stab)

.stabstr
 *(.stabstr)

.debug
 *(.debug)

.line
 *(.line)

.debug_srcinfo
 *(.debug_srcinfo)

.debug_sfnames
 *(.debug_sfnames)

.debug_aranges  0x00000000      0xb20
 *(.debug_aranges)
 .debug_aranges
                0x00000000       0x28 .\ARM_GCC_493\Debug\main.o
 .debug_aranges
                0x00000028       0x18 .\ARM_GCC_493\Debug\cymetadata.o
 .debug_aranges
                0x00000040       0x48 .\ARM_GCC_493\Debug\Cm3Start.o
 .debug_aranges
                0x00000088       0x60 .\ARM_GCC_493\Debug\USBFS_AUDIO_PSoC3_5LP_Example.a(cyfitter_cfg.o)
 .debug_aranges
                0x000000e8       0x98 .\ARM_GCC_493\Debug\USBFS_AUDIO_PSoC3_5LP_Example.a(LCD.o)
 .debug_aranges
                0x00000180       0x58 .\ARM_GCC_493\Debug\USBFS_AUDIO_PSoC3_5LP_Example.a(VDAC8.o)
 .debug_aranges
                0x000001d8       0xd8 .\ARM_GCC_493\Debug\USBFS_AUDIO_PSoC3_5LP_Example.a(USBFS.o)
 .debug_aranges
                0x000002b0       0x98 .\ARM_GCC_493\Debug\USBFS_AUDIO_PSoC3_5LP_Example.a(USBFS_drv.o)
 .debug_aranges
                0x00000348       0x40 .\ARM_GCC_493\Debug\USBFS_AUDIO_PSoC3_5LP_Example.a(USBFS_episr.o)
 .debug_aranges
                0x00000388       0x40 .\ARM_GCC_493\Debug\USBFS_AUDIO_PSoC3_5LP_Example.a(USBFS_pm.o)
 .debug_aranges
                0x000003c8       0x78 .\ARM_GCC_493\Debug\USBFS_AUDIO_PSoC3_5LP_Example.a(USBFS_std.o)
 .debug_aranges
                0x00000440       0x20 .\ARM_GCC_493\Debug\USBFS_AUDIO_PSoC3_5LP_Example.a(USBFS_vnd.o)
 .debug_aranges
                0x00000460       0x28 .\ARM_GCC_493\Debug\USBFS_AUDIO_PSoC3_5LP_Example.a(VdacDma_dma.o)
 .debug_aranges
                0x00000488       0x80 .\ARM_GCC_493\Debug\USBFS_AUDIO_PSoC3_5LP_Example.a(DmaDone.o)
 .debug_aranges
                0x00000508       0x48 .\ARM_GCC_493\Debug\USBFS_AUDIO_PSoC3_5LP_Example.a(USBFS_Dp.o)
 .debug_aranges
                0x00000550       0x20 .\ARM_GCC_493\Debug\USBFS_AUDIO_PSoC3_5LP_Example.a(CyBootAsmGnu.o)
 .debug_aranges
                0x00000570       0xd8 .\ARM_GCC_493\Debug\USBFS_AUDIO_PSoC3_5LP_Example.a(CyDmac.o)
 .debug_aranges
                0x00000648      0x298 .\ARM_GCC_493\Debug\USBFS_AUDIO_PSoC3_5LP_Example.a(CyLib.o)
 .debug_aranges
                0x000008e0       0x98 .\ARM_GCC_493\Debug\USBFS_AUDIO_PSoC3_5LP_Example.a(cyPm.o)
 .debug_aranges
                0x00000978       0x28 .\ARM_GCC_493\Debug\USBFS_AUDIO_PSoC3_5LP_Example.a(USBFS_ep6_dma.o)
 .debug_aranges
                0x000009a0       0x28 .\ARM_GCC_493\Debug\USBFS_AUDIO_PSoC3_5LP_Example.a(USBFS_ep1_dma.o)
 .debug_aranges
                0x000009c8       0x20 .\ARM_GCC_493\Debug\USBFS_AUDIO_PSoC3_5LP_Example.a(USBFS_cls.o)
 .debug_aranges
                0x000009e8       0x18 .\ARM_GCC_493\Debug\USBFS_AUDIO_PSoC3_5LP_Example.a(USBFS_descr.o)
 .debug_aranges
                0x00000a00       0x88 .\ARM_GCC_493\Debug\USBFS_AUDIO_PSoC3_5LP_Example.a(CyFlash.o)
 .debug_aranges
                0x00000a88       0x78 .\ARM_GCC_493\Debug\USBFS_AUDIO_PSoC3_5LP_Example.a(CySpc.o)
 .debug_aranges
                0x00000b00       0x20 .\ARM_GCC_493\Debug\USBFS_AUDIO_PSoC3_5LP_Example.a(USBFS_audio.o)

.debug_pubnames
 *(.debug_pubnames)

.debug_info     0x00000000     0x5d24
 *(.debug_info .gnu.linkonce.wi.*)
 .debug_info    0x00000000      0x1c6 .\ARM_GCC_493\Debug\main.o
 .debug_info    0x000001c6      0x13a .\ARM_GCC_493\Debug\cymetadata.o
 .debug_info    0x00000300      0x319 .\ARM_GCC_493\Debug\Cm3Start.o
 .debug_info    0x00000619      0x46f .\ARM_GCC_493\Debug\USBFS_AUDIO_PSoC3_5LP_Example.a(cyfitter_cfg.o)
 .debug_info    0x00000a88      0x3c8 .\ARM_GCC_493\Debug\USBFS_AUDIO_PSoC3_5LP_Example.a(LCD.o)
 .debug_info    0x00000e50      0x185 .\ARM_GCC_493\Debug\USBFS_AUDIO_PSoC3_5LP_Example.a(VDAC8.o)
 .debug_info    0x00000fd5      0x7a1 .\ARM_GCC_493\Debug\USBFS_AUDIO_PSoC3_5LP_Example.a(USBFS.o)
 .debug_info    0x00001776      0x521 .\ARM_GCC_493\Debug\USBFS_AUDIO_PSoC3_5LP_Example.a(USBFS_drv.o)
 .debug_info    0x00001c97      0x331 .\ARM_GCC_493\Debug\USBFS_AUDIO_PSoC3_5LP_Example.a(USBFS_episr.o)
 .debug_info    0x00001fc8      0x186 .\ARM_GCC_493\Debug\USBFS_AUDIO_PSoC3_5LP_Example.a(USBFS_pm.o)
 .debug_info    0x0000214e      0x85c .\ARM_GCC_493\Debug\USBFS_AUDIO_PSoC3_5LP_Example.a(USBFS_std.o)
 .debug_info    0x000029aa       0xe8 .\ARM_GCC_493\Debug\USBFS_AUDIO_PSoC3_5LP_Example.a(USBFS_vnd.o)
 .debug_info    0x00002a92      0x114 .\ARM_GCC_493\Debug\USBFS_AUDIO_PSoC3_5LP_Example.a(VdacDma_dma.o)
 .debug_info    0x00002ba6      0x23a .\ARM_GCC_493\Debug\USBFS_AUDIO_PSoC3_5LP_Example.a(DmaDone.o)
 .debug_info    0x00002de0      0x171 .\ARM_GCC_493\Debug\USBFS_AUDIO_PSoC3_5LP_Example.a(USBFS_Dp.o)
 .debug_info    0x00002f51       0xce .\ARM_GCC_493\Debug\USBFS_AUDIO_PSoC3_5LP_Example.a(CyBootAsmGnu.o)
 .debug_info    0x0000301f      0x8b4 .\ARM_GCC_493\Debug\USBFS_AUDIO_PSoC3_5LP_Example.a(CyDmac.o)
 .debug_info    0x000038d3      0xe36 .\ARM_GCC_493\Debug\USBFS_AUDIO_PSoC3_5LP_Example.a(CyLib.o)
 .debug_info    0x00004709      0x562 .\ARM_GCC_493\Debug\USBFS_AUDIO_PSoC3_5LP_Example.a(cyPm.o)
 .debug_info    0x00004c6b      0x114 .\ARM_GCC_493\Debug\USBFS_AUDIO_PSoC3_5LP_Example.a(USBFS_ep6_dma.o)
 .debug_info    0x00004d7f      0x114 .\ARM_GCC_493\Debug\USBFS_AUDIO_PSoC3_5LP_Example.a(USBFS_ep1_dma.o)
 .debug_info    0x00004e93      0x1bc .\ARM_GCC_493\Debug\USBFS_AUDIO_PSoC3_5LP_Example.a(USBFS_cls.o)
 .debug_info    0x0000504f      0x25c .\ARM_GCC_493\Debug\USBFS_AUDIO_PSoC3_5LP_Example.a(USBFS_descr.o)
 .debug_info    0x000052ab      0x3c3 .\ARM_GCC_493\Debug\USBFS_AUDIO_PSoC3_5LP_Example.a(CyFlash.o)
 .debug_info    0x0000566e      0x459 .\ARM_GCC_493\Debug\USBFS_AUDIO_PSoC3_5LP_Example.a(CySpc.o)
 .debug_info    0x00005ac7      0x25d .\ARM_GCC_493\Debug\USBFS_AUDIO_PSoC3_5LP_Example.a(USBFS_audio.o)

.debug_abbrev   0x00000000     0x1bda
 *(.debug_abbrev)
 .debug_abbrev  0x00000000       0xd8 .\ARM_GCC_493\Debug\main.o
 .debug_abbrev  0x000000d8       0x5d .\ARM_GCC_493\Debug\cymetadata.o
 .debug_abbrev  0x00000135      0x1b6 .\ARM_GCC_493\Debug\Cm3Start.o
 .debug_abbrev  0x000002eb      0x187 .\ARM_GCC_493\Debug\USBFS_AUDIO_PSoC3_5LP_Example.a(cyfitter_cfg.o)
 .debug_abbrev  0x00000472      0x120 .\ARM_GCC_493\Debug\USBFS_AUDIO_PSoC3_5LP_Example.a(LCD.o)
 .debug_abbrev  0x00000592       0xeb .\ARM_GCC_493\Debug\USBFS_AUDIO_PSoC3_5LP_Example.a(VDAC8.o)
 .debug_abbrev  0x0000067d      0x1f9 .\ARM_GCC_493\Debug\USBFS_AUDIO_PSoC3_5LP_Example.a(USBFS.o)
 .debug_abbrev  0x00000876      0x161 .\ARM_GCC_493\Debug\USBFS_AUDIO_PSoC3_5LP_Example.a(USBFS_drv.o)
 .debug_abbrev  0x000009d7      0x135 .\ARM_GCC_493\Debug\USBFS_AUDIO_PSoC3_5LP_Example.a(USBFS_episr.o)
 .debug_abbrev  0x00000b0c       0xd1 .\ARM_GCC_493\Debug\USBFS_AUDIO_PSoC3_5LP_Example.a(USBFS_pm.o)
 .debug_abbrev  0x00000bdd      0x1c2 .\ARM_GCC_493\Debug\USBFS_AUDIO_PSoC3_5LP_Example.a(USBFS_std.o)
 .debug_abbrev  0x00000d9f       0x9b .\ARM_GCC_493\Debug\USBFS_AUDIO_PSoC3_5LP_Example.a(USBFS_vnd.o)
 .debug_abbrev  0x00000e3a       0x8b .\ARM_GCC_493\Debug\USBFS_AUDIO_PSoC3_5LP_Example.a(VdacDma_dma.o)
 .debug_abbrev  0x00000ec5      0x172 .\ARM_GCC_493\Debug\USBFS_AUDIO_PSoC3_5LP_Example.a(DmaDone.o)
 .debug_abbrev  0x00001037       0x90 .\ARM_GCC_493\Debug\USBFS_AUDIO_PSoC3_5LP_Example.a(USBFS_Dp.o)
 .debug_abbrev  0x000010c7       0x14 .\ARM_GCC_493\Debug\USBFS_AUDIO_PSoC3_5LP_Example.a(CyBootAsmGnu.o)
 .debug_abbrev  0x000010db      0x194 .\ARM_GCC_493\Debug\USBFS_AUDIO_PSoC3_5LP_Example.a(CyDmac.o)
 .debug_abbrev  0x0000126f      0x217 .\ARM_GCC_493\Debug\USBFS_AUDIO_PSoC3_5LP_Example.a(CyLib.o)
 .debug_abbrev  0x00001486      0x161 .\ARM_GCC_493\Debug\USBFS_AUDIO_PSoC3_5LP_Example.a(cyPm.o)
 .debug_abbrev  0x000015e7       0x8b .\ARM_GCC_493\Debug\USBFS_AUDIO_PSoC3_5LP_Example.a(USBFS_ep6_dma.o)
 .debug_abbrev  0x00001672       0x8b .\ARM_GCC_493\Debug\USBFS_AUDIO_PSoC3_5LP_Example.a(USBFS_ep1_dma.o)
 .debug_abbrev  0x000016fd       0xc5 .\ARM_GCC_493\Debug\USBFS_AUDIO_PSoC3_5LP_Example.a(USBFS_cls.o)
 .debug_abbrev  0x000017c2       0xbd .\ARM_GCC_493\Debug\USBFS_AUDIO_PSoC3_5LP_Example.a(USBFS_descr.o)
 .debug_abbrev  0x0000187f      0x120 .\ARM_GCC_493\Debug\USBFS_AUDIO_PSoC3_5LP_Example.a(CyFlash.o)
 .debug_abbrev  0x0000199f      0x16c .\ARM_GCC_493\Debug\USBFS_AUDIO_PSoC3_5LP_Example.a(CySpc.o)
 .debug_abbrev  0x00001b0b       0xcf .\ARM_GCC_493\Debug\USBFS_AUDIO_PSoC3_5LP_Example.a(USBFS_audio.o)

.debug_line     0x00000000     0x2e32
 *(.debug_line)
 .debug_line    0x00000000      0x22b .\ARM_GCC_493\Debug\main.o
 .debug_line    0x0000022b       0x53 .\ARM_GCC_493\Debug\cymetadata.o
 .debug_line    0x0000027e      0x1d5 .\ARM_GCC_493\Debug\Cm3Start.o
 .debug_line    0x00000453      0x1f8 .\ARM_GCC_493\Debug\USBFS_AUDIO_PSoC3_5LP_Example.a(cyfitter_cfg.o)
 .debug_line    0x0000064b      0x1e3 .\ARM_GCC_493\Debug\USBFS_AUDIO_PSoC3_5LP_Example.a(LCD.o)
 .debug_line    0x0000082e       0xf0 .\ARM_GCC_493\Debug\USBFS_AUDIO_PSoC3_5LP_Example.a(VDAC8.o)
 .debug_line    0x0000091e      0x379 .\ARM_GCC_493\Debug\USBFS_AUDIO_PSoC3_5LP_Example.a(USBFS.o)
 .debug_line    0x00000c97      0x218 .\ARM_GCC_493\Debug\USBFS_AUDIO_PSoC3_5LP_Example.a(USBFS_drv.o)
 .debug_line    0x00000eaf      0x100 .\ARM_GCC_493\Debug\USBFS_AUDIO_PSoC3_5LP_Example.a(USBFS_episr.o)
 .debug_line    0x00000faf       0xe5 .\ARM_GCC_493\Debug\USBFS_AUDIO_PSoC3_5LP_Example.a(USBFS_pm.o)
 .debug_line    0x00001094      0x3f9 .\ARM_GCC_493\Debug\USBFS_AUDIO_PSoC3_5LP_Example.a(USBFS_std.o)
 .debug_line    0x0000148d       0x77 .\ARM_GCC_493\Debug\USBFS_AUDIO_PSoC3_5LP_Example.a(USBFS_vnd.o)
 .debug_line    0x00001504       0x93 .\ARM_GCC_493\Debug\USBFS_AUDIO_PSoC3_5LP_Example.a(VdacDma_dma.o)
 .debug_line    0x00001597      0x15b .\ARM_GCC_493\Debug\USBFS_AUDIO_PSoC3_5LP_Example.a(DmaDone.o)
 .debug_line    0x000016f2       0xbe .\ARM_GCC_493\Debug\USBFS_AUDIO_PSoC3_5LP_Example.a(USBFS_Dp.o)
 .debug_line    0x000017b0       0x68 .\ARM_GCC_493\Debug\USBFS_AUDIO_PSoC3_5LP_Example.a(CyBootAsmGnu.o)
 .debug_line    0x00001818      0x2b7 .\ARM_GCC_493\Debug\USBFS_AUDIO_PSoC3_5LP_Example.a(CyDmac.o)
 .debug_line    0x00001acf      0x872 .\ARM_GCC_493\Debug\USBFS_AUDIO_PSoC3_5LP_Example.a(CyLib.o)
 .debug_line    0x00002341      0x381 .\ARM_GCC_493\Debug\USBFS_AUDIO_PSoC3_5LP_Example.a(cyPm.o)
 .debug_line    0x000026c2       0x95 .\ARM_GCC_493\Debug\USBFS_AUDIO_PSoC3_5LP_Example.a(USBFS_ep6_dma.o)
 .debug_line    0x00002757       0x95 .\ARM_GCC_493\Debug\USBFS_AUDIO_PSoC3_5LP_Example.a(USBFS_ep1_dma.o)
 .debug_line    0x000027ec       0x91 .\ARM_GCC_493\Debug\USBFS_AUDIO_PSoC3_5LP_Example.a(USBFS_cls.o)
 .debug_line    0x0000287d       0x5f .\ARM_GCC_493\Debug\USBFS_AUDIO_PSoC3_5LP_Example.a(USBFS_descr.o)
 .debug_line    0x000028dc      0x21a .\ARM_GCC_493\Debug\USBFS_AUDIO_PSoC3_5LP_Example.a(CyFlash.o)
 .debug_line    0x00002af6      0x237 .\ARM_GCC_493\Debug\USBFS_AUDIO_PSoC3_5LP_Example.a(CySpc.o)
 .debug_line    0x00002d2d      0x105 .\ARM_GCC_493\Debug\USBFS_AUDIO_PSoC3_5LP_Example.a(USBFS_audio.o)

.debug_frame    0x00000000     0x2b08
 *(.debug_frame)
 .debug_frame   0x00000000       0x50 .\ARM_GCC_493\Debug\main.o
 .debug_frame   0x00000050       0xd8 .\ARM_GCC_493\Debug\Cm3Start.o
 .debug_frame   0x00000128      0x16c .\ARM_GCC_493\Debug\USBFS_AUDIO_PSoC3_5LP_Example.a(cyfitter_cfg.o)
 .debug_frame   0x00000294      0x260 .\ARM_GCC_493\Debug\USBFS_AUDIO_PSoC3_5LP_Example.a(LCD.o)
 .debug_frame   0x000004f4      0x130 .\ARM_GCC_493\Debug\USBFS_AUDIO_PSoC3_5LP_Example.a(VDAC8.o)
 .debug_frame   0x00000624      0x3c8 .\ARM_GCC_493\Debug\USBFS_AUDIO_PSoC3_5LP_Example.a(USBFS.o)
 .debug_frame   0x000009ec      0x23c .\ARM_GCC_493\Debug\USBFS_AUDIO_PSoC3_5LP_Example.a(USBFS_drv.o)
 .debug_frame   0x00000c28       0xc8 .\ARM_GCC_493\Debug\USBFS_AUDIO_PSoC3_5LP_Example.a(USBFS_episr.o)
 .debug_frame   0x00000cf0       0xbc .\ARM_GCC_493\Debug\USBFS_AUDIO_PSoC3_5LP_Example.a(USBFS_pm.o)
 .debug_frame   0x00000dac      0x1f8 .\ARM_GCC_493\Debug\USBFS_AUDIO_PSoC3_5LP_Example.a(USBFS_std.o)
 .debug_frame   0x00000fa4       0x38 .\ARM_GCC_493\Debug\USBFS_AUDIO_PSoC3_5LP_Example.a(USBFS_vnd.o)
 .debug_frame   0x00000fdc       0x58 .\ARM_GCC_493\Debug\USBFS_AUDIO_PSoC3_5LP_Example.a(VdacDma_dma.o)
 .debug_frame   0x00001034      0x1e8 .\ARM_GCC_493\Debug\USBFS_AUDIO_PSoC3_5LP_Example.a(DmaDone.o)
 .debug_frame   0x0000121c       0xf4 .\ARM_GCC_493\Debug\USBFS_AUDIO_PSoC3_5LP_Example.a(USBFS_Dp.o)
 .debug_frame   0x00001310      0x3d0 .\ARM_GCC_493\Debug\USBFS_AUDIO_PSoC3_5LP_Example.a(CyDmac.o)
 .debug_frame   0x000016e0      0xbe8 .\ARM_GCC_493\Debug\USBFS_AUDIO_PSoC3_5LP_Example.a(CyLib.o)
 .debug_frame   0x000022c8      0x234 .\ARM_GCC_493\Debug\USBFS_AUDIO_PSoC3_5LP_Example.a(cyPm.o)
 .debug_frame   0x000024fc       0x58 .\ARM_GCC_493\Debug\USBFS_AUDIO_PSoC3_5LP_Example.a(USBFS_ep6_dma.o)
 .debug_frame   0x00002554       0x58 .\ARM_GCC_493\Debug\USBFS_AUDIO_PSoC3_5LP_Example.a(USBFS_ep1_dma.o)
 .debug_frame   0x000025ac       0x38 .\ARM_GCC_493\Debug\USBFS_AUDIO_PSoC3_5LP_Example.a(USBFS_cls.o)
 .debug_frame   0x000025e4      0x238 .\ARM_GCC_493\Debug\USBFS_AUDIO_PSoC3_5LP_Example.a(CyFlash.o)
 .debug_frame   0x0000281c      0x1f8 .\ARM_GCC_493\Debug\USBFS_AUDIO_PSoC3_5LP_Example.a(CySpc.o)
 .debug_frame   0x00002a14       0x38 .\ARM_GCC_493\Debug\USBFS_AUDIO_PSoC3_5LP_Example.a(USBFS_audio.o)
 .debug_frame   0x00002a4c       0x20 c:/program files (x86)/cypress/psoc creator/3.3/psoc creator/import/gnu/arm/4.9.3/bin/../lib/gcc/arm-none-eabi/4.9.3/../../../../arm-none-eabi/lib/armv7-m\libg_nano.a(lib_a-errno.o)
 .debug_frame   0x00002a6c       0x28 c:/program files (x86)/cypress/psoc creator/3.3/psoc creator/import/gnu/arm/4.9.3/bin/../lib/gcc/arm-none-eabi/4.9.3/../../../../arm-none-eabi/lib/armv7-m\libg_nano.a(lib_a-exit.o)
 .debug_frame   0x00002a94       0x2c c:/program files (x86)/cypress/psoc creator/3.3/psoc creator/import/gnu/arm/4.9.3/bin/../lib/gcc/arm-none-eabi/4.9.3/../../../../arm-none-eabi/lib/armv7-m\libg_nano.a(lib_a-init.o)
 .debug_frame   0x00002ac0       0x28 c:/program files (x86)/cypress/psoc creator/3.3/psoc creator/import/gnu/arm/4.9.3/bin/../lib/gcc/arm-none-eabi/4.9.3/../../../../arm-none-eabi/lib/armv7-m\libg_nano.a(lib_a-memcpy.o)
 .debug_frame   0x00002ae8       0x20 c:/program files (x86)/cypress/psoc creator/3.3/psoc creator/import/gnu/arm/4.9.3/bin/../lib/gcc/arm-none-eabi/4.9.3/../../../../arm-none-eabi/lib/armv7-m\libg_nano.a(lib_a-memset.o)

.debug_str      0x00000000     0x287c
 *(.debug_str)
 .debug_str     0x00000000      0x216 .\ARM_GCC_493\Debug\main.o
                                0x257 (size before relaxing)
 .debug_str     0x00000216       0x77 .\ARM_GCC_493\Debug\cymetadata.o
                                0x228 (size before relaxing)
 .debug_str     0x0000028d      0x132 .\ARM_GCC_493\Debug\Cm3Start.o
                                0x309 (size before relaxing)
 .debug_str     0x000003bf      0x1ac .\ARM_GCC_493\Debug\USBFS_AUDIO_PSoC3_5LP_Example.a(cyfitter_cfg.o)
                                0x3a0 (size before relaxing)
 .debug_str     0x0000056b      0x179 .\ARM_GCC_493\Debug\USBFS_AUDIO_PSoC3_5LP_Example.a(LCD.o)
                                0x34b (size before relaxing)
 .debug_str     0x000006e4       0xaa .\ARM_GCC_493\Debug\USBFS_AUDIO_PSoC3_5LP_Example.a(VDAC8.o)
                                0x25d (size before relaxing)
 .debug_str     0x0000078e      0x41d .\ARM_GCC_493\Debug\USBFS_AUDIO_PSoC3_5LP_Example.a(USBFS.o)
                                0x609 (size before relaxing)
 .debug_str     0x00000bab      0x2d6 .\ARM_GCC_493\Debug\USBFS_AUDIO_PSoC3_5LP_Example.a(USBFS_drv.o)
                                0x5de (size before relaxing)
 .debug_str     0x00000e81       0x8c .\ARM_GCC_493\Debug\USBFS_AUDIO_PSoC3_5LP_Example.a(USBFS_episr.o)
                                0x365 (size before relaxing)
 .debug_str     0x00000f0d       0x92 .\ARM_GCC_493\Debug\USBFS_AUDIO_PSoC3_5LP_Example.a(USBFS_pm.o)
                                0x28b (size before relaxing)
 .debug_str     0x00000f9f      0x262 .\ARM_GCC_493\Debug\USBFS_AUDIO_PSoC3_5LP_Example.a(USBFS_std.o)
                                0x6b2 (size before relaxing)
 .debug_str     0x00001201       0x3c .\ARM_GCC_493\Debug\USBFS_AUDIO_PSoC3_5LP_Example.a(USBFS_vnd.o)
                                0x219 (size before relaxing)
 .debug_str     0x0000123d       0x9d .\ARM_GCC_493\Debug\USBFS_AUDIO_PSoC3_5LP_Example.a(VdacDma_dma.o)
                                0x255 (size before relaxing)
 .debug_str     0x000012da      0x11c .\ARM_GCC_493\Debug\USBFS_AUDIO_PSoC3_5LP_Example.a(DmaDone.o)
                                0x2f4 (size before relaxing)
 .debug_str     0x000013f6       0xb2 .\ARM_GCC_493\Debug\USBFS_AUDIO_PSoC3_5LP_Example.a(USBFS_Dp.o)
                                0x271 (size before relaxing)
 .debug_str     0x000014a8      0x357 .\ARM_GCC_493\Debug\USBFS_AUDIO_PSoC3_5LP_Example.a(CyDmac.o)
                                0x54f (size before relaxing)
 .debug_str     0x000017ff      0x7a5 .\ARM_GCC_493\Debug\USBFS_AUDIO_PSoC3_5LP_Example.a(CyLib.o)
                                0xa04 (size before relaxing)
 .debug_str     0x00001fa4      0x367 .\ARM_GCC_493\Debug\USBFS_AUDIO_PSoC3_5LP_Example.a(cyPm.o)
                                0x569 (size before relaxing)
 .debug_str     0x0000230b       0x6a .\ARM_GCC_493\Debug\USBFS_AUDIO_PSoC3_5LP_Example.a(USBFS_ep6_dma.o)
                                0x25d (size before relaxing)
 .debug_str     0x00002375       0x6a .\ARM_GCC_493\Debug\USBFS_AUDIO_PSoC3_5LP_Example.a(USBFS_ep1_dma.o)
                                0x25d (size before relaxing)
 .debug_str     0x000023df       0x3d .\ARM_GCC_493\Debug\USBFS_AUDIO_PSoC3_5LP_Example.a(USBFS_cls.o)
                                0x2b5 (size before relaxing)
 .debug_str     0x0000241c       0xf1 .\ARM_GCC_493\Debug\USBFS_AUDIO_PSoC3_5LP_Example.a(USBFS_descr.o)
                                0x331 (size before relaxing)
 .debug_str     0x0000250d      0x15f .\ARM_GCC_493\Debug\USBFS_AUDIO_PSoC3_5LP_Example.a(CyFlash.o)
                                0x340 (size before relaxing)
 .debug_str     0x0000266c      0x121 .\ARM_GCC_493\Debug\USBFS_AUDIO_PSoC3_5LP_Example.a(CySpc.o)
                                0x325 (size before relaxing)
 .debug_str     0x0000278d       0xef .\ARM_GCC_493\Debug\USBFS_AUDIO_PSoC3_5LP_Example.a(USBFS_audio.o)
                                0x338 (size before relaxing)

.debug_loc
 *(.debug_loc)

.debug_macinfo
 *(.debug_macinfo)

.debug_ranges   0x00000000      0x960
 *(.debug_ranges)
 .debug_ranges  0x00000000       0x18 .\ARM_GCC_493\Debug\main.o
 .debug_ranges  0x00000018       0x38 .\ARM_GCC_493\Debug\Cm3Start.o
 .debug_ranges  0x00000050       0x50 .\ARM_GCC_493\Debug\USBFS_AUDIO_PSoC3_5LP_Example.a(cyfitter_cfg.o)
 .debug_ranges  0x000000a0       0x88 .\ARM_GCC_493\Debug\USBFS_AUDIO_PSoC3_5LP_Example.a(LCD.o)
 .debug_ranges  0x00000128       0x48 .\ARM_GCC_493\Debug\USBFS_AUDIO_PSoC3_5LP_Example.a(VDAC8.o)
 .debug_ranges  0x00000170       0xc8 .\ARM_GCC_493\Debug\USBFS_AUDIO_PSoC3_5LP_Example.a(USBFS.o)
 .debug_ranges  0x00000238       0x88 .\ARM_GCC_493\Debug\USBFS_AUDIO_PSoC3_5LP_Example.a(USBFS_drv.o)
 .debug_ranges  0x000002c0       0x30 .\ARM_GCC_493\Debug\USBFS_AUDIO_PSoC3_5LP_Example.a(USBFS_episr.o)
 .debug_ranges  0x000002f0       0x30 .\ARM_GCC_493\Debug\USBFS_AUDIO_PSoC3_5LP_Example.a(USBFS_pm.o)
 .debug_ranges  0x00000320       0x68 .\ARM_GCC_493\Debug\USBFS_AUDIO_PSoC3_5LP_Example.a(USBFS_std.o)
 .debug_ranges  0x00000388       0x10 .\ARM_GCC_493\Debug\USBFS_AUDIO_PSoC3_5LP_Example.a(USBFS_vnd.o)
 .debug_ranges  0x00000398       0x18 .\ARM_GCC_493\Debug\USBFS_AUDIO_PSoC3_5LP_Example.a(VdacDma_dma.o)
 .debug_ranges  0x000003b0       0x70 .\ARM_GCC_493\Debug\USBFS_AUDIO_PSoC3_5LP_Example.a(DmaDone.o)
 .debug_ranges  0x00000420       0x38 .\ARM_GCC_493\Debug\USBFS_AUDIO_PSoC3_5LP_Example.a(USBFS_Dp.o)
 .debug_ranges  0x00000458       0xc8 .\ARM_GCC_493\Debug\USBFS_AUDIO_PSoC3_5LP_Example.a(CyDmac.o)
 .debug_ranges  0x00000520      0x288 .\ARM_GCC_493\Debug\USBFS_AUDIO_PSoC3_5LP_Example.a(CyLib.o)
 .debug_ranges  0x000007a8       0x88 .\ARM_GCC_493\Debug\USBFS_AUDIO_PSoC3_5LP_Example.a(cyPm.o)
 .debug_ranges  0x00000830       0x18 .\ARM_GCC_493\Debug\USBFS_AUDIO_PSoC3_5LP_Example.a(USBFS_ep6_dma.o)
 .debug_ranges  0x00000848       0x18 .\ARM_GCC_493\Debug\USBFS_AUDIO_PSoC3_5LP_Example.a(USBFS_ep1_dma.o)
 .debug_ranges  0x00000860       0x10 .\ARM_GCC_493\Debug\USBFS_AUDIO_PSoC3_5LP_Example.a(USBFS_cls.o)
 .debug_ranges  0x00000870       0x78 .\ARM_GCC_493\Debug\USBFS_AUDIO_PSoC3_5LP_Example.a(CyFlash.o)
 .debug_ranges  0x000008e8       0x68 .\ARM_GCC_493\Debug\USBFS_AUDIO_PSoC3_5LP_Example.a(CySpc.o)
 .debug_ranges  0x00000950       0x10 .\ARM_GCC_493\Debug\USBFS_AUDIO_PSoC3_5LP_Example.a(USBFS_audio.o)

.comment        0x00000000       0x70
 .comment       0x00000000       0x70 .\ARM_GCC_493\Debug\main.o
                                 0x71 (size before relaxing)
 .comment       0x00000000       0x71 .\ARM_GCC_493\Debug\cymetadata.o
 .comment       0x00000000       0x71 .\ARM_GCC_493\Debug\Cm3Start.o
 .comment       0x00000000       0x71 .\ARM_GCC_493\Debug\USBFS_AUDIO_PSoC3_5LP_Example.a(cyfitter_cfg.o)
 .comment       0x00000000       0x71 .\ARM_GCC_493\Debug\USBFS_AUDIO_PSoC3_5LP_Example.a(LCD.o)
 .comment       0x00000000       0x71 .\ARM_GCC_493\Debug\USBFS_AUDIO_PSoC3_5LP_Example.a(VDAC8.o)
 .comment       0x00000000       0x71 .\ARM_GCC_493\Debug\USBFS_AUDIO_PSoC3_5LP_Example.a(USBFS.o)
 .comment       0x00000000       0x71 .\ARM_GCC_493\Debug\USBFS_AUDIO_PSoC3_5LP_Example.a(USBFS_drv.o)
 .comment       0x00000000       0x71 .\ARM_GCC_493\Debug\USBFS_AUDIO_PSoC3_5LP_Example.a(USBFS_episr.o)
 .comment       0x00000000       0x71 .\ARM_GCC_493\Debug\USBFS_AUDIO_PSoC3_5LP_Example.a(USBFS_pm.o)
 .comment       0x00000000       0x71 .\ARM_GCC_493\Debug\USBFS_AUDIO_PSoC3_5LP_Example.a(USBFS_std.o)
 .comment       0x00000000       0x71 .\ARM_GCC_493\Debug\USBFS_AUDIO_PSoC3_5LP_Example.a(USBFS_vnd.o)
 .comment       0x00000000       0x71 .\ARM_GCC_493\Debug\USBFS_AUDIO_PSoC3_5LP_Example.a(VdacDma_dma.o)
 .comment       0x00000000       0x71 .\ARM_GCC_493\Debug\USBFS_AUDIO_PSoC3_5LP_Example.a(DmaDone.o)
 .comment       0x00000000       0x71 .\ARM_GCC_493\Debug\USBFS_AUDIO_PSoC3_5LP_Example.a(USBFS_Dp.o)
 .comment       0x00000000       0x71 .\ARM_GCC_493\Debug\USBFS_AUDIO_PSoC3_5LP_Example.a(CyDmac.o)
 .comment       0x00000000       0x71 .\ARM_GCC_493\Debug\USBFS_AUDIO_PSoC3_5LP_Example.a(CyLib.o)
 .comment       0x00000000       0x71 .\ARM_GCC_493\Debug\USBFS_AUDIO_PSoC3_5LP_Example.a(cyPm.o)
 .comment       0x00000000       0x71 .\ARM_GCC_493\Debug\USBFS_AUDIO_PSoC3_5LP_Example.a(USBFS_ep6_dma.o)
 .comment       0x00000000       0x71 .\ARM_GCC_493\Debug\USBFS_AUDIO_PSoC3_5LP_Example.a(USBFS_ep1_dma.o)
 .comment       0x00000000       0x71 .\ARM_GCC_493\Debug\USBFS_AUDIO_PSoC3_5LP_Example.a(USBFS_cls.o)
 .comment       0x00000000       0x71 .\ARM_GCC_493\Debug\USBFS_AUDIO_PSoC3_5LP_Example.a(USBFS_descr.o)
 .comment       0x00000000       0x71 .\ARM_GCC_493\Debug\USBFS_AUDIO_PSoC3_5LP_Example.a(CyFlash.o)
 .comment       0x00000000       0x71 .\ARM_GCC_493\Debug\USBFS_AUDIO_PSoC3_5LP_Example.a(CySpc.o)
 .comment       0x00000000       0x71 .\ARM_GCC_493\Debug\USBFS_AUDIO_PSoC3_5LP_Example.a(USBFS_audio.o)

.debug_weaknames
 *(.debug_weaknames)

.debug_funcnames
 *(.debug_funcnames)

.debug_typenames
 *(.debug_typenames)

.debug_varnames
 *(.debug_varnames)

.note.gnu.arm.ident
 *(.note.gnu.arm.ident)

.ARM.attributes
                0x00000000       0x29
 *(.ARM.attributes)
 .ARM.attributes
                0x00000000       0x1d c:/program files (x86)/cypress/psoc creator/3.3/psoc creator/import/gnu/arm/4.9.3/bin/../lib/gcc/arm-none-eabi/4.9.3/armv7-m/crti.o
 .ARM.attributes
                0x0000001d       0x2d c:/program files (x86)/cypress/psoc creator/3.3/psoc creator/import/gnu/arm/4.9.3/bin/../lib/gcc/arm-none-eabi/4.9.3/armv7-m/crtbegin.o
 .ARM.attributes
                0x0000004a       0x1b c:/program files (x86)/cypress/psoc creator/3.3/psoc creator/import/gnu/arm/4.9.3/bin/../lib/gcc/arm-none-eabi/4.9.3/../../../../arm-none-eabi/lib/armv7-m/crt0.o
 .ARM.attributes
                0x00000065       0x33 .\ARM_GCC_493\Debug\main.o
 .ARM.attributes
                0x00000098       0x33 .\ARM_GCC_493\Debug\cymetadata.o
 .ARM.attributes
                0x000000cb       0x33 .\ARM_GCC_493\Debug\Cm3Start.o
 .ARM.attributes
                0x000000fe       0x33 .\ARM_GCC_493\Debug\USBFS_AUDIO_PSoC3_5LP_Example.a(cyfitter_cfg.o)
 .ARM.attributes
                0x00000131       0x33 .\ARM_GCC_493\Debug\USBFS_AUDIO_PSoC3_5LP_Example.a(LCD.o)
 .ARM.attributes
                0x00000164       0x33 .\ARM_GCC_493\Debug\USBFS_AUDIO_PSoC3_5LP_Example.a(VDAC8.o)
 .ARM.attributes
                0x00000197       0x33 .\ARM_GCC_493\Debug\USBFS_AUDIO_PSoC3_5LP_Example.a(USBFS.o)
 .ARM.attributes
                0x000001ca       0x33 .\ARM_GCC_493\Debug\USBFS_AUDIO_PSoC3_5LP_Example.a(USBFS_drv.o)
 .ARM.attributes
                0x000001fd       0x33 .\ARM_GCC_493\Debug\USBFS_AUDIO_PSoC3_5LP_Example.a(USBFS_episr.o)
 .ARM.attributes
                0x00000230       0x33 .\ARM_GCC_493\Debug\USBFS_AUDIO_PSoC3_5LP_Example.a(USBFS_pm.o)
 .ARM.attributes
                0x00000263       0x33 .\ARM_GCC_493\Debug\USBFS_AUDIO_PSoC3_5LP_Example.a(USBFS_std.o)
 .ARM.attributes
                0x00000296       0x33 .\ARM_GCC_493\Debug\USBFS_AUDIO_PSoC3_5LP_Example.a(USBFS_vnd.o)
 .ARM.attributes
                0x000002c9       0x33 .\ARM_GCC_493\Debug\USBFS_AUDIO_PSoC3_5LP_Example.a(VdacDma_dma.o)
 .ARM.attributes
                0x000002fc       0x33 .\ARM_GCC_493\Debug\USBFS_AUDIO_PSoC3_5LP_Example.a(DmaDone.o)
 .ARM.attributes
                0x0000032f       0x33 .\ARM_GCC_493\Debug\USBFS_AUDIO_PSoC3_5LP_Example.a(USBFS_Dp.o)
 .ARM.attributes
                0x00000362       0x21 .\ARM_GCC_493\Debug\USBFS_AUDIO_PSoC3_5LP_Example.a(CyBootAsmGnu.o)
 .ARM.attributes
                0x00000383       0x33 .\ARM_GCC_493\Debug\USBFS_AUDIO_PSoC3_5LP_Example.a(CyDmac.o)
 .ARM.attributes
                0x000003b6       0x33 .\ARM_GCC_493\Debug\USBFS_AUDIO_PSoC3_5LP_Example.a(CyLib.o)
 .ARM.attributes
                0x000003e9       0x33 .\ARM_GCC_493\Debug\USBFS_AUDIO_PSoC3_5LP_Example.a(cyPm.o)
 .ARM.attributes
                0x0000041c       0x33 .\ARM_GCC_493\Debug\USBFS_AUDIO_PSoC3_5LP_Example.a(USBFS_ep6_dma.o)
 .ARM.attributes
                0x0000044f       0x33 .\ARM_GCC_493\Debug\USBFS_AUDIO_PSoC3_5LP_Example.a(USBFS_ep1_dma.o)
 .ARM.attributes
                0x00000482       0x33 .\ARM_GCC_493\Debug\USBFS_AUDIO_PSoC3_5LP_Example.a(USBFS_cls.o)
 .ARM.attributes
                0x000004b5       0x33 .\ARM_GCC_493\Debug\USBFS_AUDIO_PSoC3_5LP_Example.a(USBFS_descr.o)
 .ARM.attributes
                0x000004e8       0x33 .\ARM_GCC_493\Debug\USBFS_AUDIO_PSoC3_5LP_Example.a(CyFlash.o)
 .ARM.attributes
                0x0000051b       0x33 .\ARM_GCC_493\Debug\USBFS_AUDIO_PSoC3_5LP_Example.a(CySpc.o)
 .ARM.attributes
                0x0000054e       0x33 .\ARM_GCC_493\Debug\USBFS_AUDIO_PSoC3_5LP_Example.a(USBFS_audio.o)
 .ARM.attributes
                0x00000581       0x2d c:/program files (x86)/cypress/psoc creator/3.3/psoc creator/import/gnu/arm/4.9.3/bin/../lib/gcc/arm-none-eabi/4.9.3/../../../../arm-none-eabi/lib/armv7-m\libg_nano.a(lib_a-errno.o)
 .ARM.attributes
                0x000005ae       0x2d c:/program files (x86)/cypress/psoc creator/3.3/psoc creator/import/gnu/arm/4.9.3/bin/../lib/gcc/arm-none-eabi/4.9.3/../../../../arm-none-eabi/lib/armv7-m\libg_nano.a(lib_a-exit.o)
 .ARM.attributes
                0x000005db       0x2d c:/program files (x86)/cypress/psoc creator/3.3/psoc creator/import/gnu/arm/4.9.3/bin/../lib/gcc/arm-none-eabi/4.9.3/../../../../arm-none-eabi/lib/armv7-m\libg_nano.a(lib_a-impure.o)
 .ARM.attributes
                0x00000608       0x2d c:/program files (x86)/cypress/psoc creator/3.3/psoc creator/import/gnu/arm/4.9.3/bin/../lib/gcc/arm-none-eabi/4.9.3/../../../../arm-none-eabi/lib/armv7-m\libg_nano.a(lib_a-init.o)
 .ARM.attributes
                0x00000635       0x2d c:/program files (x86)/cypress/psoc creator/3.3/psoc creator/import/gnu/arm/4.9.3/bin/../lib/gcc/arm-none-eabi/4.9.3/../../../../arm-none-eabi/lib/armv7-m\libg_nano.a(lib_a-memcpy.o)
 .ARM.attributes
                0x00000662       0x2d c:/program files (x86)/cypress/psoc creator/3.3/psoc creator/import/gnu/arm/4.9.3/bin/../lib/gcc/arm-none-eabi/4.9.3/../../../../arm-none-eabi/lib/armv7-m\libg_nano.a(lib_a-memset.o)
 .ARM.attributes
                0x0000068f       0x2d c:/program files (x86)/cypress/psoc creator/3.3/psoc creator/import/gnu/arm/4.9.3/bin/../lib/gcc/arm-none-eabi/4.9.3/armv7-m/crtend.o
 .ARM.attributes
                0x000006bc       0x1d c:/program files (x86)/cypress/psoc creator/3.3/psoc creator/import/gnu/arm/4.9.3/bin/../lib/gcc/arm-none-eabi/4.9.3/armv7-m/crtn.o

/DISCARD/
 *(.note.GNU-stack)
OUTPUT(.\ARM_GCC_493\Debug\USBFS_AUDIO_PSoC3_5LP_Example.elf elf32-littlearm)
