Archive member included because of file (symbol)

.\ARM_GCC_493\Debug\InterIcSound_Example.a(cyfitter_cfg.o)
                              .\ARM_GCC_493\Debug\Cm3Start.o (cyfitter_cfg)
.\ARM_GCC_493\Debug\InterIcSound_Example.a(I2S_1.o)
                              .\ARM_GCC_493\Debug\main.o (I2S_1_Start)
.\ARM_GCC_493\Debug\InterIcSound_Example.a(TxDMA_dma.o)
                              .\ARM_GCC_493\Debug\main.o (TxDMA_DmaInitialize)
.\ARM_GCC_493\Debug\InterIcSound_Example.a(CyBootAsmGnu.o)
                              .\ARM_GCC_493\Debug\InterIcSound_Example.a(cyfitter_cfg.o) (CyDelayCycles)
.\ARM_GCC_493\Debug\InterIcSound_Example.a(CyDmac.o)
                              .\ARM_GCC_493\Debug\Cm3Start.o (CyDmacConfigure)
.\ARM_GCC_493\Debug\InterIcSound_Example.a(CyLib.o)
                              .\ARM_GCC_493\Debug\Cm3Start.o (CyResetStatus)
.\ARM_GCC_493\Debug\InterIcSound_Example.a(cyPm.o)
                              .\ARM_GCC_493\Debug\InterIcSound_Example.a(CyLib.o) (CyPmReadStatus)
.\ARM_GCC_493\Debug\InterIcSound_Example.a(CyFlash.o)
                              .\ARM_GCC_493\Debug\InterIcSound_Example.a(cyPm.o) (CyFlash_SetWaitCycles)
.\ARM_GCC_493\Debug\InterIcSound_Example.a(CySpc.o)
                              .\ARM_GCC_493\Debug\InterIcSound_Example.a(CyFlash.o) (CySpcStart)
c:/program files (x86)/cypress/psoc creator/3.3/psoc creator/import/gnu/arm/4.9.3/bin/../lib/gcc/arm-none-eabi/4.9.3/../../../../arm-none-eabi/lib/armv7-m\libg_nano.a(lib_a-errno.o)
                              .\ARM_GCC_493\Debug\Cm3Start.o (__errno)
c:/program files (x86)/cypress/psoc creator/3.3/psoc creator/import/gnu/arm/4.9.3/bin/../lib/gcc/arm-none-eabi/4.9.3/../../../../arm-none-eabi/lib/armv7-m\libg_nano.a(lib_a-exit.o)
                              c:/program files (x86)/cypress/psoc creator/3.3/psoc creator/import/gnu/arm/4.9.3/bin/../lib/gcc/arm-none-eabi/4.9.3/../../../../arm-none-eabi/lib/armv7-m/crt0.o (exit)
c:/program files (x86)/cypress/psoc creator/3.3/psoc creator/import/gnu/arm/4.9.3/bin/../lib/gcc/arm-none-eabi/4.9.3/../../../../arm-none-eabi/lib/armv7-m\libg_nano.a(lib_a-impure.o)
                              c:/program files (x86)/cypress/psoc creator/3.3/psoc creator/import/gnu/arm/4.9.3/bin/../lib/gcc/arm-none-eabi/4.9.3/../../../../arm-none-eabi/lib/armv7-m\libg_nano.a(lib_a-exit.o) (_global_impure_ptr)
c:/program files (x86)/cypress/psoc creator/3.3/psoc creator/import/gnu/arm/4.9.3/bin/../lib/gcc/arm-none-eabi/4.9.3/../../../../arm-none-eabi/lib/armv7-m\libg_nano.a(lib_a-init.o)
                              c:/program files (x86)/cypress/psoc creator/3.3/psoc creator/import/gnu/arm/4.9.3/bin/../lib/gcc/arm-none-eabi/4.9.3/../../../../arm-none-eabi/lib/armv7-m/crt0.o (__libc_init_array)
c:/program files (x86)/cypress/psoc creator/3.3/psoc creator/import/gnu/arm/4.9.3/bin/../lib/gcc/arm-none-eabi/4.9.3/../../../../arm-none-eabi/lib/armv7-m\libg_nano.a(lib_a-memcpy.o)
                              .\ARM_GCC_493\Debug\InterIcSound_Example.a(cyfitter_cfg.o) (memcpy)
c:/program files (x86)/cypress/psoc creator/3.3/psoc creator/import/gnu/arm/4.9.3/bin/../lib/gcc/arm-none-eabi/4.9.3/../../../../arm-none-eabi/lib/armv7-m\libg_nano.a(lib_a-memset.o)
                              c:/program files (x86)/cypress/psoc creator/3.3/psoc creator/import/gnu/arm/4.9.3/bin/../lib/gcc/arm-none-eabi/4.9.3/../../../../arm-none-eabi/lib/armv7-m/crt0.o (memset)

Allocating common symbols
Common symbol       size              file

dieTemperature      0x2               .\ARM_GCC_493\Debug\InterIcSound_Example.a(CyFlash.o)

Discarded input sections

 .text          0x00000000        0x0 c:/program files (x86)/cypress/psoc creator/3.3/psoc creator/import/gnu/arm/4.9.3/bin/../lib/gcc/arm-none-eabi/4.9.3/armv7-m/crti.o
 .data          0x00000000        0x0 c:/program files (x86)/cypress/psoc creator/3.3/psoc creator/import/gnu/arm/4.9.3/bin/../lib/gcc/arm-none-eabi/4.9.3/armv7-m/crti.o
 .bss           0x00000000        0x0 c:/program files (x86)/cypress/psoc creator/3.3/psoc creator/import/gnu/arm/4.9.3/bin/../lib/gcc/arm-none-eabi/4.9.3/armv7-m/crti.o
 .data          0x00000000        0x4 c:/program files (x86)/cypress/psoc creator/3.3/psoc creator/import/gnu/arm/4.9.3/bin/../lib/gcc/arm-none-eabi/4.9.3/armv7-m/crtbegin.o
 .text          0x00000000       0x74 c:/program files (x86)/cypress/psoc creator/3.3/psoc creator/import/gnu/arm/4.9.3/bin/../lib/gcc/arm-none-eabi/4.9.3/../../../../arm-none-eabi/lib/armv7-m/crt0.o
 .data          0x00000000        0x0 c:/program files (x86)/cypress/psoc creator/3.3/psoc creator/import/gnu/arm/4.9.3/bin/../lib/gcc/arm-none-eabi/4.9.3/../../../../arm-none-eabi/lib/armv7-m/crt0.o
 .bss           0x00000000        0x0 c:/program files (x86)/cypress/psoc creator/3.3/psoc creator/import/gnu/arm/4.9.3/bin/../lib/gcc/arm-none-eabi/4.9.3/../../../../arm-none-eabi/lib/armv7-m/crt0.o
 .ARM.extab     0x00000000        0x0 c:/program files (x86)/cypress/psoc creator/3.3/psoc creator/import/gnu/arm/4.9.3/bin/../lib/gcc/arm-none-eabi/4.9.3/../../../../arm-none-eabi/lib/armv7-m/crt0.o
 .ARM.exidx     0x00000000        0x8 c:/program files (x86)/cypress/psoc creator/3.3/psoc creator/import/gnu/arm/4.9.3/bin/../lib/gcc/arm-none-eabi/4.9.3/../../../../arm-none-eabi/lib/armv7-m/crt0.o
 .text          0x00000000        0x0 .\ARM_GCC_493\Debug\main.o
 .text.DisplayUpdate
                0x00000000       0x2c .\ARM_GCC_493\Debug\main.o
 .text          0x00000000        0x0 .\ARM_GCC_493\Debug\cymetadata.o
 .data          0x00000000        0x0 .\ARM_GCC_493\Debug\cymetadata.o
 .bss           0x00000000        0x0 .\ARM_GCC_493\Debug\cymetadata.o
 .text          0x00000000        0x0 .\ARM_GCC_493\Debug\Cm3Start.o
 .data          0x00000000        0x4 .\ARM_GCC_493\Debug\Cm3Start.o
 .bss           0x00000000        0x0 .\ARM_GCC_493\Debug\Cm3Start.o
 .text._exit    0x00000000       0x14 .\ARM_GCC_493\Debug\Cm3Start.o
 .text._sbrk    0x00000000       0x50 .\ARM_GCC_493\Debug\Cm3Start.o
 .text          0x00000000        0x0 .\ARM_GCC_493\Debug\InterIcSound_Example.a(cyfitter_cfg.o)
 .data          0x00000000        0x0 .\ARM_GCC_493\Debug\InterIcSound_Example.a(cyfitter_cfg.o)
 .text.CYCONFIGCPYCODE
                0x00000000       0x1c .\ARM_GCC_493\Debug\InterIcSound_Example.a(cyfitter_cfg.o)
 .text.SetAnalogRoutingPumps
                0x00000000       0x28 .\ARM_GCC_493\Debug\InterIcSound_Example.a(cyfitter_cfg.o)
 .text          0x00000000        0x0 .\ARM_GCC_493\Debug\InterIcSound_Example.a(I2S_1.o)
 .data          0x00000000        0x0 .\ARM_GCC_493\Debug\InterIcSound_Example.a(I2S_1.o)
 .text.I2S_1_Stop
                0x00000000       0x58 .\ARM_GCC_493\Debug\InterIcSound_Example.a(I2S_1.o)
 .text.I2S_1_DisableTx
                0x00000000       0x44 .\ARM_GCC_493\Debug\InterIcSound_Example.a(I2S_1.o)
 .text.I2S_1_ClearTxFIFO
                0x00000000       0x40 .\ARM_GCC_493\Debug\InterIcSound_Example.a(I2S_1.o)
 .text          0x00000000        0x0 .\ARM_GCC_493\Debug\InterIcSound_Example.a(TxDMA_dma.o)
 .bss           0x00000000        0x0 .\ARM_GCC_493\Debug\InterIcSound_Example.a(TxDMA_dma.o)
 .text.TxDMA_DmaRelease
                0x00000000       0x14 .\ARM_GCC_493\Debug\InterIcSound_Example.a(TxDMA_dma.o)
 .data          0x00000000        0x0 .\ARM_GCC_493\Debug\InterIcSound_Example.a(CyBootAsmGnu.o)
 .bss           0x00000000        0x0 .\ARM_GCC_493\Debug\InterIcSound_Example.a(CyBootAsmGnu.o)
 .text          0x00000000        0x0 .\ARM_GCC_493\Debug\InterIcSound_Example.a(CyDmac.o)
 .bss           0x00000000        0x0 .\ARM_GCC_493\Debug\InterIcSound_Example.a(CyDmac.o)
 .text.CyDmacError
                0x00000000       0x20 .\ARM_GCC_493\Debug\InterIcSound_Example.a(CyDmac.o)
 .text.CyDmacClearError
                0x00000000       0x24 .\ARM_GCC_493\Debug\InterIcSound_Example.a(CyDmac.o)
 .text.CyDmacErrorAddress
                0x00000000       0x18 .\ARM_GCC_493\Debug\InterIcSound_Example.a(CyDmac.o)
 .text.CyDmaChAlloc
                0x00000000       0x64 .\ARM_GCC_493\Debug\InterIcSound_Example.a(CyDmac.o)
 .text.CyDmaChFree
                0x00000000       0x4c .\ARM_GCC_493\Debug\InterIcSound_Example.a(CyDmac.o)
 .text.CyDmaChDisable
                0x00000000       0x64 .\ARM_GCC_493\Debug\InterIcSound_Example.a(CyDmac.o)
 .text.CyDmaClearPendingDrq
                0x00000000       0x64 .\ARM_GCC_493\Debug\InterIcSound_Example.a(CyDmac.o)
 .text.CyDmaChSetRequest
                0x00000000       0x58 .\ARM_GCC_493\Debug\InterIcSound_Example.a(CyDmac.o)
 .text.CyDmaChGetRequest
                0x00000000       0x38 .\ARM_GCC_493\Debug\InterIcSound_Example.a(CyDmac.o)
 .text.CyDmaChStatus
                0x00000000       0x60 .\ARM_GCC_493\Debug\InterIcSound_Example.a(CyDmac.o)
 .text.CyDmaTdFree
                0x00000000       0x54 .\ARM_GCC_493\Debug\InterIcSound_Example.a(CyDmac.o)
 .text.CyDmaTdFreeCount
                0x00000000       0x1c .\ARM_GCC_493\Debug\InterIcSound_Example.a(CyDmac.o)
 .text.CyDmaTdGetConfiguration
                0x00000000       0x88 .\ARM_GCC_493\Debug\InterIcSound_Example.a(CyDmac.o)
 .text.CyDmaTdGetAddress
                0x00000000       0x6c .\ARM_GCC_493\Debug\InterIcSound_Example.a(CyDmac.o)
 .text.CyDmaChRoundRobin
                0x00000000       0x70 .\ARM_GCC_493\Debug\InterIcSound_Example.a(CyDmac.o)
 .text          0x00000000        0x0 .\ARM_GCC_493\Debug\InterIcSound_Example.a(CyLib.o)
 .bss           0x00000000       0x1c .\ARM_GCC_493\Debug\InterIcSound_Example.a(CyLib.o)
 .text.CyPLL_OUT_Start
                0x00000000       0xb0 .\ARM_GCC_493\Debug\InterIcSound_Example.a(CyLib.o)
 .text.CyPLL_OUT_Stop
                0x00000000       0x20 .\ARM_GCC_493\Debug\InterIcSound_Example.a(CyLib.o)
 .text.CyPLL_OUT_SetPQ
                0x00000000       0x90 .\ARM_GCC_493\Debug\InterIcSound_Example.a(CyLib.o)
 .text.CyPLL_OUT_SetSource
                0x00000000       0x54 .\ARM_GCC_493\Debug\InterIcSound_Example.a(CyLib.o)
 .text.CyIMO_Start
                0x00000000       0x94 .\ARM_GCC_493\Debug\InterIcSound_Example.a(CyLib.o)
 .text.CyIMO_Stop
                0x00000000       0x34 .\ARM_GCC_493\Debug\InterIcSound_Example.a(CyLib.o)
 .text.CyUSB_PowerOnCheck
                0x00000000       0x60 .\ARM_GCC_493\Debug\InterIcSound_Example.a(CyLib.o)
 .text.CyIMO_SetTrimValue
                0x00000000      0x108 .\ARM_GCC_493\Debug\InterIcSound_Example.a(CyLib.o)
 .text.CyIMO_SetFreq
                0x00000000      0x1ac .\ARM_GCC_493\Debug\InterIcSound_Example.a(CyLib.o)
 .text.CyIMO_SetSource
                0x00000000       0x8c .\ARM_GCC_493\Debug\InterIcSound_Example.a(CyLib.o)
 .text.CyIMO_EnableDoubler
                0x00000000       0x20 .\ARM_GCC_493\Debug\InterIcSound_Example.a(CyLib.o)
 .text.CyIMO_DisableDoubler
                0x00000000       0x20 .\ARM_GCC_493\Debug\InterIcSound_Example.a(CyLib.o)
 .text.CyMasterClk_SetSource
                0x00000000       0x34 .\ARM_GCC_493\Debug\InterIcSound_Example.a(CyLib.o)
 .text.CyMasterClk_SetDivider
                0x00000000       0x20 .\ARM_GCC_493\Debug\InterIcSound_Example.a(CyLib.o)
 .text.CyBusClk_Internal_SetDivider
                0x00000000       0x78 .\ARM_GCC_493\Debug\InterIcSound_Example.a(CyLib.o)
 .text.CyBusClk_SetDivider
                0x00000000       0xb4 .\ARM_GCC_493\Debug\InterIcSound_Example.a(CyLib.o)
 .text.CyUsbClk_SetSource
                0x00000000       0x34 .\ARM_GCC_493\Debug\InterIcSound_Example.a(CyLib.o)
 .text.CyILO_Start1K
                0x00000000       0x20 .\ARM_GCC_493\Debug\InterIcSound_Example.a(CyLib.o)
 .text.CyILO_Stop1K
                0x00000000       0x20 .\ARM_GCC_493\Debug\InterIcSound_Example.a(CyLib.o)
 .text.CyILO_Start100K
                0x00000000       0x20 .\ARM_GCC_493\Debug\InterIcSound_Example.a(CyLib.o)
 .text.CyILO_Stop100K
                0x00000000       0x20 .\ARM_GCC_493\Debug\InterIcSound_Example.a(CyLib.o)
 .text.CyILO_Enable33K
                0x00000000       0x20 .\ARM_GCC_493\Debug\InterIcSound_Example.a(CyLib.o)
 .text.CyILO_Disable33K
                0x00000000       0x20 .\ARM_GCC_493\Debug\InterIcSound_Example.a(CyLib.o)
 .text.CyILO_SetSource
                0x00000000       0x38 .\ARM_GCC_493\Debug\InterIcSound_Example.a(CyLib.o)
 .text.CyILO_SetPowerMode
                0x00000000       0x4c .\ARM_GCC_493\Debug\InterIcSound_Example.a(CyLib.o)
 .text.CyXTAL_32KHZ_Start
                0x00000000       0x84 .\ARM_GCC_493\Debug\InterIcSound_Example.a(CyLib.o)
 .text.CyXTAL_32KHZ_Stop
                0x00000000       0x50 .\ARM_GCC_493\Debug\InterIcSound_Example.a(CyLib.o)
 .text.CyXTAL_32KHZ_ReadStatus
                0x00000000       0x20 .\ARM_GCC_493\Debug\InterIcSound_Example.a(CyLib.o)
 .text.CyXTAL_32KHZ_SetPowerMode
                0x00000000       0xb4 .\ARM_GCC_493\Debug\InterIcSound_Example.a(CyLib.o)
 .text.CyXTAL_Start
                0x00000000       0xd0 .\ARM_GCC_493\Debug\InterIcSound_Example.a(CyLib.o)
 .text.CyXTAL_Stop
                0x00000000       0x20 .\ARM_GCC_493\Debug\InterIcSound_Example.a(CyLib.o)
 .text.CyXTAL_EnableErrStatus
                0x00000000       0x20 .\ARM_GCC_493\Debug\InterIcSound_Example.a(CyLib.o)
 .text.CyXTAL_DisableErrStatus
                0x00000000       0x20 .\ARM_GCC_493\Debug\InterIcSound_Example.a(CyLib.o)
 .text.CyXTAL_ReadStatus
                0x00000000       0x28 .\ARM_GCC_493\Debug\InterIcSound_Example.a(CyLib.o)
 .text.CyXTAL_EnableFaultRecovery
                0x00000000       0x20 .\ARM_GCC_493\Debug\InterIcSound_Example.a(CyLib.o)
 .text.CyXTAL_DisableFaultRecovery
                0x00000000       0x20 .\ARM_GCC_493\Debug\InterIcSound_Example.a(CyLib.o)
 .text.CyXTAL_SetStartup
                0x00000000       0x34 .\ARM_GCC_493\Debug\InterIcSound_Example.a(CyLib.o)
 .text.CyXTAL_SetFbVoltage
                0x00000000       0x34 .\ARM_GCC_493\Debug\InterIcSound_Example.a(CyLib.o)
 .text.CyXTAL_SetWdVoltage
                0x00000000       0x38 .\ARM_GCC_493\Debug\InterIcSound_Example.a(CyLib.o)
 .text.CyHalt   0x00000000       0x18 .\ARM_GCC_493\Debug\InterIcSound_Example.a(CyLib.o)
 .text.CySoftwareReset
                0x00000000       0x20 .\ARM_GCC_493\Debug\InterIcSound_Example.a(CyLib.o)
 .text.CyDelay  0x00000000       0x44 .\ARM_GCC_493\Debug\InterIcSound_Example.a(CyLib.o)
 .text.CyDelayFreq
                0x00000000       0x7c .\ARM_GCC_493\Debug\InterIcSound_Example.a(CyLib.o)
 .text.CyWdtStart
                0x00000000       0x8c .\ARM_GCC_493\Debug\InterIcSound_Example.a(CyLib.o)
 .text.CyWdtClear
                0x00000000       0x18 .\ARM_GCC_493\Debug\InterIcSound_Example.a(CyLib.o)
 .text.CyVdLvDigitEnable
                0x00000000       0xcc .\ARM_GCC_493\Debug\InterIcSound_Example.a(CyLib.o)
 .text.CyVdLvAnalogEnable
                0x00000000       0xc8 .\ARM_GCC_493\Debug\InterIcSound_Example.a(CyLib.o)
 .text.CyVdLvDigitDisable
                0x00000000       0x48 .\ARM_GCC_493\Debug\InterIcSound_Example.a(CyLib.o)
 .text.CyVdLvAnalogDisable
                0x00000000       0x40 .\ARM_GCC_493\Debug\InterIcSound_Example.a(CyLib.o)
 .text.CyVdHvAnalogEnable
                0x00000000       0x78 .\ARM_GCC_493\Debug\InterIcSound_Example.a(CyLib.o)
 .text.CyVdHvAnalogDisable
                0x00000000       0x2c .\ARM_GCC_493\Debug\InterIcSound_Example.a(CyLib.o)
 .text.CyVdStickyStatus
                0x00000000       0x5c .\ARM_GCC_493\Debug\InterIcSound_Example.a(CyLib.o)
 .text.CyVdRealTimeStatus
                0x00000000       0x30 .\ARM_GCC_493\Debug\InterIcSound_Example.a(CyLib.o)
 .text.CyDisableInts
                0x00000000       0x34 .\ARM_GCC_493\Debug\InterIcSound_Example.a(CyLib.o)
 .text.CyEnableInts
                0x00000000       0x28 .\ARM_GCC_493\Debug\InterIcSound_Example.a(CyLib.o)
 .text.CyFlushCache
                0x00000000       0x58 .\ARM_GCC_493\Debug\InterIcSound_Example.a(CyLib.o)
 .text.CyIntSetSysVector
                0x00000000       0x4c .\ARM_GCC_493\Debug\InterIcSound_Example.a(CyLib.o)
 .text.CyIntGetSysVector
                0x00000000       0x38 .\ARM_GCC_493\Debug\InterIcSound_Example.a(CyLib.o)
 .text.CyIntSetVector
                0x00000000       0x50 .\ARM_GCC_493\Debug\InterIcSound_Example.a(CyLib.o)
 .text.CyIntGetVector
                0x00000000       0x38 .\ARM_GCC_493\Debug\InterIcSound_Example.a(CyLib.o)
 .text.CyIntSetPriority
                0x00000000       0x44 .\ARM_GCC_493\Debug\InterIcSound_Example.a(CyLib.o)
 .text.CyIntGetPriority
                0x00000000       0x38 .\ARM_GCC_493\Debug\InterIcSound_Example.a(CyLib.o)
 .text.CyIntGetState
                0x00000000       0x44 .\ARM_GCC_493\Debug\InterIcSound_Example.a(CyLib.o)
 .text.CySysTickStart
                0x00000000       0x20 .\ARM_GCC_493\Debug\InterIcSound_Example.a(CyLib.o)
 .text.CySysTickInit
                0x00000000       0x68 .\ARM_GCC_493\Debug\InterIcSound_Example.a(CyLib.o)
 .text.CySysTickEnable
                0x00000000       0x1c .\ARM_GCC_493\Debug\InterIcSound_Example.a(CyLib.o)
 .text.CySysTickStop
                0x00000000       0x1c .\ARM_GCC_493\Debug\InterIcSound_Example.a(CyLib.o)
 .text.CySysTickEnableInterrupt
                0x00000000       0x1c .\ARM_GCC_493\Debug\InterIcSound_Example.a(CyLib.o)
 .text.CySysTickDisableInterrupt
                0x00000000       0x1c .\ARM_GCC_493\Debug\InterIcSound_Example.a(CyLib.o)
 .text.CySysTickSetReload
                0x00000000       0x20 .\ARM_GCC_493\Debug\InterIcSound_Example.a(CyLib.o)
 .text.CySysTickGetReload
                0x00000000       0x1c .\ARM_GCC_493\Debug\InterIcSound_Example.a(CyLib.o)
 .text.CySysTickGetValue
                0x00000000       0x1c .\ARM_GCC_493\Debug\InterIcSound_Example.a(CyLib.o)
 .text.CySysTickSetClockSource
                0x00000000       0x38 .\ARM_GCC_493\Debug\InterIcSound_Example.a(CyLib.o)
 .text.CySysTickGetCountFlag
                0x00000000       0x1c .\ARM_GCC_493\Debug\InterIcSound_Example.a(CyLib.o)
 .text.CySysTickClear
                0x00000000       0x18 .\ARM_GCC_493\Debug\InterIcSound_Example.a(CyLib.o)
 .text.CySysTickSetCallback
                0x00000000       0x30 .\ARM_GCC_493\Debug\InterIcSound_Example.a(CyLib.o)
 .text.CySysTickGetCallback
                0x00000000       0x20 .\ARM_GCC_493\Debug\InterIcSound_Example.a(CyLib.o)
 .text.CySysTickServiceCallbacks
                0x00000000       0x44 .\ARM_GCC_493\Debug\InterIcSound_Example.a(CyLib.o)
 .text.CyGetUniqueId
                0x00000000       0xc4 .\ARM_GCC_493\Debug\InterIcSound_Example.a(CyLib.o)
 .text          0x00000000        0x0 .\ARM_GCC_493\Debug\InterIcSound_Example.a(cyPm.o)
 .data          0x00000000        0x0 .\ARM_GCC_493\Debug\InterIcSound_Example.a(cyPm.o)
 .bss           0x00000000       0x44 .\ARM_GCC_493\Debug\InterIcSound_Example.a(cyPm.o)
 .rodata        0x00000000       0x10 .\ARM_GCC_493\Debug\InterIcSound_Example.a(cyPm.o)
 .text.CyPmSaveClocks
                0x00000000      0x284 .\ARM_GCC_493\Debug\InterIcSound_Example.a(cyPm.o)
 .text.CyPmRestoreClocks
                0x00000000      0x300 .\ARM_GCC_493\Debug\InterIcSound_Example.a(cyPm.o)
 .text.CyPmAltAct
                0x00000000       0xb8 .\ARM_GCC_493\Debug\InterIcSound_Example.a(cyPm.o)
 .text.CyPmSleep
                0x00000000      0x170 .\ARM_GCC_493\Debug\InterIcSound_Example.a(cyPm.o)
 .text.CyPmHibernate
                0x00000000        0xc .\ARM_GCC_493\Debug\InterIcSound_Example.a(cyPm.o)
 .text.CyPmHibernateEx
                0x00000000      0x158 .\ARM_GCC_493\Debug\InterIcSound_Example.a(cyPm.o)
 .text.CyPmReadStatus
                0x00000000       0x5c .\ARM_GCC_493\Debug\InterIcSound_Example.a(cyPm.o)
 .text.CyPmHibSaveSet
                0x00000000       0xd4 .\ARM_GCC_493\Debug\InterIcSound_Example.a(cyPm.o)
 .text.CyPmHibRestore
                0x00000000       0x68 .\ARM_GCC_493\Debug\InterIcSound_Example.a(cyPm.o)
 .text.CyPmCtwSetInterval
                0x00000000       0x90 .\ARM_GCC_493\Debug\InterIcSound_Example.a(cyPm.o)
 .text.CyPmOppsSet
                0x00000000       0x40 .\ARM_GCC_493\Debug\InterIcSound_Example.a(cyPm.o)
 .text.CyPmFtwSetInterval
                0x00000000       0x90 .\ARM_GCC_493\Debug\InterIcSound_Example.a(cyPm.o)
 .text.CyPmHibSlpSaveSet
                0x00000000      0x280 .\ARM_GCC_493\Debug\InterIcSound_Example.a(cyPm.o)
 .text.CyPmHibSlpRestore
                0x00000000      0x188 .\ARM_GCC_493\Debug\InterIcSound_Example.a(cyPm.o)
 .text.CyPmHviLviSaveDisable
                0x00000000       0xd4 .\ARM_GCC_493\Debug\InterIcSound_Example.a(cyPm.o)
 .text.CyPmHviLviRestore
                0x00000000       0x54 .\ARM_GCC_493\Debug\InterIcSound_Example.a(cyPm.o)
 .text          0x00000000        0x0 .\ARM_GCC_493\Debug\InterIcSound_Example.a(CyFlash.o)
 .data          0x00000000        0x0 .\ARM_GCC_493\Debug\InterIcSound_Example.a(CyFlash.o)
 .bss           0x00000000        0x4 .\ARM_GCC_493\Debug\InterIcSound_Example.a(CyFlash.o)
 .text.CyFlash_Start
                0x00000000       0x8c .\ARM_GCC_493\Debug\InterIcSound_Example.a(CyFlash.o)
 .text.CyFlash_Stop
                0x00000000       0x44 .\ARM_GCC_493\Debug\InterIcSound_Example.a(CyFlash.o)
 .text.CySetTempInt
                0x00000000       0x7c .\ARM_GCC_493\Debug\InterIcSound_Example.a(CyFlash.o)
 .text.CyFlashGetSpcAlgorithm
                0x00000000       0x70 .\ARM_GCC_493\Debug\InterIcSound_Example.a(CyFlash.o)
 .text.CySetTemp
                0x00000000       0x24 .\ARM_GCC_493\Debug\InterIcSound_Example.a(CyFlash.o)
 .text.CySetFlashEEBuffer
                0x00000000       0x54 .\ARM_GCC_493\Debug\InterIcSound_Example.a(CyFlash.o)
 .text.CyWriteRowData
                0x00000000       0x3c .\ARM_GCC_493\Debug\InterIcSound_Example.a(CyFlash.o)
 .text.CyWriteRowFull
                0x00000000      0x158 .\ARM_GCC_493\Debug\InterIcSound_Example.a(CyFlash.o)
 .text.CyFlash_SetWaitCycles
                0x00000000       0xbc .\ARM_GCC_493\Debug\InterIcSound_Example.a(CyFlash.o)
 .text.CyEEPROM_Start
                0x00000000       0x8c .\ARM_GCC_493\Debug\InterIcSound_Example.a(CyFlash.o)
 .text.CyEEPROM_Stop
                0x00000000       0x44 .\ARM_GCC_493\Debug\InterIcSound_Example.a(CyFlash.o)
 .text.CyEEPROM_ReadReserve
                0x00000000       0x30 .\ARM_GCC_493\Debug\InterIcSound_Example.a(CyFlash.o)
 .text.CyEEPROM_ReadRelease
                0x00000000       0x20 .\ARM_GCC_493\Debug\InterIcSound_Example.a(CyFlash.o)
 COMMON         0x00000000        0x2 .\ARM_GCC_493\Debug\InterIcSound_Example.a(CyFlash.o)
 .text          0x00000000        0x0 .\ARM_GCC_493\Debug\InterIcSound_Example.a(CySpc.o)
 .data          0x00000000        0x0 .\ARM_GCC_493\Debug\InterIcSound_Example.a(CySpc.o)
 .bss           0x00000000        0x8 .\ARM_GCC_493\Debug\InterIcSound_Example.a(CySpc.o)
 .text.CySpcStart
                0x00000000       0x44 .\ARM_GCC_493\Debug\InterIcSound_Example.a(CySpc.o)
 .text.CySpcStop
                0x00000000       0x44 .\ARM_GCC_493\Debug\InterIcSound_Example.a(CySpc.o)
 .text.CySpcReadData
                0x00000000       0x58 .\ARM_GCC_493\Debug\InterIcSound_Example.a(CySpc.o)
 .text.CySpcLoadMultiByte
                0x00000000       0xd4 .\ARM_GCC_493\Debug\InterIcSound_Example.a(CySpc.o)
 .text.CySpcLoadRow
                0x00000000       0x8c .\ARM_GCC_493\Debug\InterIcSound_Example.a(CySpc.o)
 .text.CySpcLoadRowFull
                0x00000000       0xd0 .\ARM_GCC_493\Debug\InterIcSound_Example.a(CySpc.o)
 .text.CySpcWriteRow
                0x00000000       0x98 .\ARM_GCC_493\Debug\InterIcSound_Example.a(CySpc.o)
 .text.CySpcEraseSector
                0x00000000       0x70 .\ARM_GCC_493\Debug\InterIcSound_Example.a(CySpc.o)
 .text.CySpcGetTemp
                0x00000000       0x64 .\ARM_GCC_493\Debug\InterIcSound_Example.a(CySpc.o)
 .text.CySpcLock
                0x00000000       0x68 .\ARM_GCC_493\Debug\InterIcSound_Example.a(CySpc.o)
 .text.CySpcUnlock
                0x00000000       0x50 .\ARM_GCC_493\Debug\InterIcSound_Example.a(CySpc.o)
 .text.CySpcGetAlgorithm
                0x00000000       0x48 .\ARM_GCC_493\Debug\InterIcSound_Example.a(CySpc.o)
 .text          0x00000000        0x0 c:/program files (x86)/cypress/psoc creator/3.3/psoc creator/import/gnu/arm/4.9.3/bin/../lib/gcc/arm-none-eabi/4.9.3/../../../../arm-none-eabi/lib/armv7-m\libg_nano.a(lib_a-errno.o)
 .data          0x00000000        0x0 c:/program files (x86)/cypress/psoc creator/3.3/psoc creator/import/gnu/arm/4.9.3/bin/../lib/gcc/arm-none-eabi/4.9.3/../../../../arm-none-eabi/lib/armv7-m\libg_nano.a(lib_a-errno.o)
 .bss           0x00000000        0x0 c:/program files (x86)/cypress/psoc creator/3.3/psoc creator/import/gnu/arm/4.9.3/bin/../lib/gcc/arm-none-eabi/4.9.3/../../../../arm-none-eabi/lib/armv7-m\libg_nano.a(lib_a-errno.o)
 .text.__errno  0x00000000        0xc c:/program files (x86)/cypress/psoc creator/3.3/psoc creator/import/gnu/arm/4.9.3/bin/../lib/gcc/arm-none-eabi/4.9.3/../../../../arm-none-eabi/lib/armv7-m\libg_nano.a(lib_a-errno.o)
 .text          0x00000000        0x0 c:/program files (x86)/cypress/psoc creator/3.3/psoc creator/import/gnu/arm/4.9.3/bin/../lib/gcc/arm-none-eabi/4.9.3/../../../../arm-none-eabi/lib/armv7-m\libg_nano.a(lib_a-exit.o)
 .data          0x00000000        0x0 c:/program files (x86)/cypress/psoc creator/3.3/psoc creator/import/gnu/arm/4.9.3/bin/../lib/gcc/arm-none-eabi/4.9.3/../../../../arm-none-eabi/lib/armv7-m\libg_nano.a(lib_a-exit.o)
 .bss           0x00000000        0x0 c:/program files (x86)/cypress/psoc creator/3.3/psoc creator/import/gnu/arm/4.9.3/bin/../lib/gcc/arm-none-eabi/4.9.3/../../../../arm-none-eabi/lib/armv7-m\libg_nano.a(lib_a-exit.o)
 .text.exit     0x00000000       0x28 c:/program files (x86)/cypress/psoc creator/3.3/psoc creator/import/gnu/arm/4.9.3/bin/../lib/gcc/arm-none-eabi/4.9.3/../../../../arm-none-eabi/lib/armv7-m\libg_nano.a(lib_a-exit.o)
 .text          0x00000000        0x0 c:/program files (x86)/cypress/psoc creator/3.3/psoc creator/import/gnu/arm/4.9.3/bin/../lib/gcc/arm-none-eabi/4.9.3/../../../../arm-none-eabi/lib/armv7-m\libg_nano.a(lib_a-impure.o)
 .data          0x00000000        0x0 c:/program files (x86)/cypress/psoc creator/3.3/psoc creator/import/gnu/arm/4.9.3/bin/../lib/gcc/arm-none-eabi/4.9.3/../../../../arm-none-eabi/lib/armv7-m\libg_nano.a(lib_a-impure.o)
 .bss           0x00000000        0x0 c:/program files (x86)/cypress/psoc creator/3.3/psoc creator/import/gnu/arm/4.9.3/bin/../lib/gcc/arm-none-eabi/4.9.3/../../../../arm-none-eabi/lib/armv7-m\libg_nano.a(lib_a-impure.o)
 .data.impure_data
                0x00000000       0x60 c:/program files (x86)/cypress/psoc creator/3.3/psoc creator/import/gnu/arm/4.9.3/bin/../lib/gcc/arm-none-eabi/4.9.3/../../../../arm-none-eabi/lib/armv7-m\libg_nano.a(lib_a-impure.o)
 .data._impure_ptr
                0x00000000        0x4 c:/program files (x86)/cypress/psoc creator/3.3/psoc creator/import/gnu/arm/4.9.3/bin/../lib/gcc/arm-none-eabi/4.9.3/../../../../arm-none-eabi/lib/armv7-m\libg_nano.a(lib_a-impure.o)
 .rodata.str1.1
                0x00000000        0x2 c:/program files (x86)/cypress/psoc creator/3.3/psoc creator/import/gnu/arm/4.9.3/bin/../lib/gcc/arm-none-eabi/4.9.3/../../../../arm-none-eabi/lib/armv7-m\libg_nano.a(lib_a-impure.o)
 .rodata._global_impure_ptr
                0x00000000        0x4 c:/program files (x86)/cypress/psoc creator/3.3/psoc creator/import/gnu/arm/4.9.3/bin/../lib/gcc/arm-none-eabi/4.9.3/../../../../arm-none-eabi/lib/armv7-m\libg_nano.a(lib_a-impure.o)
 .text          0x00000000        0x0 c:/program files (x86)/cypress/psoc creator/3.3/psoc creator/import/gnu/arm/4.9.3/bin/../lib/gcc/arm-none-eabi/4.9.3/../../../../arm-none-eabi/lib/armv7-m\libg_nano.a(lib_a-init.o)
 .data          0x00000000        0x0 c:/program files (x86)/cypress/psoc creator/3.3/psoc creator/import/gnu/arm/4.9.3/bin/../lib/gcc/arm-none-eabi/4.9.3/../../../../arm-none-eabi/lib/armv7-m\libg_nano.a(lib_a-init.o)
 .bss           0x00000000        0x0 c:/program files (x86)/cypress/psoc creator/3.3/psoc creator/import/gnu/arm/4.9.3/bin/../lib/gcc/arm-none-eabi/4.9.3/../../../../arm-none-eabi/lib/armv7-m\libg_nano.a(lib_a-init.o)
 .text          0x00000000        0x0 c:/program files (x86)/cypress/psoc creator/3.3/psoc creator/import/gnu/arm/4.9.3/bin/../lib/gcc/arm-none-eabi/4.9.3/../../../../arm-none-eabi/lib/armv7-m\libg_nano.a(lib_a-memcpy.o)
 .data          0x00000000        0x0 c:/program files (x86)/cypress/psoc creator/3.3/psoc creator/import/gnu/arm/4.9.3/bin/../lib/gcc/arm-none-eabi/4.9.3/../../../../arm-none-eabi/lib/armv7-m\libg_nano.a(lib_a-memcpy.o)
 .bss           0x00000000        0x0 c:/program files (x86)/cypress/psoc creator/3.3/psoc creator/import/gnu/arm/4.9.3/bin/../lib/gcc/arm-none-eabi/4.9.3/../../../../arm-none-eabi/lib/armv7-m\libg_nano.a(lib_a-memcpy.o)
 .text          0x00000000        0x0 c:/program files (x86)/cypress/psoc creator/3.3/psoc creator/import/gnu/arm/4.9.3/bin/../lib/gcc/arm-none-eabi/4.9.3/../../../../arm-none-eabi/lib/armv7-m\libg_nano.a(lib_a-memset.o)
 .data          0x00000000        0x0 c:/program files (x86)/cypress/psoc creator/3.3/psoc creator/import/gnu/arm/4.9.3/bin/../lib/gcc/arm-none-eabi/4.9.3/../../../../arm-none-eabi/lib/armv7-m\libg_nano.a(lib_a-memset.o)
 .bss           0x00000000        0x0 c:/program files (x86)/cypress/psoc creator/3.3/psoc creator/import/gnu/arm/4.9.3/bin/../lib/gcc/arm-none-eabi/4.9.3/../../../../arm-none-eabi/lib/armv7-m\libg_nano.a(lib_a-memset.o)
 .text          0x00000000        0x0 c:/program files (x86)/cypress/psoc creator/3.3/psoc creator/import/gnu/arm/4.9.3/bin/../lib/gcc/arm-none-eabi/4.9.3/armv7-m/crtend.o
 .data          0x00000000        0x0 c:/program files (x86)/cypress/psoc creator/3.3/psoc creator/import/gnu/arm/4.9.3/bin/../lib/gcc/arm-none-eabi/4.9.3/armv7-m/crtend.o
 .bss           0x00000000        0x0 c:/program files (x86)/cypress/psoc creator/3.3/psoc creator/import/gnu/arm/4.9.3/bin/../lib/gcc/arm-none-eabi/4.9.3/armv7-m/crtend.o
 .text          0x00000000        0x0 c:/program files (x86)/cypress/psoc creator/3.3/psoc creator/import/gnu/arm/4.9.3/bin/../lib/gcc/arm-none-eabi/4.9.3/armv7-m/crtn.o
 .data          0x00000000        0x0 c:/program files (x86)/cypress/psoc creator/3.3/psoc creator/import/gnu/arm/4.9.3/bin/../lib/gcc/arm-none-eabi/4.9.3/armv7-m/crtn.o
 .bss           0x00000000        0x0 c:/program files (x86)/cypress/psoc creator/3.3/psoc creator/import/gnu/arm/4.9.3/bin/../lib/gcc/arm-none-eabi/4.9.3/armv7-m/crtn.o

Memory Configuration

Name             Origin             Length             Attributes
rom              0x00000000         0x00040000         xr
ram              0x1fff8000         0x00010000         xrw
*default*        0x00000000         0xffffffff

Linker script and memory map

LOAD c:/program files (x86)/cypress/psoc creator/3.3/psoc creator/import/gnu/arm/4.9.3/bin/../lib/gcc/arm-none-eabi/4.9.3/armv7-m/crti.o
LOAD c:/program files (x86)/cypress/psoc creator/3.3/psoc creator/import/gnu/arm/4.9.3/bin/../lib/gcc/arm-none-eabi/4.9.3/armv7-m/crtbegin.o
LOAD c:/program files (x86)/cypress/psoc creator/3.3/psoc creator/import/gnu/arm/4.9.3/bin/../lib/gcc/arm-none-eabi/4.9.3/../../../../arm-none-eabi/lib/armv7-m/crt0.o
START GROUP
LOAD .\ARM_GCC_493\Debug\main.o
LOAD .\ARM_GCC_493\Debug\cymetadata.o
LOAD .\ARM_GCC_493\Debug\Cm3Start.o
LOAD .\ARM_GCC_493\Debug\InterIcSound_Example.a
LOAD C:\Program Files (x86)\Cypress\PSoC Creator\3.3\PSoC Creator\psoc\content\cycomponentlibrary\CyComponentLibrary.cylib\CortexM3\ARM_GCC_493\Debug\CyComponentLibrary.a
END GROUP
START GROUP
LOAD c:/program files (x86)/cypress/psoc creator/3.3/psoc creator/import/gnu/arm/4.9.3/bin/../lib/gcc/arm-none-eabi/4.9.3/armv7-m\libgcc.a
LOAD c:/program files (x86)/cypress/psoc creator/3.3/psoc creator/import/gnu/arm/4.9.3/bin/../lib/gcc/arm-none-eabi/4.9.3/../../../../arm-none-eabi/lib/armv7-m\libg_nano.a
LOAD c:/program files (x86)/cypress/psoc creator/3.3/psoc creator/import/gnu/arm/4.9.3/bin/../lib/gcc/arm-none-eabi/4.9.3/../../../../arm-none-eabi/lib/armv7-m\libc_nano.a
END GROUP
START GROUP
LOAD c:/program files (x86)/cypress/psoc creator/3.3/psoc creator/import/gnu/arm/4.9.3/bin/../lib/gcc/arm-none-eabi/4.9.3/armv7-m\libgcc.a
LOAD c:/program files (x86)/cypress/psoc creator/3.3/psoc creator/import/gnu/arm/4.9.3/bin/../lib/gcc/arm-none-eabi/4.9.3/../../../../arm-none-eabi/lib/armv7-m\libc_nano.a
END GROUP
LOAD c:/program files (x86)/cypress/psoc creator/3.3/psoc creator/import/gnu/arm/4.9.3/bin/../lib/gcc/arm-none-eabi/4.9.3/armv7-m/crtend.o
LOAD c:/program files (x86)/cypress/psoc creator/3.3/psoc creator/import/gnu/arm/4.9.3/bin/../lib/gcc/arm-none-eabi/4.9.3/armv7-m/crtn.o
START GROUP
LOAD c:/program files (x86)/cypress/psoc creator/3.3/psoc creator/import/gnu/arm/4.9.3/bin/../lib/gcc/arm-none-eabi/4.9.3/armv7-m\libgcc.a
LOAD c:/program files (x86)/cypress/psoc creator/3.3/psoc creator/import/gnu/arm/4.9.3/bin/../lib/gcc/arm-none-eabi/4.9.3/../../../../arm-none-eabi/lib/armv7-m\libc.a
LOAD c:/program files (x86)/cypress/psoc creator/3.3/psoc creator/import/gnu/arm/4.9.3/bin/../lib/gcc/arm-none-eabi/4.9.3/../../../../arm-none-eabi/lib/armv7-m\libnosys.a
END GROUP
                0x00000000                CY_APPL_ORIGIN = 0x0
                0x00000100                CY_FLASH_ROW_SIZE = 0x100
                0x00000020                CY_ECC_ROW_SIZE = 0x20
                0x00000000                CY_EE_IN_BTLDR = 0x0
                0x00000000                CY_APPL_LOADABLE = 0x0
                0x00000800                CY_EE_SIZE = 0x800
                0x00000001                CY_APPL_NUM = 0x1
                0x00000001                CY_APPL_MAX = 0x1
                0x00000040                CY_METADATA_SIZE = 0x40
                0x00000000                CY_APPL_LOADABLE = 0x0
                0x00000000                CY_CHECKSUM_EXCLUDE_SIZE = ALIGN (0x0, CY_FLASH_ROW_SIZE)
                0x1fff8168                PROVIDE (__cy_heap_start, _end)
                0x00000001                PROVIDE (__cy_region_num, ((__cy_regions_end - __cy_regions) / 0x10))
                0x20008000                PROVIDE (__cy_stack, (ORIGIN (ram) + 0x10000))
                0x20007800                PROVIDE (__cy_heap_end, (__cy_stack - 0x800))

.cybootloader   0x00000000        0x0
 *(.cybootloader)
                0x00000000                appl1_start = CY_APPL_ORIGIN?CY_APPL_ORIGIN:ALIGN (CY_FLASH_ROW_SIZE)
                0x0001ff00                appl2_start = (appl1_start + ALIGN ((((0x40000 - appl1_start) - (0x2 * CY_FLASH_ROW_SIZE)) / 0x2), CY_FLASH_ROW_SIZE))
                0x00000000                appl_start = (CY_APPL_NUM == 0x1)?appl1_start:appl2_start
                0x00000000                ecc_offset = ((appl_start / CY_FLASH_ROW_SIZE) * CY_ECC_ROW_SIZE)
                0x00000000                ee_offset = (CY_APPL_LOADABLE && ! (CY_EE_IN_BTLDR))?((CY_EE_SIZE / CY_APPL_MAX) * (CY_APPL_NUM - 0x1)):0x0
                0x00000800                ee_size = (CY_APPL_LOADABLE && ! (CY_EE_IN_BTLDR))?(CY_EE_SIZE / CY_APPL_MAX):CY_EE_SIZE
                0x00000000                PROVIDE (CY_ECC_OFFSET, ecc_offset)

.text           0x00000000      0xd86
 CREATE_OBJECT_SYMBOLS
                0x00000000                PROVIDE (__cy_interrupt_vector, RomVectors)
 *(.romvectors)
 .romvectors    0x00000000       0x10 .\ARM_GCC_493\Debug\Cm3Start.o
                0x00000000                RomVectors
                0x00000001                ASSERT ((. != __cy_interrupt_vector), No interrupt vector)
                0x00000001                ASSERT (CY_APPL_ORIGIN?(SIZEOF (.cybootloader) <= CY_APPL_ORIGIN):0x1, Wrong image location)
                0x00000010                PROVIDE (__cy_reset, Reset)
 *(.text.Reset)
 .text.Reset    0x00000010       0x18 .\ARM_GCC_493\Debug\Cm3Start.o
                0x00000010                Reset
                0x00000001                ASSERT ((. != __cy_reset), No reset code)
 *(.dma_init)
 .dma_init      0x00000028      0x130 .\ARM_GCC_493\Debug\InterIcSound_Example.a(cyfitter_cfg.o)
                0x00000001                ASSERT ((((appl_start + .) <= 0x10000) || 0x0), DMA Init must be within the first 64k of flash)
 *(.text .text.* .gnu.linkonce.t.*)
 .text          0x00000158       0x5c c:/program files (x86)/cypress/psoc creator/3.3/psoc creator/import/gnu/arm/4.9.3/bin/../lib/gcc/arm-none-eabi/4.9.3/armv7-m/crtbegin.o
 .text.main     0x000001b4       0x34 .\ARM_GCC_493\Debug\main.o
                0x000001b4                main
 .text.DmaTxConfiguration
                0x000001e8       0x7c .\ARM_GCC_493\Debug\main.o
 .text.IntDefaultHandler
                0x00000264        0x8 .\ARM_GCC_493\Debug\Cm3Start.o
                0x00000264                IntDefaultHandler
 .text.Start_c  0x0000026c       0x98 .\ARM_GCC_493\Debug\Cm3Start.o
                0x0000026c                Start_c
 .text.initialize_psoc
                0x00000304       0x90 .\ARM_GCC_493\Debug\Cm3Start.o
                0x00000304                initialize_psoc
 .text.CYMEMZERO
                0x00000394       0x1c .\ARM_GCC_493\Debug\InterIcSound_Example.a(cyfitter_cfg.o)
 .text.CYCONFIGCPY
                0x000003b0       0x1c .\ARM_GCC_493\Debug\InterIcSound_Example.a(cyfitter_cfg.o)
 .text.CyClockStartupError
                0x000003cc        0xc .\ARM_GCC_493\Debug\InterIcSound_Example.a(cyfitter_cfg.o)
 .text.cfg_dma_init
                0x000003d8      0x180 .\ARM_GCC_493\Debug\InterIcSound_Example.a(cyfitter_cfg.o)
 .text.ClockSetup
                0x00000558      0x100 .\ARM_GCC_493\Debug\InterIcSound_Example.a(cyfitter_cfg.o)
 .text.AnalogSetDefault
                0x00000658       0x44 .\ARM_GCC_493\Debug\InterIcSound_Example.a(cyfitter_cfg.o)
 .text.cyfitter_cfg
                0x0000069c       0xe4 .\ARM_GCC_493\Debug\InterIcSound_Example.a(cyfitter_cfg.o)
                0x0000069c                cyfitter_cfg
 .text.I2S_1_Enable
                0x00000780       0x44 .\ARM_GCC_493\Debug\InterIcSound_Example.a(I2S_1.o)
                0x00000780                I2S_1_Enable
 .text.I2S_1_Init
                0x000007c4       0x2c .\ARM_GCC_493\Debug\InterIcSound_Example.a(I2S_1.o)
                0x000007c4                I2S_1_Init
 .text.I2S_1_Start
                0x000007f0       0x20 .\ARM_GCC_493\Debug\InterIcSound_Example.a(I2S_1.o)
                0x000007f0                I2S_1_Start
 .text.I2S_1_EnableTx
                0x00000810       0x44 .\ARM_GCC_493\Debug\InterIcSound_Example.a(I2S_1.o)
                0x00000810                I2S_1_EnableTx
 .text.TxDMA_DmaInitialize
                0x00000854       0x68 .\ARM_GCC_493\Debug\InterIcSound_Example.a(TxDMA_dma.o)
                0x00000854                TxDMA_DmaInitialize
 *fill*         0x000008bc        0x4 
 .text          0x000008c0       0x58 .\ARM_GCC_493\Debug\InterIcSound_Example.a(CyBootAsmGnu.o)
                0x000008c0                CyDelayCycles
                0x000008fe                CyEnterCriticalSection
                0x00000906                CyExitCriticalSection
 .text.CyDmacConfigure
                0x00000918       0x5c .\ARM_GCC_493\Debug\InterIcSound_Example.a(CyDmac.o)
                0x00000918                CyDmacConfigure
 .text.CyDmaChEnable
                0x00000974       0x8c .\ARM_GCC_493\Debug\InterIcSound_Example.a(CyDmac.o)
                0x00000974                CyDmaChEnable
 .text.CyDmaChPriority
                0x00000a00       0x60 .\ARM_GCC_493\Debug\InterIcSound_Example.a(CyDmac.o)
                0x00000a00                CyDmaChPriority
 .text.CyDmaChSetExtendedAddress
                0x00000a60       0x7c .\ARM_GCC_493\Debug\InterIcSound_Example.a(CyDmac.o)
                0x00000a60                CyDmaChSetExtendedAddress
 .text.CyDmaChSetInitialTd
                0x00000adc       0x3c .\ARM_GCC_493\Debug\InterIcSound_Example.a(CyDmac.o)
                0x00000adc                CyDmaChSetInitialTd
 .text.CyDmaChSetConfiguration
                0x00000b18       0xa0 .\ARM_GCC_493\Debug\InterIcSound_Example.a(CyDmac.o)
                0x00000b18                CyDmaChSetConfiguration
 .text.CyDmaTdAllocate
                0x00000bb8       0x5c .\ARM_GCC_493\Debug\InterIcSound_Example.a(CyDmac.o)
                0x00000bb8                CyDmaTdAllocate
 .text.CyDmaTdSetConfiguration
                0x00000c14       0x80 .\ARM_GCC_493\Debug\InterIcSound_Example.a(CyDmac.o)
                0x00000c14                CyDmaTdSetConfiguration
 .text.CyDmaTdSetAddress
                0x00000c94       0x5c .\ARM_GCC_493\Debug\InterIcSound_Example.a(CyDmac.o)
                0x00000c94                CyDmaTdSetAddress
 .text.CyDelayUs
                0x00000cf0       0x24 .\ARM_GCC_493\Debug\InterIcSound_Example.a(CyLib.o)
                0x00000cf0                CyDelayUs
 .text.__libc_init_array
                0x00000d14       0x4c c:/program files (x86)/cypress/psoc creator/3.3/psoc creator/import/gnu/arm/4.9.3/bin/../lib/gcc/arm-none-eabi/4.9.3/../../../../arm-none-eabi/lib/armv7-m\libg_nano.a(lib_a-init.o)
                0x00000d14                __libc_init_array
 .text.memcpy   0x00000d60       0x16 c:/program files (x86)/cypress/psoc creator/3.3/psoc creator/import/gnu/arm/4.9.3/bin/../lib/gcc/arm-none-eabi/4.9.3/../../../../arm-none-eabi/lib/armv7-m\libg_nano.a(lib_a-memcpy.o)
                0x00000d60                memcpy
 .text.memset   0x00000d76       0x10 c:/program files (x86)/cypress/psoc creator/3.3/psoc creator/import/gnu/arm/4.9.3/bin/../lib/gcc/arm-none-eabi/4.9.3/../../../../arm-none-eabi/lib/armv7-m\libg_nano.a(lib_a-memset.o)
                0x00000d76                memset
 *(.plt)
 *(.gnu.warning)
 *(.glue_7t)
 .glue_7t       0x00000000        0x0 linker stubs
 *(.glue_7)
 .glue_7        0x00000000        0x0 linker stubs
 *(.vfp11_veneer)
 .vfp11_veneer  0x00000000        0x0 linker stubs
 *(.bootloader)
 *(.ARM.extab* .gnu.linkonce.armextab.*)
 *(.gcc_except_table)

.v4_bx          0x00000d88        0x0
 .v4_bx         0x00000000        0x0 linker stubs

.iplt           0x00000d88        0x0
 .iplt          0x00000000        0x0 c:/program files (x86)/cypress/psoc creator/3.3/psoc creator/import/gnu/arm/4.9.3/bin/../lib/gcc/arm-none-eabi/4.9.3/armv7-m/crtbegin.o

.eh_frame_hdr
 *(.eh_frame_hdr)

.eh_frame       0x00000d88        0x4
 *(.eh_frame)
 .eh_frame      0x00000d88        0x0 c:/program files (x86)/cypress/psoc creator/3.3/psoc creator/import/gnu/arm/4.9.3/bin/../lib/gcc/arm-none-eabi/4.9.3/armv7-m/crtbegin.o
 .eh_frame      0x00000d88        0x4 c:/program files (x86)/cypress/psoc creator/3.3/psoc creator/import/gnu/arm/4.9.3/bin/../lib/gcc/arm-none-eabi/4.9.3/armv7-m/crtend.o
                0x00000d8c                PROVIDE (__exidx_start, .)

.ARM.exidx
 *(.ARM.exidx* .gnu.linkonce.armexidx.*)
                0x00000d8c                __exidx_end = .

.rodata         0x00000d8c       0xbc
 *(.rodata .rodata.* .gnu.linkonce.r.*)
 .rodata        0x00000d8c       0x84 .\ARM_GCC_493\Debug\InterIcSound_Example.a(cyfitter_cfg.o)
                0x00000e10                . = ALIGN (0x4)
 *(.init)
 .init          0x00000e10        0x4 c:/program files (x86)/cypress/psoc creator/3.3/psoc creator/import/gnu/arm/4.9.3/bin/../lib/gcc/arm-none-eabi/4.9.3/armv7-m/crti.o
                0x00000e10                _init
 .init          0x00000e14        0x8 c:/program files (x86)/cypress/psoc creator/3.3/psoc creator/import/gnu/arm/4.9.3/bin/../lib/gcc/arm-none-eabi/4.9.3/armv7-m/crtn.o
                0x00000e1c                . = ALIGN (0x4)
                0x00000e1c                __preinit_array_start = .
 *(.preinit_array)
                0x00000e1c                __preinit_array_end = .
                0x00000e1c                . = ALIGN (0x4)
                0x00000e1c                __init_array_start = .
 *(SORT(.init_array.*))
 *(.init_array)
 .init_array    0x00000e1c        0x4 c:/program files (x86)/cypress/psoc creator/3.3/psoc creator/import/gnu/arm/4.9.3/bin/../lib/gcc/arm-none-eabi/4.9.3/armv7-m/crtbegin.o
 .init_array    0x00000e20        0x4 .\ARM_GCC_493\Debug\Cm3Start.o
                0x00000e24                __init_array_end = .
                0x00000e24                . = ALIGN (0x4)
 *(.fini)
 .fini          0x00000e24        0x4 c:/program files (x86)/cypress/psoc creator/3.3/psoc creator/import/gnu/arm/4.9.3/bin/../lib/gcc/arm-none-eabi/4.9.3/armv7-m/crti.o
                0x00000e24                _fini
 .fini          0x00000e28        0x8 c:/program files (x86)/cypress/psoc creator/3.3/psoc creator/import/gnu/arm/4.9.3/bin/../lib/gcc/arm-none-eabi/4.9.3/armv7-m/crtn.o
                0x00000e30                . = ALIGN (0x4)
                0x00000e30                __fini_array_start = .
 *(.fini_array)
 .fini_array    0x00000e30        0x4 c:/program files (x86)/cypress/psoc creator/3.3/psoc creator/import/gnu/arm/4.9.3/bin/../lib/gcc/arm-none-eabi/4.9.3/armv7-m/crtbegin.o
 *(SORT(.fini_array.*))
                0x00000e34                __fini_array_end = .
                0x00000e34                . = ALIGN (0x4)
 *crtbegin.o(.ctors)
 *(EXCLUDE_FILE(*crtend.o) .ctors)
 *(SORT(.ctors.*))
 *crtend.o(.ctors)
                0x00000e34                . = ALIGN (0x4)
 *crtbegin.o(.dtors)
 *(EXCLUDE_FILE(*crtend.o) .dtors)
 *(SORT(.dtors.*))
 *crtend.o(.dtors)
                0x00000e34                . = ALIGN (0x4)
                0x00000e34                __cy_regions = .
                0x00000e34        0x4 LONG 0xe48 __cy_region_init_ram
                0x00000e38        0x4 LONG 0x1fff8108 __cy_region_start_data
                0x00000e3c        0x4 LONG 0x28 __cy_region_init_size_ram
                0x00000e40        0x4 LONG 0x38 __cy_region_zero_size_ram
                0x00000e44                __cy_regions_end = .
                0x00000e48                . = ALIGN (0x8)
 *fill*         0x00000e44        0x4 
                0x00000e48                _etext = .

.cy_checksum_exclude
                0x00000e48        0x0
 *(.cy_checksum_exclude)

.ramvectors     0x1fff8000      0x100
                0x1fff8000                __cy_region_start_ram = .
 *(.ramvectors)
 .ramvectors    0x1fff8000      0x100 .\ARM_GCC_493\Debug\Cm3Start.o
                0x1fff8000                CyRamVectors

.noinit         0x1fff8100        0x5
 *(.noinit)
 .noinit        0x1fff8100        0x4 .\ARM_GCC_493\Debug\Cm3Start.o
 .noinit        0x1fff8104        0x1 .\ARM_GCC_493\Debug\InterIcSound_Example.a(CyLib.o)
                0x1fff8104                CyResetStatus

.data           0x1fff8108       0x28 load address 0x00000e48
                0x1fff8108                __cy_region_start_data = .
 *(.jcr)
 .jcr           0x1fff8108        0x0 c:/program files (x86)/cypress/psoc creator/3.3/psoc creator/import/gnu/arm/4.9.3/bin/../lib/gcc/arm-none-eabi/4.9.3/armv7-m/crtbegin.o
 .jcr           0x1fff8108        0x4 c:/program files (x86)/cypress/psoc creator/3.3/psoc creator/import/gnu/arm/4.9.3/bin/../lib/gcc/arm-none-eabi/4.9.3/armv7-m/crtend.o
 *(.got.plt)
 *(.got)
 *(.shdata)
 *(.data .data.* .gnu.linkonce.d.*)
 .data          0x1fff810c        0x4 .\ARM_GCC_493\Debug\main.o
                0x1fff810c                txBuff
 .data          0x1fff8110        0x1 .\ARM_GCC_493\Debug\InterIcSound_Example.a(TxDMA_dma.o)
                0x1fff8110                TxDMA_DmaHandle
 *fill*         0x1fff8111        0x3 
 .data          0x1fff8114        0x8 .\ARM_GCC_493\Debug\InterIcSound_Example.a(CyDmac.o)
 .data          0x1fff811c       0x10 .\ARM_GCC_493\Debug\InterIcSound_Example.a(CyLib.o)
                0x1fff811c                cydelay_freq_hz
                0x1fff8120                cydelay_freq_khz
                0x1fff8124                cydelay_freq_mhz
                0x1fff8128                cydelay_32k_ms
                0x1fff8130                . = ALIGN (0x8)
 *fill*         0x1fff812c        0x4 
 *(.ram)
                0x1fff8130                _edata = .

.igot.plt       0x1fff8130        0x0 load address 0x00000e70
 .igot.plt      0x00000000        0x0 c:/program files (x86)/cypress/psoc creator/3.3/psoc creator/import/gnu/arm/4.9.3/bin/../lib/gcc/arm-none-eabi/4.9.3/armv7-m/crtbegin.o

.bss            0x1fff8130       0x38 load address 0x00000e70
                0x1fff8130                PROVIDE (__bss_start__, .)
 *(.shbss)
 *(.bss .bss.* .gnu.linkonce.b.*)
 .bss           0x1fff8130       0x1c c:/program files (x86)/cypress/psoc creator/3.3/psoc creator/import/gnu/arm/4.9.3/bin/../lib/gcc/arm-none-eabi/4.9.3/armv7-m/crtbegin.o
 .bss           0x1fff814c        0x8 .\ARM_GCC_493\Debug\main.o
 *fill*         0x1fff8154        0x4 
 .bss           0x1fff8158        0x8 .\ARM_GCC_493\Debug\InterIcSound_Example.a(cyfitter_cfg.o)
 .bss           0x1fff8160        0x1 .\ARM_GCC_493\Debug\InterIcSound_Example.a(I2S_1.o)
                0x1fff8160                I2S_1_initVar
 *(COMMON)
                0x1fff8168                . = ALIGN (0x8)
 *fill*         0x1fff8161        0x7 
 *(.ram.b)
                0x1fff8168                _end = .
                0x1fff8168                __end = .
                0x1fff8168                PROVIDE (end, .)
                0x1fff8168                PROVIDE (__bss_end__, .)
                0x00000e48                __cy_region_init_ram = LOADADDR (.data)
                0x00000028                __cy_region_init_size_ram = (_edata - ADDR (.data))
                0x00000038                __cy_region_zero_size_ram = (_end - _edata)

.heap           0x1fff8168       0x80 load address 0x00000e70
                0x1fff8168                . = _end
                0x1fff81e8                . = (. + 0x80)
 *fill*         0x1fff8168       0x80 
                0x1fff81e8                __cy_heap_limit = .

.stack          0x20007800      0x800
                0x20007800                __cy_stack_limit = .
                0x20008000                . = (. + 0x800)
 *fill*         0x20007800      0x800 
                0x00000001                ASSERT ((__cy_stack_limit >= __cy_heap_limit), region RAM overflowed with stack)
                0x00000000                cy_checksum_exclude_size = (CY_APPL_LOADABLE == 0x1)?SIZEOF (.cy_checksum_exclude):0x0
                0x00000001                ASSERT ((cy_checksum_exclude_size <= CY_CHECKSUM_EXCLUDE_SIZE), CY_BOOT: Section .cy_checksum_exclude size exceedes specified limit.)

.cyloadermeta
 *(.cyloadermeta)

.cyloadablemeta
 *(.cyloadablemeta)

.cyconfigecc    0x80000000      0x55c
 *(.cyconfigecc)
 .cyconfigecc   0x80000000      0x55c .\ARM_GCC_493\Debug\cymetadata.o
                0x80000000                cy_meta_configecc

.cycustnvl      0x90000000        0x4
 *(.cycustnvl)
 .cycustnvl     0x90000000        0x4 .\ARM_GCC_493\Debug\cymetadata.o
                0x90000000                cy_meta_custnvl

.cywolatch      0x90100000        0x4
 *(.cywolatch)
 .cywolatch     0x90100000        0x4 .\ARM_GCC_493\Debug\cymetadata.o
                0x90100000                cy_meta_wonvl

.cyeeprom       0x90200000        0x0
 *(.cyeeprom)
                0x00000001                ASSERT ((. <= ((0x90200000 + ee_offset) + ee_size)), .cyeeprom data will not fit in EEPROM)

.cyflashprotect
                0x90400000      0x100
 *(.cyflashprotect)
 .cyflashprotect
                0x90400000      0x100 .\ARM_GCC_493\Debug\cymetadata.o
                0x90400000                cy_meta_flashprotect

.cymeta         0x90500000        0xc
 *(.cymeta)
 .cymeta        0x90500000        0xc .\ARM_GCC_493\Debug\cymetadata.o
                0x90500000                cy_metadata

.rel.dyn        0x00000e70        0x0 load address 0x9050000c
 .rel.iplt      0x00000000        0x0 c:/program files (x86)/cypress/psoc creator/3.3/psoc creator/import/gnu/arm/4.9.3/bin/../lib/gcc/arm-none-eabi/4.9.3/armv7-m/crtbegin.o

.stab
 *(.stab)

.stabstr
 *(.stabstr)

.debug
 *(.debug)

.line
 *(.line)

.debug_srcinfo
 *(.debug_srcinfo)

.debug_sfnames
 *(.debug_sfnames)

.debug_aranges  0x00000000      0x688
 *(.debug_aranges)
 .debug_aranges
                0x00000000       0x30 .\ARM_GCC_493\Debug\main.o
 .debug_aranges
                0x00000030       0x18 .\ARM_GCC_493\Debug\cymetadata.o
 .debug_aranges
                0x00000048       0x48 .\ARM_GCC_493\Debug\Cm3Start.o
 .debug_aranges
                0x00000090       0x60 .\ARM_GCC_493\Debug\InterIcSound_Example.a(cyfitter_cfg.o)
 .debug_aranges
                0x000000f0       0x50 .\ARM_GCC_493\Debug\InterIcSound_Example.a(I2S_1.o)
 .debug_aranges
                0x00000140       0x28 .\ARM_GCC_493\Debug\InterIcSound_Example.a(TxDMA_dma.o)
 .debug_aranges
                0x00000168       0x20 .\ARM_GCC_493\Debug\InterIcSound_Example.a(CyBootAsmGnu.o)
 .debug_aranges
                0x00000188       0xd8 .\ARM_GCC_493\Debug\InterIcSound_Example.a(CyDmac.o)
 .debug_aranges
                0x00000260      0x298 .\ARM_GCC_493\Debug\InterIcSound_Example.a(CyLib.o)
 .debug_aranges
                0x000004f8       0x98 .\ARM_GCC_493\Debug\InterIcSound_Example.a(cyPm.o)
 .debug_aranges
                0x00000590       0x80 .\ARM_GCC_493\Debug\InterIcSound_Example.a(CyFlash.o)
 .debug_aranges
                0x00000610       0x78 .\ARM_GCC_493\Debug\InterIcSound_Example.a(CySpc.o)

.debug_pubnames
 *(.debug_pubnames)

.debug_info     0x00000000     0x311d
 *(.debug_info .gnu.linkonce.wi.*)
 .debug_info    0x00000000      0x1a2 .\ARM_GCC_493\Debug\main.o
 .debug_info    0x000001a2      0x13c .\ARM_GCC_493\Debug\cymetadata.o
 .debug_info    0x000002de      0x319 .\ARM_GCC_493\Debug\Cm3Start.o
 .debug_info    0x000005f7      0x3aa .\ARM_GCC_493\Debug\InterIcSound_Example.a(cyfitter_cfg.o)
 .debug_info    0x000009a1      0x192 .\ARM_GCC_493\Debug\InterIcSound_Example.a(I2S_1.o)
 .debug_info    0x00000b33      0x114 .\ARM_GCC_493\Debug\InterIcSound_Example.a(TxDMA_dma.o)
 .debug_info    0x00000c47       0xc5 .\ARM_GCC_493\Debug\InterIcSound_Example.a(CyBootAsmGnu.o)
 .debug_info    0x00000d0c      0x8b4 .\ARM_GCC_493\Debug\InterIcSound_Example.a(CyDmac.o)
 .debug_info    0x000015c0      0xe36 .\ARM_GCC_493\Debug\InterIcSound_Example.a(CyLib.o)
 .debug_info    0x000023f6      0x562 .\ARM_GCC_493\Debug\InterIcSound_Example.a(cyPm.o)
 .debug_info    0x00002958      0x36c .\ARM_GCC_493\Debug\InterIcSound_Example.a(CyFlash.o)
 .debug_info    0x00002cc4      0x459 .\ARM_GCC_493\Debug\InterIcSound_Example.a(CySpc.o)

.debug_abbrev   0x00000000      0xdac
 *(.debug_abbrev)
 .debug_abbrev  0x00000000       0xe5 .\ARM_GCC_493\Debug\main.o
 .debug_abbrev  0x000000e5       0x77 .\ARM_GCC_493\Debug\cymetadata.o
 .debug_abbrev  0x0000015c      0x1b6 .\ARM_GCC_493\Debug\Cm3Start.o
 .debug_abbrev  0x00000312      0x192 .\ARM_GCC_493\Debug\InterIcSound_Example.a(cyfitter_cfg.o)
 .debug_abbrev  0x000004a4       0xd1 .\ARM_GCC_493\Debug\InterIcSound_Example.a(I2S_1.o)
 .debug_abbrev  0x00000575       0x8b .\ARM_GCC_493\Debug\InterIcSound_Example.a(TxDMA_dma.o)
 .debug_abbrev  0x00000600       0x14 .\ARM_GCC_493\Debug\InterIcSound_Example.a(CyBootAsmGnu.o)
 .debug_abbrev  0x00000614      0x194 .\ARM_GCC_493\Debug\InterIcSound_Example.a(CyDmac.o)
 .debug_abbrev  0x000007a8      0x217 .\ARM_GCC_493\Debug\InterIcSound_Example.a(CyLib.o)
 .debug_abbrev  0x000009bf      0x161 .\ARM_GCC_493\Debug\InterIcSound_Example.a(cyPm.o)
 .debug_abbrev  0x00000b20      0x120 .\ARM_GCC_493\Debug\InterIcSound_Example.a(CyFlash.o)
 .debug_abbrev  0x00000c40      0x16c .\ARM_GCC_493\Debug\InterIcSound_Example.a(CySpc.o)

.debug_line     0x00000000     0x1ab1
 *(.debug_line)
 .debug_line    0x00000000      0x1b2 .\ARM_GCC_493\Debug\main.o
 .debug_line    0x000001b2       0x53 .\ARM_GCC_493\Debug\cymetadata.o
 .debug_line    0x00000205      0x1d5 .\ARM_GCC_493\Debug\Cm3Start.o
 .debug_line    0x000003da      0x21a .\ARM_GCC_493\Debug\InterIcSound_Example.a(cyfitter_cfg.o)
 .debug_line    0x000005f4       0xe5 .\ARM_GCC_493\Debug\InterIcSound_Example.a(I2S_1.o)
 .debug_line    0x000006d9       0x91 .\ARM_GCC_493\Debug\InterIcSound_Example.a(TxDMA_dma.o)
 .debug_line    0x0000076a       0x7f .\ARM_GCC_493\Debug\InterIcSound_Example.a(CyBootAsmGnu.o)
 .debug_line    0x000007e9      0x2b7 .\ARM_GCC_493\Debug\InterIcSound_Example.a(CyDmac.o)
 .debug_line    0x00000aa0      0x872 .\ARM_GCC_493\Debug\InterIcSound_Example.a(CyLib.o)
 .debug_line    0x00001312      0x381 .\ARM_GCC_493\Debug\InterIcSound_Example.a(cyPm.o)
 .debug_line    0x00001693      0x207 .\ARM_GCC_493\Debug\InterIcSound_Example.a(CyFlash.o)
 .debug_line    0x0000189a      0x217 .\ARM_GCC_493\Debug\InterIcSound_Example.a(CySpc.o)

.debug_frame    0x00000000     0x1acc
 *(.debug_frame)
 .debug_frame   0x00000000       0x74 .\ARM_GCC_493\Debug\main.o
 .debug_frame   0x00000074       0xd8 .\ARM_GCC_493\Debug\Cm3Start.o
 .debug_frame   0x0000014c      0x160 .\ARM_GCC_493\Debug\InterIcSound_Example.a(cyfitter_cfg.o)
 .debug_frame   0x000002ac      0x118 .\ARM_GCC_493\Debug\InterIcSound_Example.a(I2S_1.o)
 .debug_frame   0x000003c4       0x58 .\ARM_GCC_493\Debug\InterIcSound_Example.a(TxDMA_dma.o)
 .debug_frame   0x0000041c      0x3d0 .\ARM_GCC_493\Debug\InterIcSound_Example.a(CyDmac.o)
 .debug_frame   0x000007ec      0xbe8 .\ARM_GCC_493\Debug\InterIcSound_Example.a(CyLib.o)
 .debug_frame   0x000013d4      0x234 .\ARM_GCC_493\Debug\InterIcSound_Example.a(cyPm.o)
 .debug_frame   0x00001608      0x210 .\ARM_GCC_493\Debug\InterIcSound_Example.a(CyFlash.o)
 .debug_frame   0x00001818      0x1f8 .\ARM_GCC_493\Debug\InterIcSound_Example.a(CySpc.o)
 .debug_frame   0x00001a10       0x20 c:/program files (x86)/cypress/psoc creator/3.3/psoc creator/import/gnu/arm/4.9.3/bin/../lib/gcc/arm-none-eabi/4.9.3/../../../../arm-none-eabi/lib/armv7-m\libg_nano.a(lib_a-errno.o)
 .debug_frame   0x00001a30       0x28 c:/program files (x86)/cypress/psoc creator/3.3/psoc creator/import/gnu/arm/4.9.3/bin/../lib/gcc/arm-none-eabi/4.9.3/../../../../arm-none-eabi/lib/armv7-m\libg_nano.a(lib_a-exit.o)
 .debug_frame   0x00001a58       0x2c c:/program files (x86)/cypress/psoc creator/3.3/psoc creator/import/gnu/arm/4.9.3/bin/../lib/gcc/arm-none-eabi/4.9.3/../../../../arm-none-eabi/lib/armv7-m\libg_nano.a(lib_a-init.o)
 .debug_frame   0x00001a84       0x28 c:/program files (x86)/cypress/psoc creator/3.3/psoc creator/import/gnu/arm/4.9.3/bin/../lib/gcc/arm-none-eabi/4.9.3/../../../../arm-none-eabi/lib/armv7-m\libg_nano.a(lib_a-memcpy.o)
 .debug_frame   0x00001aac       0x20 c:/program files (x86)/cypress/psoc creator/3.3/psoc creator/import/gnu/arm/4.9.3/bin/../lib/gcc/arm-none-eabi/4.9.3/../../../../arm-none-eabi/lib/armv7-m\libg_nano.a(lib_a-memset.o)

.debug_str      0x00000000     0x1762
 *(.debug_str)
 .debug_str     0x00000000      0x1ed .\ARM_GCC_493\Debug\main.o
                                0x22e (size before relaxing)
 .debug_str     0x000001ed       0x77 .\ARM_GCC_493\Debug\cymetadata.o
                                0x21f (size before relaxing)
 .debug_str     0x00000264      0x12d .\ARM_GCC_493\Debug\Cm3Start.o
                                0x300 (size before relaxing)
 .debug_str     0x00000391      0x181 .\ARM_GCC_493\Debug\InterIcSound_Example.a(cyfitter_cfg.o)
                                0x348 (size before relaxing)
 .debug_str     0x00000512       0xa0 .\ARM_GCC_493\Debug\InterIcSound_Example.a(I2S_1.o)
                                0x24d (size before relaxing)
 .debug_str     0x000005b2       0x95 .\ARM_GCC_493\Debug\InterIcSound_Example.a(TxDMA_dma.o)
                                0x244 (size before relaxing)
 .debug_str     0x00000647      0x37d .\ARM_GCC_493\Debug\InterIcSound_Example.a(CyDmac.o)
                                0x546 (size before relaxing)
 .debug_str     0x000009c4      0x7c8 .\ARM_GCC_493\Debug\InterIcSound_Example.a(CyLib.o)
                                0x9fb (size before relaxing)
 .debug_str     0x0000118c      0x367 .\ARM_GCC_493\Debug\InterIcSound_Example.a(cyPm.o)
                                0x560 (size before relaxing)
 .debug_str     0x000014f3      0x147 .\ARM_GCC_493\Debug\InterIcSound_Example.a(CyFlash.o)
                                0x31f (size before relaxing)
 .debug_str     0x0000163a      0x128 .\ARM_GCC_493\Debug\InterIcSound_Example.a(CySpc.o)
                                0x31c (size before relaxing)

.debug_loc
 *(.debug_loc)

.debug_macinfo
 *(.debug_macinfo)

.debug_ranges   0x00000000      0x5b0
 *(.debug_ranges)
 .debug_ranges  0x00000000       0x20 .\ARM_GCC_493\Debug\main.o
 .debug_ranges  0x00000020       0x38 .\ARM_GCC_493\Debug\Cm3Start.o
 .debug_ranges  0x00000058       0x50 .\ARM_GCC_493\Debug\InterIcSound_Example.a(cyfitter_cfg.o)
 .debug_ranges  0x000000a8       0x40 .\ARM_GCC_493\Debug\InterIcSound_Example.a(I2S_1.o)
 .debug_ranges  0x000000e8       0x18 .\ARM_GCC_493\Debug\InterIcSound_Example.a(TxDMA_dma.o)
 .debug_ranges  0x00000100       0xc8 .\ARM_GCC_493\Debug\InterIcSound_Example.a(CyDmac.o)
 .debug_ranges  0x000001c8      0x288 .\ARM_GCC_493\Debug\InterIcSound_Example.a(CyLib.o)
 .debug_ranges  0x00000450       0x88 .\ARM_GCC_493\Debug\InterIcSound_Example.a(cyPm.o)
 .debug_ranges  0x000004d8       0x70 .\ARM_GCC_493\Debug\InterIcSound_Example.a(CyFlash.o)
 .debug_ranges  0x00000548       0x68 .\ARM_GCC_493\Debug\InterIcSound_Example.a(CySpc.o)

.comment        0x00000000       0x70
 .comment       0x00000000       0x70 .\ARM_GCC_493\Debug\main.o
                                 0x71 (size before relaxing)
 .comment       0x00000000       0x71 .\ARM_GCC_493\Debug\cymetadata.o
 .comment       0x00000000       0x71 .\ARM_GCC_493\Debug\Cm3Start.o
 .comment       0x00000000       0x71 .\ARM_GCC_493\Debug\InterIcSound_Example.a(cyfitter_cfg.o)
 .comment       0x00000000       0x71 .\ARM_GCC_493\Debug\InterIcSound_Example.a(I2S_1.o)
 .comment       0x00000000       0x71 .\ARM_GCC_493\Debug\InterIcSound_Example.a(TxDMA_dma.o)
 .comment       0x00000000       0x71 .\ARM_GCC_493\Debug\InterIcSound_Example.a(CyDmac.o)
 .comment       0x00000000       0x71 .\ARM_GCC_493\Debug\InterIcSound_Example.a(CyLib.o)
 .comment       0x00000000       0x71 .\ARM_GCC_493\Debug\InterIcSound_Example.a(cyPm.o)
 .comment       0x00000000       0x71 .\ARM_GCC_493\Debug\InterIcSound_Example.a(CyFlash.o)
 .comment       0x00000000       0x71 .\ARM_GCC_493\Debug\InterIcSound_Example.a(CySpc.o)

.debug_weaknames
 *(.debug_weaknames)

.debug_funcnames
 *(.debug_funcnames)

.debug_typenames
 *(.debug_typenames)

.debug_varnames
 *(.debug_varnames)

.note.gnu.arm.ident
 *(.note.gnu.arm.ident)

.ARM.attributes
                0x00000000       0x29
 *(.ARM.attributes)
 .ARM.attributes
                0x00000000       0x1d c:/program files (x86)/cypress/psoc creator/3.3/psoc creator/import/gnu/arm/4.9.3/bin/../lib/gcc/arm-none-eabi/4.9.3/armv7-m/crti.o
 .ARM.attributes
                0x0000001d       0x2d c:/program files (x86)/cypress/psoc creator/3.3/psoc creator/import/gnu/arm/4.9.3/bin/../lib/gcc/arm-none-eabi/4.9.3/armv7-m/crtbegin.o
 .ARM.attributes
                0x0000004a       0x1b c:/program files (x86)/cypress/psoc creator/3.3/psoc creator/import/gnu/arm/4.9.3/bin/../lib/gcc/arm-none-eabi/4.9.3/../../../../arm-none-eabi/lib/armv7-m/crt0.o
 .ARM.attributes
                0x00000065       0x33 .\ARM_GCC_493\Debug\main.o
 .ARM.attributes
                0x00000098       0x33 .\ARM_GCC_493\Debug\cymetadata.o
 .ARM.attributes
                0x000000cb       0x33 .\ARM_GCC_493\Debug\Cm3Start.o
 .ARM.attributes
                0x000000fe       0x33 .\ARM_GCC_493\Debug\InterIcSound_Example.a(cyfitter_cfg.o)
 .ARM.attributes
                0x00000131       0x33 .\ARM_GCC_493\Debug\InterIcSound_Example.a(I2S_1.o)
 .ARM.attributes
                0x00000164       0x33 .\ARM_GCC_493\Debug\InterIcSound_Example.a(TxDMA_dma.o)
 .ARM.attributes
                0x00000197       0x21 .\ARM_GCC_493\Debug\InterIcSound_Example.a(CyBootAsmGnu.o)
 .ARM.attributes
                0x000001b8       0x33 .\ARM_GCC_493\Debug\InterIcSound_Example.a(CyDmac.o)
 .ARM.attributes
                0x000001eb       0x33 .\ARM_GCC_493\Debug\InterIcSound_Example.a(CyLib.o)
 .ARM.attributes
                0x0000021e       0x33 .\ARM_GCC_493\Debug\InterIcSound_Example.a(cyPm.o)
 .ARM.attributes
                0x00000251       0x33 .\ARM_GCC_493\Debug\InterIcSound_Example.a(CyFlash.o)
 .ARM.attributes
                0x00000284       0x33 .\ARM_GCC_493\Debug\InterIcSound_Example.a(CySpc.o)
 .ARM.attributes
                0x000002b7       0x2d c:/program files (x86)/cypress/psoc creator/3.3/psoc creator/import/gnu/arm/4.9.3/bin/../lib/gcc/arm-none-eabi/4.9.3/../../../../arm-none-eabi/lib/armv7-m\libg_nano.a(lib_a-errno.o)
 .ARM.attributes
                0x000002e4       0x2d c:/program files (x86)/cypress/psoc creator/3.3/psoc creator/import/gnu/arm/4.9.3/bin/../lib/gcc/arm-none-eabi/4.9.3/../../../../arm-none-eabi/lib/armv7-m\libg_nano.a(lib_a-exit.o)
 .ARM.attributes
                0x00000311       0x2d c:/program files (x86)/cypress/psoc creator/3.3/psoc creator/import/gnu/arm/4.9.3/bin/../lib/gcc/arm-none-eabi/4.9.3/../../../../arm-none-eabi/lib/armv7-m\libg_nano.a(lib_a-impure.o)
 .ARM.attributes
                0x0000033e       0x2d c:/program files (x86)/cypress/psoc creator/3.3/psoc creator/import/gnu/arm/4.9.3/bin/../lib/gcc/arm-none-eabi/4.9.3/../../../../arm-none-eabi/lib/armv7-m\libg_nano.a(lib_a-init.o)
 .ARM.attributes
                0x0000036b       0x2d c:/program files (x86)/cypress/psoc creator/3.3/psoc creator/import/gnu/arm/4.9.3/bin/../lib/gcc/arm-none-eabi/4.9.3/../../../../arm-none-eabi/lib/armv7-m\libg_nano.a(lib_a-memcpy.o)
 .ARM.attributes
                0x00000398       0x2d c:/program files (x86)/cypress/psoc creator/3.3/psoc creator/import/gnu/arm/4.9.3/bin/../lib/gcc/arm-none-eabi/4.9.3/../../../../arm-none-eabi/lib/armv7-m\libg_nano.a(lib_a-memset.o)
 .ARM.attributes
                0x000003c5       0x2d c:/program files (x86)/cypress/psoc creator/3.3/psoc creator/import/gnu/arm/4.9.3/bin/../lib/gcc/arm-none-eabi/4.9.3/armv7-m/crtend.o
 .ARM.attributes
                0x000003f2       0x1d c:/program files (x86)/cypress/psoc creator/3.3/psoc creator/import/gnu/arm/4.9.3/bin/../lib/gcc/arm-none-eabi/4.9.3/armv7-m/crtn.o

/DISCARD/
 *(.note.GNU-stack)
OUTPUT(.\ARM_GCC_493\Debug\InterIcSound_Example.elf elf32-littlearm)
