ARM GAS  C:\Users\LUKASC~1\AppData\Local\Temp\cczIDhSk.s 			page 1


   1              		.syntax unified
   2              		.cpu cortex-m3
   3              		.fpu softvfp
   4              		.eabi_attribute 20, 1
   5              		.eabi_attribute 21, 1
   6              		.eabi_attribute 23, 3
   7              		.eabi_attribute 24, 1
   8              		.eabi_attribute 25, 1
   9              		.eabi_attribute 26, 1
  10              		.eabi_attribute 30, 6
  11              		.eabi_attribute 34, 1
  12              		.eabi_attribute 18, 4
  13              		.thumb
  14              		.file	"main.c"
  15              		.text
  16              	.Ltext0:
  17              		.cfi_sections	.debug_frame
  18              		.bss
  19              	txDmaChan:
  20 0000 00       		.space	1
  21 0001 000000   		.align	2
  22              	txDmaTd:
  23 0004 00       		.space	1
  24              		.global	txBuff
  25 0005 000000   		.data
  26              		.align	2
  27              		.type	txBuff, %object
  28              		.size	txBuff, 4
  29              	txBuff:
  30 0000 00       		.byte	0
  31 0001 99       		.byte	-103
  32 0002 CC       		.byte	-52
  33 0003 FF       		.byte	-1
  34              		.section	.text.main,"ax",%progbits
  35              		.align	2
  36              		.global	main
  37              		.thumb
  38              		.thumb_func
  39              		.type	main, %function
  40              	main:
  41              	.LFB63:
  42              		.file 1 ".\\main.c"
   1:.\main.c      **** /*******************************************************************************
   2:.\main.c      **** * File Name: main.c
   3:.\main.c      **** *
   4:.\main.c      **** * Version: 2.0
   5:.\main.c      **** *
   6:.\main.c      **** * Description:
   7:.\main.c      **** *  This is the source code for the example project of the Inter-IC Sound Bus
   8:.\main.c      **** * (I2S) component.
   9:.\main.c      **** *
  10:.\main.c      **** *  Parameters used:
  11:.\main.c      **** *   Direction:          Tx and Rx
  12:.\main.c      **** *   WordSelect:         64 bits
  13:.\main.c      **** *   DataBits:           16 bits
  14:.\main.c      **** *   DataInterleaving:   Interleaved
  15:.\main.c      **** *   DMA Request:        Tx and Rx
ARM GAS  C:\Users\LUKASC~1\AppData\Local\Temp\cczIDhSk.s 			page 2


  16:.\main.c      **** *   Rx clip detection:  Enabled
  17:.\main.c      **** *
  18:.\main.c      **** *  I2S data transfers with a loopback. Tx data is sent from the memory to
  19:.\main.c      **** *  the Tx FIFO using TxDMA. The data is transmitted on the Tx direction and
  20:.\main.c      **** *  is received on the Rx direction.
  21:.\main.c      **** *  RxDMA transfers the data from Rx FIFO to the SRAM buffer.
  22:.\main.c      **** *  Received data is  displayed on the LCD. 
  23:.\main.c      **** *  Pressing SW1 on the DVK increments the value of the first element in the
  24:.\main.c      **** *  transmit buffer. If the value crosses the negative and positive clipping
  25:.\main.c      **** *  thresholds, the LED1 is turned on.
  26:.\main.c      **** *
  27:.\main.c      **** ********************************************************************************
  28:.\main.c      **** * Copyright 2012-2014, Cypress Semiconductor Corporation. All rights reserved.
  29:.\main.c      **** * This software is owned by Cypress Semiconductor Corporation and is protected
  30:.\main.c      **** * by and subject to worldwide patent and copyright laws and treaties.
  31:.\main.c      **** * Therefore, you may use this software only as provided in the license agreement
  32:.\main.c      **** * accompanying the software package from which you obtained this software.
  33:.\main.c      **** * CYPRESS AND ITS SUPPLIERS MAKE NO WARRANTY OF ANY KIND, EXPRESS OR IMPLIED,
  34:.\main.c      **** * WITH REGARD TO THIS SOFTWARE, INCLUDING, BUT NOT LIMITED TO, NONINFRINGEMENT,
  35:.\main.c      **** * IMPLIED WARRANTIES OF MERCHANTABILITY AND FITNESS FOR A PARTICULAR PURPOSE.
  36:.\main.c      **** *******************************************************************************/
  37:.\main.c      **** 
  38:.\main.c      **** #include <project.h>
  39:.\main.c      **** 
  40:.\main.c      **** #define BUFFER_SIZE                 (4u)
  41:.\main.c      **** #define	BUTTON_DEBOUNCE_COUNT_MAX	(30u)
  42:.\main.c      **** #define	USERIO_DISPLAY_REFRESH      (100u)
  43:.\main.c      **** 
  44:.\main.c      **** /* DMA Configuration for RxDMA */
  45:.\main.c      **** #define RxDMA_BYTES_PER_BURST       (1u)
  46:.\main.c      **** #define RxDMA_REQUEST_PER_BURST     (1u)
  47:.\main.c      **** #define RxDMA_SRC_BASE              (CYDEV_PERIPH_BASE)
  48:.\main.c      **** #define RxDMA_DST_BASE              (CYDEV_SRAM_BASE)
  49:.\main.c      **** 
  50:.\main.c      **** /* DMA Configuration for TxDMA */
  51:.\main.c      **** #define TxDMA_BYTES_PER_BURST       (1u)
  52:.\main.c      **** #define TxDMA_REQUEST_PER_BURST     (1u)
  53:.\main.c      **** #define TxDMA_SRC_BASE              (CYDEV_SRAM_BASE)
  54:.\main.c      **** #define TxDMA_DST_BASE              (CYDEV_PERIPH_BASE)
  55:.\main.c      **** 
  56:.\main.c      **** /* Function prototypes */
  57:.\main.c      **** static void DmaTxConfiguration(void);
  58:.\main.c      **** static void DisplayUpdate(void);
  59:.\main.c      **** 
  60:.\main.c      **** /* Variable declarations for RxDMA and TxDMA */
  61:.\main.c      **** static uint8 txDmaChan;
  62:.\main.c      **** static uint8 txDmaTd[1u];
  63:.\main.c      **** 
  64:.\main.c      **** /* Data to be transmitted by Tx */
  65:.\main.c      **** uint8 txBuff[BUFFER_SIZE] = {0x00, 0x99, 0xCC, 0xFF};
  66:.\main.c      **** 
  67:.\main.c      **** 
  68:.\main.c      **** /*******************************************************************************
  69:.\main.c      **** * Function Name: main
  70:.\main.c      **** ********************************************************************************
  71:.\main.c      **** *
  72:.\main.c      **** * Summary:
ARM GAS  C:\Users\LUKASC~1\AppData\Local\Temp\cczIDhSk.s 			page 3


  73:.\main.c      **** *  The main function performs the following tasks:
  74:.\main.c      **** *   1. Starts all components
  75:.\main.c      **** *   2. Configures the DMA transfer for the Rx and Tx directions
  76:.\main.c      **** *   3. Enables Rx and Tx directions
  77:.\main.c      **** *   4. Scans for a button event and increment the first element of txBuff[] if
  78:.\main.c      **** *      the button was pressed
  79:.\main.c      **** *   5. Prints out the received data onto the LCD with a user defined refresh
  80:.\main.c      **** *      rate
  81:.\main.c      **** *   
  82:.\main.c      **** * Parameters:
  83:.\main.c      **** *  None.
  84:.\main.c      **** *
  85:.\main.c      **** * Return:
  86:.\main.c      **** *  None.
  87:.\main.c      **** *
  88:.\main.c      **** *******************************************************************************/
  89:.\main.c      **** int main()
  90:.\main.c      **** {   
  43              		.loc 1 90 0
  44              		.cfi_startproc
  45              		@ args = 0, pretend = 0, frame = 8
  46              		@ frame_needed = 1, uses_anonymous_args = 0
  47 0000 80B5     		push	{r7, lr}
  48              		.cfi_def_cfa_offset 8
  49              		.cfi_offset 7, -8
  50              		.cfi_offset 14, -4
  51 0002 82B0     		sub	sp, sp, #8
  52              		.cfi_def_cfa_offset 16
  53 0004 00AF     		add	r7, sp, #0
  54              		.cfi_def_cfa_register 7
  91:.\main.c      ****     uint8 refreshRate = USERIO_DISPLAY_REFRESH;
  55              		.loc 1 91 0
  56 0006 6423     		movs	r3, #100
  57 0008 FB71     		strb	r3, [r7, #7]
  92:.\main.c      **** 
  93:.\main.c      **** 
  94:.\main.c      ****     I2S_1_Start();
  58              		.loc 1 94 0
  59 000a FFF7FEFF 		bl	I2S_1_Start
  95:.\main.c      ****     
  96:.\main.c      ****     /* Configure DMAs for each direction */ 
  97:.\main.c      ****     DmaTxConfiguration();
  60              		.loc 1 97 0
  61 000e FFF7FEFF 		bl	DmaTxConfiguration
  98:.\main.c      **** 
  99:.\main.c      ****     while(0u != (I2S_1_ReadTxStatus() & I2S_1_TX_FIFO_0_NOT_FULL))
  62              		.loc 1 99 0
  63 0012 00BF     		nop
  64              	.L2:
  65              		.loc 1 99 0 is_stmt 0 discriminator 1
  66 0014 064B     		ldr	r3, .L4
  67 0016 1B78     		ldrb	r3, [r3]
  68 0018 DBB2     		uxtb	r3, r3
  69 001a 03F00203 		and	r3, r3, #2
  70 001e 002B     		cmp	r3, #0
  71 0020 F8D1     		bne	.L2
 100:.\main.c      ****     {
ARM GAS  C:\Users\LUKASC~1\AppData\Local\Temp\cczIDhSk.s 			page 4


 101:.\main.c      ****         /* Wait for TxDMA to fill Tx FIFO */
 102:.\main.c      ****     }
 103:.\main.c      ****     CyDelayUs(1);
  72              		.loc 1 103 0 is_stmt 1
  73 0022 0120     		movs	r0, #1
  74 0024 FFF7FEFF 		bl	CyDelayUs
 104:.\main.c      ****     I2S_1_EnableTx();   /* Enable Tx direction */
  75              		.loc 1 104 0
  76 0028 FFF7FEFF 		bl	I2S_1_EnableTx
  77              	.L3:
 105:.\main.c      ****    
 106:.\main.c      ****     for(;;)
 107:.\main.c      ****     {
 108:.\main.c      ****         /* Execute following tasks once every millisecond */
 109:.\main.c      ****         //CyDelay(1u);
 110:.\main.c      **** 
 111:.\main.c      ****         
 112:.\main.c      **** 
 113:.\main.c      ****     }
  78              		.loc 1 113 0 discriminator 1
  79 002c FEE7     		b	.L3
  80              	.L5:
  81 002e 00BF     		.align	2
  82              	.L4:
  83 0030 62640040 		.word	1073767522
  84              		.cfi_endproc
  85              	.LFE63:
  86              		.size	main, .-main
  87              		.section	.text.DmaTxConfiguration,"ax",%progbits
  88              		.align	2
  89              		.thumb
  90              		.thumb_func
  91              		.type	DmaTxConfiguration, %function
  92              	DmaTxConfiguration:
  93              	.LFB64:
 114:.\main.c      **** }
 115:.\main.c      **** 
 116:.\main.c      **** 
 117:.\main.c      **** /*******************************************************************************
 118:.\main.c      **** * Function Name: DmaTxConfiguration
 119:.\main.c      **** ********************************************************************************
 120:.\main.c      **** *
 121:.\main.c      **** * Summary:
 122:.\main.c      **** *  Configures the DMA transfer for the Tx direction.
 123:.\main.c      **** *   
 124:.\main.c      **** * Parameters:
 125:.\main.c      **** *  None.
 126:.\main.c      **** *
 127:.\main.c      **** * Return:
 128:.\main.c      **** *  None.
 129:.\main.c      **** *
 130:.\main.c      **** *******************************************************************************/
 131:.\main.c      **** void DmaTxConfiguration(void)
 132:.\main.c      **** {
  94              		.loc 1 132 0
  95              		.cfi_startproc
  96              		@ args = 0, pretend = 0, frame = 0
ARM GAS  C:\Users\LUKASC~1\AppData\Local\Temp\cczIDhSk.s 			page 5


  97              		@ frame_needed = 1, uses_anonymous_args = 0
  98 0000 80B5     		push	{r7, lr}
  99              		.cfi_def_cfa_offset 8
 100              		.cfi_offset 7, -8
 101              		.cfi_offset 14, -4
 102 0002 00AF     		add	r7, sp, #0
 103              		.cfi_def_cfa_register 7
 133:.\main.c      ****      /* Tx DMA Config
 134:.\main.c      ****     * Init DMA, 1 byte bursts, each burst requires a request
 135:.\main.c      ****     */ 
 136:.\main.c      ****     txDmaChan = TxDMA_DmaInitialize(TxDMA_BYTES_PER_BURST, TxDMA_REQUEST_PER_BURST, 
 104              		.loc 1 136 0
 105 0004 0120     		movs	r0, #1
 106 0006 0121     		movs	r1, #1
 107 0008 41F6FF72 		movw	r2, #8191
 108 000c 4FF48043 		mov	r3, #16384
 109 0010 FFF7FEFF 		bl	TxDMA_DmaInitialize
 110 0014 0346     		mov	r3, r0
 111 0016 1A46     		mov	r2, r3
 112 0018 154B     		ldr	r3, .L7
 113 001a 1A70     		strb	r2, [r3]
 137:.\main.c      ****                                     HI16(TxDMA_SRC_BASE), HI16(TxDMA_DST_BASE));
 138:.\main.c      **** 
 139:.\main.c      ****     txDmaTd[0u] = CyDmaTdAllocate();
 114              		.loc 1 139 0
 115 001c FFF7FEFF 		bl	CyDmaTdAllocate
 116 0020 0346     		mov	r3, r0
 117 0022 1A46     		mov	r2, r3
 118 0024 134B     		ldr	r3, .L7+4
 119 0026 1A70     		strb	r2, [r3]
 140:.\main.c      **** 
 141:.\main.c      ****     /* Configure this Td chain as follows:
 142:.\main.c      ****     *  - The TD is looping on itself
 143:.\main.c      ****     *  - Increment the source address, but not the destination address   
 144:.\main.c      ****     */
 145:.\main.c      ****     CyDmaTdSetConfiguration(txDmaTd[0u], BUFFER_SIZE, txDmaTd[0u], TD_INC_SRC_ADR);
 120              		.loc 1 145 0
 121 0028 124B     		ldr	r3, .L7+4
 122 002a 1A78     		ldrb	r2, [r3]	@ zero_extendqisi2
 123 002c 114B     		ldr	r3, .L7+4
 124 002e 1B78     		ldrb	r3, [r3]	@ zero_extendqisi2
 125 0030 1046     		mov	r0, r2
 126 0032 0421     		movs	r1, #4
 127 0034 1A46     		mov	r2, r3
 128 0036 0123     		movs	r3, #1
 129 0038 FFF7FEFF 		bl	CyDmaTdSetConfiguration
 146:.\main.c      ****     
 147:.\main.c      ****     /* From the memory to the I2S */
 148:.\main.c      ****     CyDmaTdSetAddress(txDmaTd[0u], LO16((uint32)txBuff), LO16((uint32)I2S_1_TX_CH0_F0_PTR));
 130              		.loc 1 148 0
 131 003c 0D4B     		ldr	r3, .L7+4
 132 003e 1A78     		ldrb	r2, [r3]	@ zero_extendqisi2
 133 0040 0D4B     		ldr	r3, .L7+8
 134 0042 9BB2     		uxth	r3, r3
 135 0044 1046     		mov	r0, r2
 136 0046 1946     		mov	r1, r3
 137 0048 46F24242 		movw	r2, #25666
ARM GAS  C:\Users\LUKASC~1\AppData\Local\Temp\cczIDhSk.s 			page 6


 138 004c FFF7FEFF 		bl	CyDmaTdSetAddress
 149:.\main.c      **** 
 150:.\main.c      ****     /* Associate the TD with the channel */
 151:.\main.c      ****     CyDmaChSetInitialTd(txDmaChan, txDmaTd[0u]);
 139              		.loc 1 151 0
 140 0050 074B     		ldr	r3, .L7
 141 0052 1A78     		ldrb	r2, [r3]	@ zero_extendqisi2
 142 0054 074B     		ldr	r3, .L7+4
 143 0056 1B78     		ldrb	r3, [r3]	@ zero_extendqisi2
 144 0058 1046     		mov	r0, r2
 145 005a 1946     		mov	r1, r3
 146 005c FFF7FEFF 		bl	CyDmaChSetInitialTd
 152:.\main.c      **** 
 153:.\main.c      ****     /* Enable the channel */
 154:.\main.c      ****     CyDmaChEnable(txDmaChan, 1u);
 147              		.loc 1 154 0
 148 0060 034B     		ldr	r3, .L7
 149 0062 1B78     		ldrb	r3, [r3]	@ zero_extendqisi2
 150 0064 1846     		mov	r0, r3
 151 0066 0121     		movs	r1, #1
 152 0068 FFF7FEFF 		bl	CyDmaChEnable
 155:.\main.c      **** }
 153              		.loc 1 155 0
 154 006c 80BD     		pop	{r7, pc}
 155              	.L8:
 156 006e 00BF     		.align	2
 157              	.L7:
 158 0070 00000000 		.word	txDmaChan
 159 0074 04000000 		.word	txDmaTd
 160 0078 00000000 		.word	txBuff
 161              		.cfi_endproc
 162              	.LFE64:
 163              		.size	DmaTxConfiguration, .-DmaTxConfiguration
 164              		.section	.text.DisplayUpdate,"ax",%progbits
 165              		.align	2
 166              		.thumb
 167              		.thumb_func
 168              		.type	DisplayUpdate, %function
 169              	DisplayUpdate:
 170              	.LFB65:
 156:.\main.c      **** 
 157:.\main.c      **** 
 158:.\main.c      **** /*******************************************************************************
 159:.\main.c      **** *  Function Name: DisplayUpdate
 160:.\main.c      **** ********************************************************************************
 161:.\main.c      **** *
 162:.\main.c      **** * Summary:
 163:.\main.c      **** *  This function prints out the Tx and Rx data onto the LCD.  
 164:.\main.c      **** *
 165:.\main.c      **** * Parameters:
 166:.\main.c      **** *  None.
 167:.\main.c      **** *
 168:.\main.c      **** * Return:
 169:.\main.c      **** *  None.
 170:.\main.c      **** *
 171:.\main.c      **** *******************************************************************************/
 172:.\main.c      **** static void DisplayUpdate(void)
ARM GAS  C:\Users\LUKASC~1\AppData\Local\Temp\cczIDhSk.s 			page 7


 173:.\main.c      **** {
 171              		.loc 1 173 0
 172              		.cfi_startproc
 173              		@ args = 0, pretend = 0, frame = 8
 174              		@ frame_needed = 1, uses_anonymous_args = 0
 175              		@ link register save eliminated.
 176 0000 80B4     		push	{r7}
 177              		.cfi_def_cfa_offset 4
 178              		.cfi_offset 7, -4
 179 0002 83B0     		sub	sp, sp, #12
 180              		.cfi_def_cfa_offset 16
 181 0004 00AF     		add	r7, sp, #0
 182              		.cfi_def_cfa_register 7
 174:.\main.c      ****     uint8 idx;
 175:.\main.c      ****     uint8 col;
 176:.\main.c      **** 
 177:.\main.c      ****     /* Set start position for data output */
 178:.\main.c      ****     col = 4u; 
 183              		.loc 1 178 0
 184 0006 0423     		movs	r3, #4
 185 0008 BB71     		strb	r3, [r7, #6]
 179:.\main.c      **** 	for(idx = 0u; idx < BUFFER_SIZE; idx++)
 186              		.loc 1 179 0
 187 000a 0023     		movs	r3, #0
 188 000c FB71     		strb	r3, [r7, #7]
 189 000e 05E0     		b	.L10
 190              	.L11:
 180:.\main.c      ****     {
 181:.\main.c      ****         //LCD_Position(0u, col);
 182:.\main.c      ****         //LCD_PrintInt8(txBuff[idx]);
 183:.\main.c      ****         col += 3u;
 191              		.loc 1 183 0 discriminator 3
 192 0010 BB79     		ldrb	r3, [r7, #6]
 193 0012 0333     		adds	r3, r3, #3
 194 0014 BB71     		strb	r3, [r7, #6]
 179:.\main.c      **** 	for(idx = 0u; idx < BUFFER_SIZE; idx++)
 195              		.loc 1 179 0 discriminator 3
 196 0016 FB79     		ldrb	r3, [r7, #7]	@ zero_extendqisi2
 197 0018 0133     		adds	r3, r3, #1
 198 001a FB71     		strb	r3, [r7, #7]
 199              	.L10:
 179:.\main.c      **** 	for(idx = 0u; idx < BUFFER_SIZE; idx++)
 200              		.loc 1 179 0 is_stmt 0 discriminator 1
 201 001c FB79     		ldrb	r3, [r7, #7]	@ zero_extendqisi2
 202 001e 032B     		cmp	r3, #3
 203 0020 F6D9     		bls	.L11
 184:.\main.c      ****     }
 185:.\main.c      **** }
 204              		.loc 1 185 0 is_stmt 1
 205 0022 0C37     		adds	r7, r7, #12
 206              		.cfi_def_cfa_offset 4
 207 0024 BD46     		mov	sp, r7
 208              		.cfi_def_cfa_register 13
 209              		@ sp needed
 210 0026 5DF8047B 		ldr	r7, [sp], #4
 211              		.cfi_restore 7
 212              		.cfi_def_cfa_offset 0
ARM GAS  C:\Users\LUKASC~1\AppData\Local\Temp\cczIDhSk.s 			page 8


 213 002a 7047     		bx	lr
 214              		.cfi_endproc
 215              	.LFE65:
 216              		.size	DisplayUpdate, .-DisplayUpdate
 217              		.text
 218              	.Letext0:
 219              		.file 2 "c:\\program files (x86)\\cypress\\psoc creator\\3.3\\psoc creator\\import\\gnu\\arm\\4.9.
 220              		.file 3 "c:\\program files (x86)\\cypress\\psoc creator\\3.3\\psoc creator\\import\\gnu\\arm\\4.9.
 221              		.file 4 "Generated_Source\\PSoC5/cytypes.h"
 222              		.file 5 "Generated_Source\\PSoC5/core_cm3.h"
 223              		.section	.debug_info,"",%progbits
 224              	.Ldebug_info0:
 225 0000 9E010000 		.4byte	0x19e
 226 0004 0400     		.2byte	0x4
 227 0006 00000000 		.4byte	.Ldebug_abbrev0
 228 000a 04       		.byte	0x4
 229 000b 01       		.uleb128 0x1
 230 000c 0A000000 		.4byte	.LASF24
 231 0010 01       		.byte	0x1
 232 0011 0D010000 		.4byte	.LASF25
 233 0015 98000000 		.4byte	.LASF26
 234 0019 00000000 		.4byte	.Ldebug_ranges0+0
 235 001d 00000000 		.4byte	0
 236 0021 00000000 		.4byte	.Ldebug_line0
 237 0025 02       		.uleb128 0x2
 238 0026 01       		.byte	0x1
 239 0027 06       		.byte	0x6
 240 0028 16020000 		.4byte	.LASF0
 241 002c 02       		.uleb128 0x2
 242 002d 01       		.byte	0x1
 243 002e 08       		.byte	0x8
 244 002f 23010000 		.4byte	.LASF1
 245 0033 02       		.uleb128 0x2
 246 0034 02       		.byte	0x2
 247 0035 05       		.byte	0x5
 248 0036 EA010000 		.4byte	.LASF2
 249 003a 02       		.uleb128 0x2
 250 003b 02       		.byte	0x2
 251 003c 07       		.byte	0x7
 252 003d 56010000 		.4byte	.LASF3
 253 0041 03       		.uleb128 0x3
 254 0042 00000000 		.4byte	.LASF9
 255 0046 02       		.byte	0x2
 256 0047 3F       		.byte	0x3f
 257 0048 4C000000 		.4byte	0x4c
 258 004c 02       		.uleb128 0x2
 259 004d 04       		.byte	0x4
 260 004e 05       		.byte	0x5
 261 004f 0D020000 		.4byte	.LASF4
 262 0053 02       		.uleb128 0x2
 263 0054 04       		.byte	0x4
 264 0055 07       		.byte	0x7
 265 0056 44010000 		.4byte	.LASF5
 266 005a 02       		.uleb128 0x2
 267 005b 08       		.byte	0x8
 268 005c 05       		.byte	0x5
 269 005d CF010000 		.4byte	.LASF6
ARM GAS  C:\Users\LUKASC~1\AppData\Local\Temp\cczIDhSk.s 			page 9


 270 0061 02       		.uleb128 0x2
 271 0062 08       		.byte	0x8
 272 0063 07       		.byte	0x7
 273 0064 A7010000 		.4byte	.LASF7
 274 0068 04       		.uleb128 0x4
 275 0069 04       		.byte	0x4
 276 006a 05       		.byte	0x5
 277 006b 696E7400 		.ascii	"int\000"
 278 006f 02       		.uleb128 0x2
 279 0070 04       		.byte	0x4
 280 0071 07       		.byte	0x7
 281 0072 9A010000 		.4byte	.LASF8
 282 0076 03       		.uleb128 0x3
 283 0077 BE010000 		.4byte	.LASF10
 284 007b 03       		.byte	0x3
 285 007c 2C       		.byte	0x2c
 286 007d 41000000 		.4byte	0x41
 287 0081 05       		.uleb128 0x5
 288 0082 F4010000 		.4byte	.LASF11
 289 0086 04       		.byte	0x4
 290 0087 3801     		.2byte	0x138
 291 0089 2C000000 		.4byte	0x2c
 292 008d 05       		.uleb128 0x5
 293 008e 7D010000 		.4byte	.LASF12
 294 0092 04       		.byte	0x4
 295 0093 3901     		.2byte	0x139
 296 0095 3A000000 		.4byte	0x3a
 297 0099 05       		.uleb128 0x5
 298 009a 93010000 		.4byte	.LASF13
 299 009e 04       		.byte	0x4
 300 009f 3A01     		.2byte	0x13a
 301 00a1 53000000 		.4byte	0x53
 302 00a5 02       		.uleb128 0x2
 303 00a6 04       		.byte	0x4
 304 00a7 04       		.byte	0x4
 305 00a8 16010000 		.4byte	.LASF14
 306 00ac 02       		.uleb128 0x2
 307 00ad 08       		.byte	0x8
 308 00ae 04       		.byte	0x4
 309 00af 76010000 		.4byte	.LASF15
 310 00b3 02       		.uleb128 0x2
 311 00b4 01       		.byte	0x1
 312 00b5 08       		.byte	0x8
 313 00b6 E5010000 		.4byte	.LASF16
 314 00ba 05       		.uleb128 0x5
 315 00bb 3F010000 		.4byte	.LASF17
 316 00bf 04       		.byte	0x4
 317 00c0 E201     		.2byte	0x1e2
 318 00c2 C6000000 		.4byte	0xc6
 319 00c6 06       		.uleb128 0x6
 320 00c7 81000000 		.4byte	0x81
 321 00cb 02       		.uleb128 0x2
 322 00cc 04       		.byte	0x4
 323 00cd 07       		.byte	0x7
 324 00ce C6010000 		.4byte	.LASF18
 325 00d2 07       		.uleb128 0x7
 326 00d3 81000000 		.4byte	0x81
ARM GAS  C:\Users\LUKASC~1\AppData\Local\Temp\cczIDhSk.s 			page 10


 327 00d7 E2000000 		.4byte	0xe2
 328 00db 08       		.uleb128 0x8
 329 00dc CB000000 		.4byte	0xcb
 330 00e0 03       		.byte	0x3
 331 00e1 00       		.byte	0
 332 00e2 09       		.uleb128 0x9
 333 00e3 84010000 		.4byte	.LASF27
 334 00e7 01       		.byte	0x1
 335 00e8 59       		.byte	0x59
 336 00e9 68000000 		.4byte	0x68
 337 00ed 00000000 		.4byte	.LFB63
 338 00f1 34000000 		.4byte	.LFE63-.LFB63
 339 00f5 01       		.uleb128 0x1
 340 00f6 9C       		.byte	0x9c
 341 00f7 0A010000 		.4byte	0x10a
 342 00fb 0A       		.uleb128 0xa
 343 00fc 22020000 		.4byte	.LASF19
 344 0100 01       		.byte	0x1
 345 0101 5B       		.byte	0x5b
 346 0102 81000000 		.4byte	0x81
 347 0106 02       		.uleb128 0x2
 348 0107 91       		.byte	0x91
 349 0108 77       		.sleb128 -9
 350 0109 00       		.byte	0
 351 010a 0B       		.uleb128 0xb
 352 010b FA010000 		.4byte	.LASF28
 353 010f 01       		.byte	0x1
 354 0110 83       		.byte	0x83
 355 0111 00000000 		.4byte	.LFB64
 356 0115 7C000000 		.4byte	.LFE64-.LFB64
 357 0119 01       		.uleb128 0x1
 358 011a 9C       		.byte	0x9c
 359 011b 0C       		.uleb128 0xc
 360 011c 31010000 		.4byte	.LASF29
 361 0120 01       		.byte	0x1
 362 0121 AC       		.byte	0xac
 363 0122 00000000 		.4byte	.LFB65
 364 0126 2C000000 		.4byte	.LFE65-.LFB65
 365 012a 01       		.uleb128 0x1
 366 012b 9C       		.byte	0x9c
 367 012c 4D010000 		.4byte	0x14d
 368 0130 0D       		.uleb128 0xd
 369 0131 69647800 		.ascii	"idx\000"
 370 0135 01       		.byte	0x1
 371 0136 AE       		.byte	0xae
 372 0137 81000000 		.4byte	0x81
 373 013b 02       		.uleb128 0x2
 374 013c 91       		.byte	0x91
 375 013d 77       		.sleb128 -9
 376 013e 0D       		.uleb128 0xd
 377 013f 636F6C00 		.ascii	"col\000"
 378 0143 01       		.byte	0x1
 379 0144 AF       		.byte	0xaf
 380 0145 81000000 		.4byte	0x81
 381 0149 02       		.uleb128 0x2
 382 014a 91       		.byte	0x91
 383 014b 76       		.sleb128 -10
ARM GAS  C:\Users\LUKASC~1\AppData\Local\Temp\cczIDhSk.s 			page 11


 384 014c 00       		.byte	0
 385 014d 0A       		.uleb128 0xa
 386 014e 89010000 		.4byte	.LASF20
 387 0152 01       		.byte	0x1
 388 0153 3D       		.byte	0x3d
 389 0154 81000000 		.4byte	0x81
 390 0158 05       		.uleb128 0x5
 391 0159 03       		.byte	0x3
 392 015a 00000000 		.4byte	txDmaChan
 393 015e 07       		.uleb128 0x7
 394 015f 81000000 		.4byte	0x81
 395 0163 6E010000 		.4byte	0x16e
 396 0167 08       		.uleb128 0x8
 397 0168 CB000000 		.4byte	0xcb
 398 016c 00       		.byte	0
 399 016d 00       		.byte	0
 400 016e 0A       		.uleb128 0xa
 401 016f DD010000 		.4byte	.LASF21
 402 0173 01       		.byte	0x1
 403 0174 3E       		.byte	0x3e
 404 0175 5E010000 		.4byte	0x15e
 405 0179 05       		.uleb128 0x5
 406 017a 03       		.byte	0x3
 407 017b 04000000 		.4byte	txDmaTd
 408 017f 0E       		.uleb128 0xe
 409 0180 69010000 		.4byte	.LASF22
 410 0184 05       		.byte	0x5
 411 0185 5506     		.2byte	0x655
 412 0187 8B010000 		.4byte	0x18b
 413 018b 06       		.uleb128 0x6
 414 018c 76000000 		.4byte	0x76
 415 0190 0F       		.uleb128 0xf
 416 0191 1C010000 		.4byte	.LASF23
 417 0195 01       		.byte	0x1
 418 0196 41       		.byte	0x41
 419 0197 D2000000 		.4byte	0xd2
 420 019b 05       		.uleb128 0x5
 421 019c 03       		.byte	0x3
 422 019d 00000000 		.4byte	txBuff
 423 01a1 00       		.byte	0
 424              		.section	.debug_abbrev,"",%progbits
 425              	.Ldebug_abbrev0:
 426 0000 01       		.uleb128 0x1
 427 0001 11       		.uleb128 0x11
 428 0002 01       		.byte	0x1
 429 0003 25       		.uleb128 0x25
 430 0004 0E       		.uleb128 0xe
 431 0005 13       		.uleb128 0x13
 432 0006 0B       		.uleb128 0xb
 433 0007 03       		.uleb128 0x3
 434 0008 0E       		.uleb128 0xe
 435 0009 1B       		.uleb128 0x1b
 436 000a 0E       		.uleb128 0xe
 437 000b 55       		.uleb128 0x55
 438 000c 17       		.uleb128 0x17
 439 000d 11       		.uleb128 0x11
 440 000e 01       		.uleb128 0x1
ARM GAS  C:\Users\LUKASC~1\AppData\Local\Temp\cczIDhSk.s 			page 12


 441 000f 10       		.uleb128 0x10
 442 0010 17       		.uleb128 0x17
 443 0011 00       		.byte	0
 444 0012 00       		.byte	0
 445 0013 02       		.uleb128 0x2
 446 0014 24       		.uleb128 0x24
 447 0015 00       		.byte	0
 448 0016 0B       		.uleb128 0xb
 449 0017 0B       		.uleb128 0xb
 450 0018 3E       		.uleb128 0x3e
 451 0019 0B       		.uleb128 0xb
 452 001a 03       		.uleb128 0x3
 453 001b 0E       		.uleb128 0xe
 454 001c 00       		.byte	0
 455 001d 00       		.byte	0
 456 001e 03       		.uleb128 0x3
 457 001f 16       		.uleb128 0x16
 458 0020 00       		.byte	0
 459 0021 03       		.uleb128 0x3
 460 0022 0E       		.uleb128 0xe
 461 0023 3A       		.uleb128 0x3a
 462 0024 0B       		.uleb128 0xb
 463 0025 3B       		.uleb128 0x3b
 464 0026 0B       		.uleb128 0xb
 465 0027 49       		.uleb128 0x49
 466 0028 13       		.uleb128 0x13
 467 0029 00       		.byte	0
 468 002a 00       		.byte	0
 469 002b 04       		.uleb128 0x4
 470 002c 24       		.uleb128 0x24
 471 002d 00       		.byte	0
 472 002e 0B       		.uleb128 0xb
 473 002f 0B       		.uleb128 0xb
 474 0030 3E       		.uleb128 0x3e
 475 0031 0B       		.uleb128 0xb
 476 0032 03       		.uleb128 0x3
 477 0033 08       		.uleb128 0x8
 478 0034 00       		.byte	0
 479 0035 00       		.byte	0
 480 0036 05       		.uleb128 0x5
 481 0037 16       		.uleb128 0x16
 482 0038 00       		.byte	0
 483 0039 03       		.uleb128 0x3
 484 003a 0E       		.uleb128 0xe
 485 003b 3A       		.uleb128 0x3a
 486 003c 0B       		.uleb128 0xb
 487 003d 3B       		.uleb128 0x3b
 488 003e 05       		.uleb128 0x5
 489 003f 49       		.uleb128 0x49
 490 0040 13       		.uleb128 0x13
 491 0041 00       		.byte	0
 492 0042 00       		.byte	0
 493 0043 06       		.uleb128 0x6
 494 0044 35       		.uleb128 0x35
 495 0045 00       		.byte	0
 496 0046 49       		.uleb128 0x49
 497 0047 13       		.uleb128 0x13
ARM GAS  C:\Users\LUKASC~1\AppData\Local\Temp\cczIDhSk.s 			page 13


 498 0048 00       		.byte	0
 499 0049 00       		.byte	0
 500 004a 07       		.uleb128 0x7
 501 004b 01       		.uleb128 0x1
 502 004c 01       		.byte	0x1
 503 004d 49       		.uleb128 0x49
 504 004e 13       		.uleb128 0x13
 505 004f 01       		.uleb128 0x1
 506 0050 13       		.uleb128 0x13
 507 0051 00       		.byte	0
 508 0052 00       		.byte	0
 509 0053 08       		.uleb128 0x8
 510 0054 21       		.uleb128 0x21
 511 0055 00       		.byte	0
 512 0056 49       		.uleb128 0x49
 513 0057 13       		.uleb128 0x13
 514 0058 2F       		.uleb128 0x2f
 515 0059 0B       		.uleb128 0xb
 516 005a 00       		.byte	0
 517 005b 00       		.byte	0
 518 005c 09       		.uleb128 0x9
 519 005d 2E       		.uleb128 0x2e
 520 005e 01       		.byte	0x1
 521 005f 3F       		.uleb128 0x3f
 522 0060 19       		.uleb128 0x19
 523 0061 03       		.uleb128 0x3
 524 0062 0E       		.uleb128 0xe
 525 0063 3A       		.uleb128 0x3a
 526 0064 0B       		.uleb128 0xb
 527 0065 3B       		.uleb128 0x3b
 528 0066 0B       		.uleb128 0xb
 529 0067 49       		.uleb128 0x49
 530 0068 13       		.uleb128 0x13
 531 0069 11       		.uleb128 0x11
 532 006a 01       		.uleb128 0x1
 533 006b 12       		.uleb128 0x12
 534 006c 06       		.uleb128 0x6
 535 006d 40       		.uleb128 0x40
 536 006e 18       		.uleb128 0x18
 537 006f 9642     		.uleb128 0x2116
 538 0071 19       		.uleb128 0x19
 539 0072 01       		.uleb128 0x1
 540 0073 13       		.uleb128 0x13
 541 0074 00       		.byte	0
 542 0075 00       		.byte	0
 543 0076 0A       		.uleb128 0xa
 544 0077 34       		.uleb128 0x34
 545 0078 00       		.byte	0
 546 0079 03       		.uleb128 0x3
 547 007a 0E       		.uleb128 0xe
 548 007b 3A       		.uleb128 0x3a
 549 007c 0B       		.uleb128 0xb
 550 007d 3B       		.uleb128 0x3b
 551 007e 0B       		.uleb128 0xb
 552 007f 49       		.uleb128 0x49
 553 0080 13       		.uleb128 0x13
 554 0081 02       		.uleb128 0x2
ARM GAS  C:\Users\LUKASC~1\AppData\Local\Temp\cczIDhSk.s 			page 14


 555 0082 18       		.uleb128 0x18
 556 0083 00       		.byte	0
 557 0084 00       		.byte	0
 558 0085 0B       		.uleb128 0xb
 559 0086 2E       		.uleb128 0x2e
 560 0087 00       		.byte	0
 561 0088 03       		.uleb128 0x3
 562 0089 0E       		.uleb128 0xe
 563 008a 3A       		.uleb128 0x3a
 564 008b 0B       		.uleb128 0xb
 565 008c 3B       		.uleb128 0x3b
 566 008d 0B       		.uleb128 0xb
 567 008e 27       		.uleb128 0x27
 568 008f 19       		.uleb128 0x19
 569 0090 11       		.uleb128 0x11
 570 0091 01       		.uleb128 0x1
 571 0092 12       		.uleb128 0x12
 572 0093 06       		.uleb128 0x6
 573 0094 40       		.uleb128 0x40
 574 0095 18       		.uleb128 0x18
 575 0096 9642     		.uleb128 0x2116
 576 0098 19       		.uleb128 0x19
 577 0099 00       		.byte	0
 578 009a 00       		.byte	0
 579 009b 0C       		.uleb128 0xc
 580 009c 2E       		.uleb128 0x2e
 581 009d 01       		.byte	0x1
 582 009e 03       		.uleb128 0x3
 583 009f 0E       		.uleb128 0xe
 584 00a0 3A       		.uleb128 0x3a
 585 00a1 0B       		.uleb128 0xb
 586 00a2 3B       		.uleb128 0x3b
 587 00a3 0B       		.uleb128 0xb
 588 00a4 27       		.uleb128 0x27
 589 00a5 19       		.uleb128 0x19
 590 00a6 11       		.uleb128 0x11
 591 00a7 01       		.uleb128 0x1
 592 00a8 12       		.uleb128 0x12
 593 00a9 06       		.uleb128 0x6
 594 00aa 40       		.uleb128 0x40
 595 00ab 18       		.uleb128 0x18
 596 00ac 9742     		.uleb128 0x2117
 597 00ae 19       		.uleb128 0x19
 598 00af 01       		.uleb128 0x1
 599 00b0 13       		.uleb128 0x13
 600 00b1 00       		.byte	0
 601 00b2 00       		.byte	0
 602 00b3 0D       		.uleb128 0xd
 603 00b4 34       		.uleb128 0x34
 604 00b5 00       		.byte	0
 605 00b6 03       		.uleb128 0x3
 606 00b7 08       		.uleb128 0x8
 607 00b8 3A       		.uleb128 0x3a
 608 00b9 0B       		.uleb128 0xb
 609 00ba 3B       		.uleb128 0x3b
 610 00bb 0B       		.uleb128 0xb
 611 00bc 49       		.uleb128 0x49
ARM GAS  C:\Users\LUKASC~1\AppData\Local\Temp\cczIDhSk.s 			page 15


 612 00bd 13       		.uleb128 0x13
 613 00be 02       		.uleb128 0x2
 614 00bf 18       		.uleb128 0x18
 615 00c0 00       		.byte	0
 616 00c1 00       		.byte	0
 617 00c2 0E       		.uleb128 0xe
 618 00c3 34       		.uleb128 0x34
 619 00c4 00       		.byte	0
 620 00c5 03       		.uleb128 0x3
 621 00c6 0E       		.uleb128 0xe
 622 00c7 3A       		.uleb128 0x3a
 623 00c8 0B       		.uleb128 0xb
 624 00c9 3B       		.uleb128 0x3b
 625 00ca 05       		.uleb128 0x5
 626 00cb 49       		.uleb128 0x49
 627 00cc 13       		.uleb128 0x13
 628 00cd 3F       		.uleb128 0x3f
 629 00ce 19       		.uleb128 0x19
 630 00cf 3C       		.uleb128 0x3c
 631 00d0 19       		.uleb128 0x19
 632 00d1 00       		.byte	0
 633 00d2 00       		.byte	0
 634 00d3 0F       		.uleb128 0xf
 635 00d4 34       		.uleb128 0x34
 636 00d5 00       		.byte	0
 637 00d6 03       		.uleb128 0x3
 638 00d7 0E       		.uleb128 0xe
 639 00d8 3A       		.uleb128 0x3a
 640 00d9 0B       		.uleb128 0xb
 641 00da 3B       		.uleb128 0x3b
 642 00db 0B       		.uleb128 0xb
 643 00dc 49       		.uleb128 0x49
 644 00dd 13       		.uleb128 0x13
 645 00de 3F       		.uleb128 0x3f
 646 00df 19       		.uleb128 0x19
 647 00e0 02       		.uleb128 0x2
 648 00e1 18       		.uleb128 0x18
 649 00e2 00       		.byte	0
 650 00e3 00       		.byte	0
 651 00e4 00       		.byte	0
 652              		.section	.debug_aranges,"",%progbits
 653 0000 2C000000 		.4byte	0x2c
 654 0004 0200     		.2byte	0x2
 655 0006 00000000 		.4byte	.Ldebug_info0
 656 000a 04       		.byte	0x4
 657 000b 00       		.byte	0
 658 000c 0000     		.2byte	0
 659 000e 0000     		.2byte	0
 660 0010 00000000 		.4byte	.LFB63
 661 0014 34000000 		.4byte	.LFE63-.LFB63
 662 0018 00000000 		.4byte	.LFB64
 663 001c 7C000000 		.4byte	.LFE64-.LFB64
 664 0020 00000000 		.4byte	.LFB65
 665 0024 2C000000 		.4byte	.LFE65-.LFB65
 666 0028 00000000 		.4byte	0
 667 002c 00000000 		.4byte	0
 668              		.section	.debug_ranges,"",%progbits
ARM GAS  C:\Users\LUKASC~1\AppData\Local\Temp\cczIDhSk.s 			page 16


 669              	.Ldebug_ranges0:
 670 0000 00000000 		.4byte	.LFB63
 671 0004 34000000 		.4byte	.LFE63
 672 0008 00000000 		.4byte	.LFB64
 673 000c 7C000000 		.4byte	.LFE64
 674 0010 00000000 		.4byte	.LFB65
 675 0014 2C000000 		.4byte	.LFE65
 676 0018 00000000 		.4byte	0
 677 001c 00000000 		.4byte	0
 678              		.section	.debug_line,"",%progbits
 679              	.Ldebug_line0:
 680 0000 AE010000 		.section	.debug_str,"MS",%progbits,1
 680      02004901 
 680      00000201 
 680      FB0E0D00 
 680      01010101 
 681              	.LASF9:
 682 0000 5F5F696E 		.ascii	"__int32_t\000"
 682      7433325F 
 682      7400
 683              	.LASF24:
 684 000a 474E5520 		.ascii	"GNU C 4.9.3 20150303 (release) [ARM/embedded-4_9-br"
 684      4320342E 
 684      392E3320 
 684      32303135 
 684      30333033 
 685 003d 616E6368 		.ascii	"anch revision 221220] -mcpu=cortex-m3 -mthumb -g -O"
 685      20726576 
 685      6973696F 
 685      6E203232 
 685      31323230 
 686 0070 30202D66 		.ascii	"0 -ffunction-sections -ffat-lto-objects\000"
 686      66756E63 
 686      74696F6E 
 686      2D736563 
 686      74696F6E 
 687              	.LASF26:
 688 0098 433A5C55 		.ascii	"C:\\Users\\Lukas Creutzburg\\Documents\\GitHub\\PSo"
 688      73657273 
 688      5C4C756B 
 688      61732043 
 688      72657574 
 689 00c6 43354C50 		.ascii	"C5LP-freeDSP-USB-Port\\PSoC_freeDSP_USB_Port\\Inter"
 689      2D667265 
 689      65445350 
 689      2D555342 
 689      2D506F72 
 690 00f7 4963536F 		.ascii	"IcSound_Example.cydsn\000"
 690      756E645F 
 690      4578616D 
 690      706C652E 
 690      63796473 
 691              	.LASF25:
 692 010d 2E5C6D61 		.ascii	".\\main.c\000"
 692      696E2E63 
 692      00
 693              	.LASF14:
ARM GAS  C:\Users\LUKASC~1\AppData\Local\Temp\cczIDhSk.s 			page 17


 694 0116 666C6F61 		.ascii	"float\000"
 694      7400
 695              	.LASF23:
 696 011c 74784275 		.ascii	"txBuff\000"
 696      666600
 697              	.LASF1:
 698 0123 756E7369 		.ascii	"unsigned char\000"
 698      676E6564 
 698      20636861 
 698      7200
 699              	.LASF29:
 700 0131 44697370 		.ascii	"DisplayUpdate\000"
 700      6C617955 
 700      70646174 
 700      6500
 701              	.LASF17:
 702 013f 72656738 		.ascii	"reg8\000"
 702      00
 703              	.LASF5:
 704 0144 6C6F6E67 		.ascii	"long unsigned int\000"
 704      20756E73 
 704      69676E65 
 704      6420696E 
 704      7400
 705              	.LASF3:
 706 0156 73686F72 		.ascii	"short unsigned int\000"
 706      7420756E 
 706      7369676E 
 706      65642069 
 706      6E7400
 707              	.LASF22:
 708 0169 49544D5F 		.ascii	"ITM_RxBuffer\000"
 708      52784275 
 708      66666572 
 708      00
 709              	.LASF15:
 710 0176 646F7562 		.ascii	"double\000"
 710      6C6500
 711              	.LASF12:
 712 017d 75696E74 		.ascii	"uint16\000"
 712      313600
 713              	.LASF27:
 714 0184 6D61696E 		.ascii	"main\000"
 714      00
 715              	.LASF20:
 716 0189 7478446D 		.ascii	"txDmaChan\000"
 716      61436861 
 716      6E00
 717              	.LASF13:
 718 0193 75696E74 		.ascii	"uint32\000"
 718      333200
 719              	.LASF8:
 720 019a 756E7369 		.ascii	"unsigned int\000"
 720      676E6564 
 720      20696E74 
 720      00
 721              	.LASF7:
ARM GAS  C:\Users\LUKASC~1\AppData\Local\Temp\cczIDhSk.s 			page 18


 722 01a7 6C6F6E67 		.ascii	"long long unsigned int\000"
 722      206C6F6E 
 722      6720756E 
 722      7369676E 
 722      65642069 
 723              	.LASF10:
 724 01be 696E7433 		.ascii	"int32_t\000"
 724      325F7400 
 725              	.LASF18:
 726 01c6 73697A65 		.ascii	"sizetype\000"
 726      74797065 
 726      00
 727              	.LASF6:
 728 01cf 6C6F6E67 		.ascii	"long long int\000"
 728      206C6F6E 
 728      6720696E 
 728      7400
 729              	.LASF21:
 730 01dd 7478446D 		.ascii	"txDmaTd\000"
 730      61546400 
 731              	.LASF16:
 732 01e5 63686172 		.ascii	"char\000"
 732      00
 733              	.LASF2:
 734 01ea 73686F72 		.ascii	"short int\000"
 734      7420696E 
 734      7400
 735              	.LASF11:
 736 01f4 75696E74 		.ascii	"uint8\000"
 736      3800
 737              	.LASF28:
 738 01fa 446D6154 		.ascii	"DmaTxConfiguration\000"
 738      78436F6E 
 738      66696775 
 738      72617469 
 738      6F6E00
 739              	.LASF4:
 740 020d 6C6F6E67 		.ascii	"long int\000"
 740      20696E74 
 740      00
 741              	.LASF0:
 742 0216 7369676E 		.ascii	"signed char\000"
 742      65642063 
 742      68617200 
 743              	.LASF19:
 744 0222 72656672 		.ascii	"refreshRate\000"
 744      65736852 
 744      61746500 
 745              		.ident	"GCC: (GNU Tools for ARM Embedded Processors) 4.9.3 20150303 (release) [ARM/embedded-4_9-br
