Archive member included because of file (symbol)

.\ARM_GCC_493\Debug\PioneerKit_P5LP_USB_Audio.a(cyfitter_cfg.o)
                              .\ARM_GCC_493\Debug\Cm3Start.o (cyfitter_cfg)
.\ARM_GCC_493\Debug\PioneerKit_P5LP_USB_Audio.a(PSOC_I2S_SCLK.o)
                              .\ARM_GCC_493\Debug\AudioControl.o (PSOC_I2S_SCLK_SetDriveMode)
.\ARM_GCC_493\Debug\PioneerKit_P5LP_USB_Audio.a(I2S.o)
                              .\ARM_GCC_493\Debug\AudioControl.o (I2S_Start)
.\ARM_GCC_493\Debug\PioneerKit_P5LP_USB_Audio.a(AudioClkGen.o)
                              .\ARM_GCC_493\Debug\AudioControl.o (AudioClkGen_Start)
.\ARM_GCC_493\Debug\PioneerKit_P5LP_USB_Audio.a(TxDMA_dma.o)
                              .\ARM_GCC_493\Debug\AudioControl.o (TxDMA_DmaInitialize)
.\ARM_GCC_493\Debug\PioneerKit_P5LP_USB_Audio.a(isr_TxDMADone.o)
                              .\ARM_GCC_493\Debug\AudioControl.o (isr_TxDMADone_Disable)
.\ARM_GCC_493\Debug\PioneerKit_P5LP_USB_Audio.a(PSOC_I2S_SDTO.o)
                              .\ARM_GCC_493\Debug\AudioControl.o (PSOC_I2S_SDTO_SetDriveMode)
.\ARM_GCC_493\Debug\PioneerKit_P5LP_USB_Audio.a(isr_InDMADone.o)
                              .\ARM_GCC_493\Debug\AudioControl.o (isr_InDMADone_StartEx)
.\ARM_GCC_493\Debug\PioneerKit_P5LP_USB_Audio.a(USBInDMA_dma.o)
                              .\ARM_GCC_493\Debug\AudioControl.o (USBInDMA_DmaInitialize)
.\ARM_GCC_493\Debug\PioneerKit_P5LP_USB_Audio.a(PSOC_I2S_MCLK.o)
                              .\ARM_GCC_493\Debug\AudioControl.o (PSOC_I2S_MCLK_SetDriveMode)
.\ARM_GCC_493\Debug\PioneerKit_P5LP_USB_Audio.a(USBOutDMA_dma.o)
                              .\ARM_GCC_493\Debug\AudioControl.o (USBOutDMA_DmaInitialize)
.\ARM_GCC_493\Debug\PioneerKit_P5LP_USB_Audio.a(PSOC_SW.o)
                              .\ARM_GCC_493\Debug\Application.o (PSOC_SW_Read)
.\ARM_GCC_493\Debug\PioneerKit_P5LP_USB_Audio.a(SystemTickTimer.o)
                              .\ARM_GCC_493\Debug\Application.o (SystemTickTimer_Start)
.\ARM_GCC_493\Debug\PioneerKit_P5LP_USB_Audio.a(isr_Tick.o)
                              .\ARM_GCC_493\Debug\Application.o (isr_Tick_StartEx)
.\ARM_GCC_493\Debug\PioneerKit_P5LP_USB_Audio.a(PSOC_I2S_LRCLK.o)
                              .\ARM_GCC_493\Debug\AudioControl.o (PSOC_I2S_LRCLK_SetDriveMode)
.\ARM_GCC_493\Debug\PioneerKit_P5LP_USB_Audio.a(I2S_Tx_DMA_dma.o)
                              .\ARM_GCC_493\Debug\AudioControl.o (I2S_Tx_DMA_DmaInitialize)
.\ARM_GCC_493\Debug\PioneerKit_P5LP_USB_Audio.a(ByteSwap_Tx.o)
                              .\ARM_GCC_493\Debug\AudioControl.o (ByteSwap_Tx_Start)
.\ARM_GCC_493\Debug\PioneerKit_P5LP_USB_Audio.a(Clock_CIC.o)
                              .\ARM_GCC_493\Debug\AudioControl.o (Clock_CIC_Start)
.\ARM_GCC_493\Debug\PioneerKit_P5LP_USB_Audio.a(CICOut_L_dma.o)
                              .\ARM_GCC_493\Debug\AudioControl.o (CICOut_L_DmaInitialize)
.\ARM_GCC_493\Debug\PioneerKit_P5LP_USB_Audio.a(CICOut_R_dma.o)
                              .\ARM_GCC_493\Debug\AudioControl.o (CICOut_R_DmaInitialize)
.\ARM_GCC_493\Debug\PioneerKit_P5LP_USB_Audio.a(Droop_Filter.o)
                              .\ARM_GCC_493\Debug\AudioControl.o (Droop_Filter_Enable)
.\ARM_GCC_493\Debug\PioneerKit_P5LP_USB_Audio.a(Droop_Filter_RAM_Data.o)
                              .\ARM_GCC_493\Debug\PioneerKit_P5LP_USB_Audio.a(Droop_Filter.o) (Droop_Filter_control)
.\ARM_GCC_493\Debug\PioneerKit_P5LP_USB_Audio.a(RxDMA_dma.o)
                              .\ARM_GCC_493\Debug\AudioControl.o (RxDMA_DmaInitialize)
.\ARM_GCC_493\Debug\PioneerKit_P5LP_USB_Audio.a(isr_RxDMADone.o)
                              .\ARM_GCC_493\Debug\AudioControl.o (isr_RxDMADone_Disable)
.\ARM_GCC_493\Debug\PioneerKit_P5LP_USB_Audio.a(AudioClkGen_Clock_SCK.o)
                              .\ARM_GCC_493\Debug\PioneerKit_P5LP_USB_Audio.a(AudioClkGen.o) (AudioClkGen_Clock_SCK_SetDividerRegister)
.\ARM_GCC_493\Debug\PioneerKit_P5LP_USB_Audio.a(AudioClkGen_Clock_I2S.o)
                              .\ARM_GCC_493\Debug\PioneerKit_P5LP_USB_Audio.a(AudioClkGen.o) (AudioClkGen_Clock_I2S_SetDividerRegister)
.\ARM_GCC_493\Debug\PioneerKit_P5LP_USB_Audio.a(CyBootAsmGnu.o)
                              .\ARM_GCC_493\Debug\PioneerKit_P5LP_USB_Audio.a(cyfitter_cfg.o) (CyDelayCycles)
.\ARM_GCC_493\Debug\PioneerKit_P5LP_USB_Audio.a(CyDmac.o)
                              .\ARM_GCC_493\Debug\Cm3Start.o (CyDmacConfigure)
.\ARM_GCC_493\Debug\PioneerKit_P5LP_USB_Audio.a(CyLib.o)
                              .\ARM_GCC_493\Debug\Cm3Start.o (CyResetStatus)
.\ARM_GCC_493\Debug\PioneerKit_P5LP_USB_Audio.a(cyPm.o)
                              .\ARM_GCC_493\Debug\USBInterface.o (CyPmSaveClocks)
.\ARM_GCC_493\Debug\PioneerKit_P5LP_USB_Audio.a(PSOC_STATUS_LED.o)
                              .\ARM_GCC_493\Debug\USBInterface.o (PSOC_STATUS_LED_Write)
.\ARM_GCC_493\Debug\PioneerKit_P5LP_USB_Audio.a(USBFS.o)
[...]
Memory Configuration

Name             Origin             Length             Attributes
rom              0x00000000         0x00040000         xr
ram              0x1fff8000         0x00010000         xrw
*default*        0x00000000         0xffffffff

Linker script and memory map

LOAD c:/program files (x86)/cypress/psoc creator/3.3/psoc creator/import/gnu/arm/4.9.3/bin/../lib/gcc/arm-none-eabi/4.9.3/armv7-m/crti.o
LOAD c:/program files (x86)/cypress/psoc creator/3.3/psoc creator/import/gnu/arm/4.9.3/bin/../lib/gcc/arm-none-eabi/4.9.3/armv7-m/crtbegin.o
LOAD c:/program files (x86)/cypress/psoc creator/3.3/psoc creator/import/gnu/arm/4.9.3/bin/../lib/gcc/arm-none-eabi/4.9.3/../../../../arm-none-eabi/lib/armv7-m/crt0.o
START GROUP
LOAD .\ARM_GCC_493\Debug\Timer.o
LOAD .\ARM_GCC_493\Debug\USBInterface.o
LOAD .\ARM_GCC_493\Debug\VolumeControl.o
LOAD .\ARM_GCC_493\Debug\Application.o
LOAD .\ARM_GCC_493\Debug\AudioControl.o
LOAD .\ARM_GCC_493\Debug\Codec.o
LOAD .\ARM_GCC_493\Debug\Interrupts.o
LOAD .\ARM_GCC_493\Debug\main.o
LOAD .\ARM_GCC_493\Debug\Cm3Start.o
LOAD .\ARM_GCC_493\Debug\cymetadata.o
LOAD .\ARM_GCC_493\Debug\PioneerKit_P5LP_USB_Audio.a
LOAD C:\Program Files (x86)\Cypress\PSoC Creator\3.3\PSoC Creator\psoc\content\cycomponentlibrary\CyComponentLibrary.cylib\CortexM3\ARM_GCC_493\Debug\CyComponentLibrary.a
END GROUP
START GROUP
LOAD c:/program files (x86)/cypress/psoc creator/3.3/psoc creator/import/gnu/arm/4.9.3/bin/../lib/gcc/arm-none-eabi/4.9.3/armv7-m\libgcc.a
LOAD c:/program files (x86)/cypress/psoc creator/3.3/psoc creator/import/gnu/arm/4.9.3/bin/../lib/gcc/arm-none-eabi/4.9.3/../../../../arm-none-eabi/lib/armv7-m\libg_nano.a
LOAD c:/program files (x86)/cypress/psoc creator/3.3/psoc creator/import/gnu/arm/4.9.3/bin/../lib/gcc/arm-none-eabi/4.9.3/../../../../arm-none-eabi/lib/armv7-m\libc_nano.a
END GROUP
START GROUP
LOAD c:/program files (x86)/cypress/psoc creator/3.3/psoc creator/import/gnu/arm/4.9.3/bin/../lib/gcc/arm-none-eabi/4.9.3/armv7-m\libgcc.a
LOAD c:/program files (x86)/cypress/psoc creator/3.3/psoc creator/import/gnu/arm/4.9.3/bin/../lib/gcc/arm-none-eabi/4.9.3/../../../../arm-none-eabi/lib/armv7-m\libc_nano.a
END GROUP
LOAD c:/program files (x86)/cypress/psoc creator/3.3/psoc creator/import/gnu/arm/4.9.3/bin/../lib/gcc/arm-none-eabi/4.9.3/armv7-m/crtend.o
LOAD c:/program files (x86)/cypress/psoc creator/3.3/psoc creator/import/gnu/arm/4.9.3/bin/../lib/gcc/arm-none-eabi/4.9.3/armv7-m/crtn.o
START GROUP
LOAD c:/program files (x86)/cypress/psoc creator/3.3/psoc creator/import/gnu/arm/4.9.3/bin/../lib/gcc/arm-none-eabi/4.9.3/armv7-m\libgcc.a
LOAD c:/program files (x86)/cypress/psoc creator/3.3/psoc creator/import/gnu/arm/4.9.3/bin/../lib/gcc/arm-none-eabi/4.9.3/../../../../arm-none-eabi/lib/armv7-m\libc.a
LOAD c:/program files (x86)/cypress/psoc creator/3.3/psoc creator/import/gnu/arm/4.9.3/bin/../lib/gcc/arm-none-eabi/4.9.3/../../../../arm-none-eabi/lib/armv7-m\libnosys.a
END GROUP
                0x00000000                CY_APPL_ORIGIN = 0x0
                0x00000100                CY_FLASH_ROW_SIZE = 0x100
                0x00000020                CY_ECC_ROW_SIZE = 0x20
                0x00000000                CY_EE_IN_BTLDR = 0x0
                0x00000000                CY_APPL_LOADABLE = 0x0
                0x00000800                CY_EE_SIZE = 0x800
                0x00000001                CY_APPL_NUM = 0x1
                0x00000001                CY_APPL_MAX = 0x1
                0x00000040                CY_METADATA_SIZE = 0x40
                0x1fff8c98                PROVIDE (__cy_heap_start, _end)
                0x00000001                PROVIDE (__cy_region_num, ((__cy_regions_end - __cy_regions) / 0x10))
                0x20008000                PROVIDE (__cy_stack, (ORIGIN (ram) + 0x10000))
                0x20007800                PROVIDE (__cy_heap_end, (__cy_stack - 0x800))

.cybootloader   0x00000000        0x0
 *(.cybootloader)
                0x00000000                appl1_start = CY_APPL_ORIGIN?CY_APPL_ORIGIN:ALIGN (CY_FLASH_ROW_SIZE)
                0x0001ff00                appl2_start = (appl1_start + ALIGN ((((0x40000 - appl1_start) - (0x2 * CY_FLASH_ROW_SIZE)) / 0x2), CY_FLASH_ROW_SIZE))
                0x00000000                appl_start = (CY_APPL_NUM == 0x1)?appl1_start:appl2_start
                0x00000000                ecc_offset = ((appl_start / CY_FLASH_ROW_SIZE) * CY_ECC_ROW_SIZE)
                0x00000000                ee_offset = (CY_APPL_LOADABLE && ! (CY_EE_IN_BTLDR))?((CY_EE_SIZE / CY_APPL_MAX) * (CY_APPL_NUM - 0x1)):0x0
                0x00000800                ee_size = (CY_APPL_LOADABLE && ! (CY_EE_IN_BTLDR))?(CY_EE_SIZE / CY_APPL_MAX):CY_EE_SIZE
                0x00000000                PROVIDE (CY_ECC_OFFSET, ecc_offset)

.text           0x00000000     0x8092
 CREATE_OBJECT_SYMBOLS
                0x00000000                PROVIDE (__cy_interrupt_vector, RomVectors)
 *(.romvectors)
 .romvectors    0x00000000       0x10 .\ARM_GCC_493\Debug\Cm3Start.o
                0x00000000                RomVectors
                0x00000001                ASSERT ((. != __cy_interrupt_vector), No interrupt vector)
                0x00000001                ASSERT (CY_APPL_ORIGIN?(SIZEOF (.cybootloader) <= CY_APPL_ORIGIN):0x1, Wrong image location)
                0x00000010                PROVIDE (__cy_reset, Reset)
 *(.text.Reset)
 .text.Reset    0x00000010       0x18 .\ARM_GCC_493\Debug\Cm3Start.o
                0x00000010                Reset
                0x00000001                ASSERT ((. != __cy_reset), No reset code)
 *(.dma_init)
                0x00000001                ASSERT ((((appl_start + .) <= 0x10000) || 0x1), DMA Init must be within the first 64k of flash)
 *(.text .text.* .gnu.linkonce.t.*)
 .text          0x00000028       0x5c c:/program files (x86)/cypress/psoc creator/3.3/psoc creator/import/gnu/arm/4.9.3/bin/../lib/gcc/arm-none-eabi/4.9.3/armv7-m/crtbegin.o
 .text.HandleApplicationTimerTick
                0x00000084       0x4c .\ARM_GCC_493\Debug\Timer.o
                0x00000084                HandleApplicationTimerTick
 .text.ServiceUSB
                0x000000d0      0x160 .\ARM_GCC_493\Debug\USBInterface.o
                0x000000d0                ServiceUSB
 .text.ServiceUSBSuspend
                0x00000230       0xd4 .\ARM_GCC_493\Debug\USBInterface.o
                0x00000230                ServiceUSBSuspend
 .text.HandleUSBHostInterface
                0x00000304       0x30 .\ARM_GCC_493\Debug\USBInterface.o
                0x00000304                HandleUSBHostInterface
 .text.ConfigureApplication
                0x00000334       0x24 .\ARM_GCC_493\Debug\Application.o
                0x00000334                ConfigureApplication
 .text.HandleApplicationInterface
                0x00000358       0x10 .\ARM_GCC_493\Debug\Application.o
                0x00000358                HandleApplicationInterface
 .text.HandleUserInputs
                0x00000368       0x48 .\ARM_GCC_493\Debug\Application.o
 .text.CheckPlayPauseButton
                0x000003b0       0x8c .\ARM_GCC_493\Debug\Application.o
 .text.ConfigureAudioPath
                0x0000043c      0x2bc .\ARM_GCC_493\Debug\AudioControl.o
                0x0000043c                ConfigureAudioPath
 .text.ProcessAudioOut
                0x000006f8      0x230 .\ARM_GCC_493\Debug\AudioControl.o
                0x000006f8                ProcessAudioOut
 .text.ProcessAudioIn
                0x00000928      0x240 .\ARM_GCC_493\Debug\AudioControl.o
                0x00000928                ProcessAudioIn
 .text.Stop_I2S_Tx
                0x00000b68       0x60 .\ARM_GCC_493\Debug\AudioControl.o
                0x00000b68                Stop_I2S_Tx
 .text.Stop_PDM_InPath
                0x00000bc8       0x58 .\ARM_GCC_493\Debug\AudioControl.o
                0x00000bc8                Stop_PDM_InPath
 .text.SetClockRate
                0x00000c20       0x88 .\ARM_GCC_493\Debug\AudioControl.o
                0x00000c20                SetClockRate
 .text.StartAudioComponents
                0x00000ca8       0x40 .\ARM_GCC_493\Debug\AudioControl.o
                0x00000ca8                StartAudioComponents
 .text.StopAudioComponents
                0x00000ce8       0x50 .\ARM_GCC_493\Debug\AudioControl.o
                0x00000ce8                StopAudioComponents
 .text.HandleSamplingFrequencyChangeRequest
                0x00000d38      0x12c .\ARM_GCC_493\Debug\AudioControl.o
                0x00000d38                HandleSamplingFrequencyChangeRequest
 .text.HandleDigitalAudioLowPowerMode
                0x00000e64       0xd4 .\ARM_GCC_493\Debug\AudioControl.o
                0x00000e64                HandleDigitalAudioLowPowerMode
 .text.UpdateAudioStatusUI
                0x00000f38       0x4c .\ARM_GCC_493\Debug\AudioControl.o
                0x00000f38                UpdateAudioStatusUI
 .text.HandleAudioInBuffer
                0x00000f84       0x54 .\ARM_GCC_493\Debug\AudioControl.o
                0x00000f84                HandleAudioInBuffer
 .text.CICOutDMA_ConfigAndStart
                0x00000fd8      0x100 .\ARM_GCC_493\Debug\AudioControl.o
                0x00000fd8                CICOutDMA_ConfigAndStart
 .text.Droop_Filter_ModifiedSaveConfig
                0x000010d8       0x3c .\ARM_GCC_493\Debug\AudioControl.o
                0x000010d8                Droop_Filter_ModifiedSaveConfig
 .text.Droop_Filter_ModifiedRestoreConfig
                0x00001114       0x6c .\ARM_GCC_493\Debug\AudioControl.o
                0x00001114                Droop_Filter_ModifiedRestoreConfig
 .text.Droop_Filter_ModifiedSleep
                0x00001180       0x34 .\ARM_GCC_493\Debug\AudioControl.o
                0x00001180                Droop_Filter_ModifiedSleep
 .text.Droop_Filter_ModifiedWakeup
                0x000011b4       0x1c .\ARM_GCC_493\Debug\AudioControl.o
                0x000011b4                Droop_Filter_ModifiedWakeup
 .text.Droop_Filter_ModifiedLoadReg32
                0x000011d0       0x44 .\ARM_GCC_493\Debug\AudioControl.o
                0x000011d0                Droop_Filter_ModifiedLoadReg32
 .text.Droop_Filter_ModifiedZeroReg32
                0x00001214       0x3c .\ARM_GCC_493\Debug\AudioControl.o
                0x00001214                Droop_Filter_ModifiedZeroReg32
 .text.InitCirrusCodec
                0x00001250        0xc .\ARM_GCC_493\Debug\Codec.o
                0x00001250                InitCirrusCodec
 .text.InDMADone_Interrupt
                0x0000125c       0x18 .\ARM_GCC_493\Debug\Interrupts.o
                0x0000125c                InDMADone_Interrupt
 .text.RxDMADone_Interrupt
                0x00001274       0x58 .\ARM_GCC_493\Debug\Interrupts.o
                0x00001274                RxDMADone_Interrupt
 .text.Tick_Interrupt
                0x000012cc       0x24 .\ARM_GCC_493\Debug\Interrupts.o
                0x000012cc                Tick_Interrupt
 .text.TxDMADone_Interrupt
                0x000012f0       0x58 .\ARM_GCC_493\Debug\Interrupts.o
                0x000012f0                TxDMADone_Interrupt
 .text.cicOverflow_Interrupt
                0x00001348       0x14 .\ARM_GCC_493\Debug\Interrupts.o
                0x00001348                cicOverflow_Interrupt
 .text.main     0x0000135c       0x40 .\ARM_GCC_493\Debug\main.o
                0x0000135c                main
 .text.IntDefaultHandler
                0x0000139c        0x8 .\ARM_GCC_493\Debug\Cm3Start.o
                0x0000139c                IntDefaultHandler
 .text.Start_c  0x000013a4       0x94 .\ARM_GCC_493\Debug\Cm3Start.o
                0x000013a4                Start_c
 .text.initialize_psoc
                0x00001438       0x90 .\ARM_GCC_493\Debug\Cm3Start.o
                0x00001438                initialize_psoc
 .text.CYMEMZERO
                0x000014c8       0x1c .\ARM_GCC_493\Debug\PioneerKit_P5LP_USB_Audio.a(cyfitter_cfg.o)
 .text.CYCONFIGCPY
                0x000014e4       0x1c .\ARM_GCC_493\Debug\PioneerKit_P5LP_USB_Audio.a(cyfitter_cfg.o)
 .text.CyClockStartupError
                0x00001500        0xc .\ARM_GCC_493\Debug\PioneerKit_P5LP_USB_Audio.a(cyfitter_cfg.o)
 .text.cfg_write_bytes32
                0x0000150c       0x74 .\ARM_GCC_493\Debug\PioneerKit_P5LP_USB_Audio.a(cyfitter_cfg.o)
 .text.ClockSetup
                0x00001580      0x140 .\ARM_GCC_493\Debug\PioneerKit_P5LP_USB_Audio.a(cyfitter_cfg.o)
 .text.AnalogSetDefault
                0x000016c0       0x44 .\ARM_GCC_493\Debug\PioneerKit_P5LP_USB_Audio.a(cyfitter_cfg.o)
 .text.cyfitter_cfg
                0x00001704      0x2e0 .\ARM_GCC_493\Debug\PioneerKit_P5LP_USB_Audio.a(cyfitter_cfg.o)
                0x00001704                cyfitter_cfg
 .text.PSOC_I2S_SCLK_SetDriveMode
                0x000019e4       0x38 .\ARM_GCC_493\Debug\PioneerKit_P5LP_USB_Audio.a(PSOC_I2S_SCLK.o)
                0x000019e4                PSOC_I2S_SCLK_SetDriveMode
 .text.I2S_Enable
                0x00001a1c       0x44 .\ARM_GCC_493\Debug\PioneerKit_P5LP_USB_Audio.a(I2S.o)
                0x00001a1c                I2S_Enable
 .text.I2S_Init
                0x00001a60        0xc .\ARM_GCC_493\Debug\PioneerKit_P5LP_USB_Audio.a(I2S.o)
                0x00001a60                I2S_Init
 .text.I2S_Start
                0x00001a6c       0x20 .\ARM_GCC_493\Debug\PioneerKit_P5LP_USB_Audio.a(I2S.o)
                0x00001a6c                I2S_Start
 .text.I2S_Stop
                0x00001a8c       0x58 .\ARM_GCC_493\Debug\PioneerKit_P5LP_USB_Audio.a(I2S.o)
                0x00001a8c                I2S_Stop
 .text.I2S_EnableTx
                0x00001ae4       0x44 .\ARM_GCC_493\Debug\PioneerKit_P5LP_USB_Audio.a(I2S.o)
                0x00001ae4                I2S_EnableTx
 .text.I2S_DisableTx
                0x00001b28       0x44 .\ARM_GCC_493\Debug\PioneerKit_P5LP_USB_Audio.a(I2S.o)
                0x00001b28                I2S_DisableTx
 .text.I2S_SetTxInterruptMode
                0x00001b6c       0x24 .\ARM_GCC_493\Debug\PioneerKit_P5LP_USB_Audio.a(I2S.o)
                0x00001b6c                I2S_SetTxInterruptMode
 .text.I2S_ClearTxFIFO
                0x00001b90       0x40 .\ARM_GCC_493\Debug\PioneerKit_P5LP_USB_Audio.a(I2S.o)
                0x00001b90                I2S_ClearTxFIFO
 .text.AudioClkGen_Start
                0x00001bd0       0x48 .\ARM_GCC_493\Debug\PioneerKit_P5LP_USB_Audio.a(AudioClkGen.o)
                0x00001bd0                AudioClkGen_Start
 .text.AudioClkGen_SetAudioRate
                0x00001c18      0x1a0 .\ARM_GCC_493\Debug\PioneerKit_P5LP_USB_Audio.a(AudioClkGen.o)
                0x00001c18                AudioClkGen_SetAudioRate
 .text.TxDMA_DmaInitialize
                0x00001db8       0x68 .\ARM_GCC_493\Debug\PioneerKit_P5LP_USB_Audio.a(TxDMA_dma.o)
                0x00001db8                TxDMA_DmaInitialize
 .text.isr_TxDMADone_StartEx
                0x00001e20       0x24 .\ARM_GCC_493\Debug\PioneerKit_P5LP_USB_Audio.a(isr_TxDMADone.o)
                0x00001e20                isr_TxDMADone_StartEx
 .text.isr_TxDMADone_SetVector
                0x00001e44       0x24 .\ARM_GCC_493\Debug\PioneerKit_P5LP_USB_Audio.a(isr_TxDMADone.o)
                0x00001e44                isr_TxDMADone_SetVector
 .text.isr_TxDMADone_SetPriority
                0x00001e68       0x24 .\ARM_GCC_493\Debug\PioneerKit_P5LP_USB_Audio.a(isr_TxDMADone.o)
                0x00001e68                isr_TxDMADone_SetPriority
 .text.isr_TxDMADone_Enable
                0x00001e8c       0x18 .\ARM_GCC_493\Debug\PioneerKit_P5LP_USB_Audio.a(isr_TxDMADone.o)
                0x00001e8c                isr_TxDMADone_Enable
 .text.isr_TxDMADone_Disable
                0x00001ea4       0x18 .\ARM_GCC_493\Debug\PioneerKit_P5LP_USB_Audio.a(isr_TxDMADone.o)
                0x00001ea4                isr_TxDMADone_Disable
 .text.PSOC_I2S_SDTO_SetDriveMode
                0x00001ebc       0x38 .\ARM_GCC_493\Debug\PioneerKit_P5LP_USB_Audio.a(PSOC_I2S_SDTO.o)
                0x00001ebc                PSOC_I2S_SDTO_SetDriveMode
 .text.isr_InDMADone_StartEx
                0x00001ef4       0x24 .\ARM_GCC_493\Debug\PioneerKit_P5LP_USB_Audio.a(isr_InDMADone.o)
                0x00001ef4                isr_InDMADone_StartEx
 .text.isr_InDMADone_SetVector
                0x00001f18       0x24 .\ARM_GCC_493\Debug\PioneerKit_P5LP_USB_Audio.a(isr_InDMADone.o)
                0x00001f18                isr_InDMADone_SetVector
 .text.isr_InDMADone_SetPriority
                0x00001f3c       0x24 .\ARM_GCC_493\Debug\PioneerKit_P5LP_USB_Audio.a(isr_InDMADone.o)
                0x00001f3c                isr_InDMADone_SetPriority
 .text.isr_InDMADone_Enable
                0x00001f60       0x18 .\ARM_GCC_493\Debug\PioneerKit_P5LP_USB_Audio.a(isr_InDMADone.o)
                0x00001f60                isr_InDMADone_Enable
 .text.isr_InDMADone_Disable
                0x00001f78       0x18 .\ARM_GCC_493\Debug\PioneerKit_P5LP_USB_Audio.a(isr_InDMADone.o)
                0x00001f78                isr_InDMADone_Disable
 .text.USBInDMA_DmaInitialize
                0x00001f90       0x68 .\ARM_GCC_493\Debug\PioneerKit_P5LP_USB_Audio.a(USBInDMA_dma.o)
                0x00001f90                USBInDMA_DmaInitialize
 .text.PSOC_I2S_MCLK_SetDriveMode
                0x00001ff8       0x38 .\ARM_GCC_493\Debug\PioneerKit_P5LP_USB_Audio.a(PSOC_I2S_MCLK.o)
                0x00001ff8                PSOC_I2S_MCLK_SetDriveMode
 .text.USBOutDMA_DmaInitialize
                0x00002030       0x68 .\ARM_GCC_493\Debug\PioneerKit_P5LP_USB_Audio.a(USBOutDMA_dma.o)
                0x00002030                USBOutDMA_DmaInitialize
 .text.PSOC_SW_Read
                0x00002098       0x20 .\ARM_GCC_493\Debug\PioneerKit_P5LP_USB_Audio.a(PSOC_SW.o)
                0x00002098                PSOC_SW_Read
 .text.SystemTickTimer_Start
                0x000020b8       0x20 .\ARM_GCC_493\Debug\PioneerKit_P5LP_USB_Audio.a(SystemTickTimer.o)
                0x000020b8                SystemTickTimer_Start
 .text.SystemTickTimer_Init
                0x000020d8       0x10 .\ARM_GCC_493\Debug\PioneerKit_P5LP_USB_Audio.a(SystemTickTimer.o)
                0x000020d8                SystemTickTimer_Init
 .text.SystemTickTimer_Enable
                0x000020e8       0x74 .\ARM_GCC_493\Debug\PioneerKit_P5LP_USB_Audio.a(SystemTickTimer.o)
                0x000020e8                SystemTickTimer_Enable
 .text.SystemTickTimer_EnableInt
                0x0000215c       0x30 .\ARM_GCC_493\Debug\PioneerKit_P5LP_USB_Audio.a(SystemTickTimer.o)
                0x0000215c                SystemTickTimer_EnableInt
 .text.SystemTickTimer_SetInterval
                0x0000218c       0x48 .\ARM_GCC_493\Debug\PioneerKit_P5LP_USB_Audio.a(SystemTickTimer.o)
                0x0000218c                SystemTickTimer_SetInterval
 .text.isr_Tick_StartEx
                0x000021d4       0x24 .\ARM_GCC_493\Debug\PioneerKit_P5LP_USB_Audio.a(isr_Tick.o)
                0x000021d4                isr_Tick_StartEx
 .text.isr_Tick_SetVector
                0x000021f8       0x24 .\ARM_GCC_493\Debug\PioneerKit_P5LP_USB_Audio.a(isr_Tick.o)
                0x000021f8                isr_Tick_SetVector
 .text.isr_Tick_SetPriority
                0x0000221c       0x24 .\ARM_GCC_493\Debug\PioneerKit_P5LP_USB_Audio.a(isr_Tick.o)
                0x0000221c                isr_Tick_SetPriority
 .text.isr_Tick_Enable
                0x00002240       0x18 .\ARM_GCC_493\Debug\PioneerKit_P5LP_USB_Audio.a(isr_Tick.o)
                0x00002240                isr_Tick_Enable
 .text.isr_Tick_Disable
                0x00002258       0x18 .\ARM_GCC_493\Debug\PioneerKit_P5LP_USB_Audio.a(isr_Tick.o)
                0x00002258                isr_Tick_Disable
 .text.PSOC_I2S_LRCLK_SetDriveMode
                0x00002270       0x38 .\ARM_GCC_493\Debug\PioneerKit_P5LP_USB_Audio.a(PSOC_I2S_LRCLK.o)
                0x00002270                PSOC_I2S_LRCLK_SetDriveMode
 .text.I2S_Tx_DMA_DmaInitialize
                0x000022a8       0x68 .\ARM_GCC_493\Debug\PioneerKit_P5LP_USB_Audio.a(I2S_Tx_DMA_dma.o)
                0x000022a8                I2S_Tx_DMA_DmaInitialize
 .text.ByteSwap_Tx_Start
                0x00002310       0x44 .\ARM_GCC_493\Debug\PioneerKit_P5LP_USB_Audio.a(ByteSwap_Tx.o)
                0x00002310                ByteSwap_Tx_Start
 .text.ByteSwap_Tx_Stop
                0x00002354       0x34 .\ARM_GCC_493\Debug\PioneerKit_P5LP_USB_Audio.a(ByteSwap_Tx.o)
                0x00002354                ByteSwap_Tx_Stop
 .text.Clock_CIC_Start
                0x00002388       0x34 .\ARM_GCC_493\Debug\PioneerKit_P5LP_USB_Audio.a(Clock_CIC.o)
                0x00002388                Clock_CIC_Start
 .text.Clock_CIC_Stop
                0x000023bc       0x34 .\ARM_GCC_493\Debug\PioneerKit_P5LP_USB_Audio.a(Clock_CIC.o)
                0x000023bc                Clock_CIC_Stop
 .text.Clock_CIC_SetDividerRegister
                0x000023f0      0x160 .\ARM_GCC_493\Debug\PioneerKit_P5LP_USB_Audio.a(Clock_CIC.o)
                0x000023f0                Clock_CIC_SetDividerRegister
 .text.Clock_CIC_GetDividerRegister
                0x00002550       0x18 .\ARM_GCC_493\Debug\PioneerKit_P5LP_USB_Audio.a(Clock_CIC.o)
                0x00002550                Clock_CIC_GetDividerRegister
 .text.Clock_CIC_GetSourceRegister
                0x00002568       0x20 .\ARM_GCC_493\Debug\PioneerKit_P5LP_USB_Audio.a(Clock_CIC.o)
                0x00002568                Clock_CIC_GetSourceRegister
 .text.CICOut_L_DmaInitialize
                0x00002588       0x68 .\ARM_GCC_493\Debug\PioneerKit_P5LP_USB_Audio.a(CICOut_L_dma.o)
                0x00002588                CICOut_L_DmaInitialize
 .text.CICOut_R_DmaInitialize
                0x000025f0       0x68 .\ARM_GCC_493\Debug\PioneerKit_P5LP_USB_Audio.a(CICOut_R_dma.o)
                0x000025f0                CICOut_R_DmaInitialize
 .text.Droop_Filter_LoadReg32
                0x00002658       0x44 .\ARM_GCC_493\Debug\PioneerKit_P5LP_USB_Audio.a(Droop_Filter.o)
 .text.Droop_Filter_ZeroReg32
                0x0000269c       0x3c .\ARM_GCC_493\Debug\PioneerKit_P5LP_USB_Audio.a(Droop_Filter.o)
 .text.Droop_Filter_Init
                0x000026d8      0x12c .\ARM_GCC_493\Debug\PioneerKit_P5LP_USB_Audio.a(Droop_Filter.o)
                0x000026d8                Droop_Filter_Init
 .text.Droop_Filter_Enable
                0x00002804       0x64 .\ARM_GCC_493\Debug\PioneerKit_P5LP_USB_Audio.a(Droop_Filter.o)
                0x00002804                Droop_Filter_Enable
 .text.Droop_Filter_Start
                0x00002868       0x20 .\ARM_GCC_493\Debug\PioneerKit_P5LP_USB_Audio.a(Droop_Filter.o)
                0x00002868                Droop_Filter_Start
 .text.Droop_Filter_Stop
                0x00002888       0x58 .\ARM_GCC_493\Debug\PioneerKit_P5LP_USB_Audio.a(Droop_Filter.o)
                0x00002888                Droop_Filter_Stop
 .text.Droop_Filter_SetInterruptMode
                0x000028e0       0x24 .\ARM_GCC_493\Debug\PioneerKit_P5LP_USB_Audio.a(Droop_Filter.o)
                0x000028e0                Droop_Filter_SetInterruptMode
 .text.Droop_Filter_SetDMAMode
                0x00002904       0x24 .\ARM_GCC_493\Debug\PioneerKit_P5LP_USB_Audio.a(Droop_Filter.o)
                0x00002904                Droop_Filter_SetDMAMode
 .text.Droop_Filter_SetOutput1Source
                0x00002928       0x30 .\ARM_GCC_493\Debug\PioneerKit_P5LP_USB_Audio.a(Droop_Filter.o)
                0x00002928                Droop_Filter_SetOutput1Source
 .text.Droop_Filter_SetOutput2Source
                0x00002958       0x30 .\ARM_GCC_493\Debug\PioneerKit_P5LP_USB_Audio.a(Droop_Filter.o)
                0x00002958                Droop_Filter_SetOutput2Source
 .text.RxDMA_DmaInitialize
                0x00002988       0x68 .\ARM_GCC_493\Debug\PioneerKit_P5LP_USB_Audio.a(RxDMA_dma.o)
                0x00002988                RxDMA_DmaInitialize
 .text.isr_RxDMADone_StartEx
                0x000029f0       0x24 .\ARM_GCC_493\Debug\PioneerKit_P5LP_USB_Audio.a(isr_RxDMADone.o)
                0x000029f0                isr_RxDMADone_StartEx
 .text.isr_RxDMADone_SetVector
                0x00002a14       0x24 .\ARM_GCC_493\Debug\PioneerKit_P5LP_USB_Audio.a(isr_RxDMADone.o)
                0x00002a14                isr_RxDMADone_SetVector
 .text.isr_RxDMADone_SetPriority
                0x00002a38       0x24 .\ARM_GCC_493\Debug\PioneerKit_P5LP_USB_Audio.a(isr_RxDMADone.o)
                0x00002a38                isr_RxDMADone_SetPriority
 .text.isr_RxDMADone_Enable
                0x00002a5c       0x18 .\ARM_GCC_493\Debug\PioneerKit_P5LP_USB_Audio.a(isr_RxDMADone.o)
                0x00002a5c                isr_RxDMADone_Enable
 .text.isr_RxDMADone_Disable
                0x00002a74       0x18 .\ARM_GCC_493\Debug\PioneerKit_P5LP_USB_Audio.a(isr_RxDMADone.o)
                0x00002a74                isr_RxDMADone_Disable
 .text.AudioClkGen_Clock_SCK_SetDividerRegister
                0x00002a8c      0x160 .\ARM_GCC_493\Debug\PioneerKit_P5LP_USB_Audio.a(AudioClkGen_Clock_SCK.o)
                0x00002a8c                AudioClkGen_Clock_SCK_SetDividerRegister
 .text.AudioClkGen_Clock_SCK_GetDividerRegister
                0x00002bec       0x18 .\ARM_GCC_493\Debug\PioneerKit_P5LP_USB_Audio.a(AudioClkGen_Clock_SCK.o)
                0x00002bec                AudioClkGen_Clock_SCK_GetDividerRegister
 .text.AudioClkGen_Clock_SCK_GetSourceRegister
                0x00002c04       0x20 .\ARM_GCC_493\Debug\PioneerKit_P5LP_USB_Audio.a(AudioClkGen_Clock_SCK.o)
                0x00002c04                AudioClkGen_Clock_SCK_GetSourceRegister
 .text.AudioClkGen_Clock_I2S_SetDividerRegister
                0x00002c24      0x160 .\ARM_GCC_493\Debug\PioneerKit_P5LP_USB_Audio.a(AudioClkGen_Clock_I2S.o)
                0x00002c24                AudioClkGen_Clock_I2S_SetDividerRegister
 .text.AudioClkGen_Clock_I2S_GetDividerRegister
                0x00002d84       0x18 .\ARM_GCC_493\Debug\PioneerKit_P5LP_USB_Audio.a(AudioClkGen_Clock_I2S.o)
                0x00002d84                AudioClkGen_Clock_I2S_GetDividerRegister
 .text.AudioClkGen_Clock_I2S_GetSourceRegister
                0x00002d9c       0x20 .\ARM_GCC_493\Debug\PioneerKit_P5LP_USB_Audio.a(AudioClkGen_Clock_I2S.o)
                0x00002d9c                AudioClkGen_Clock_I2S_GetSourceRegister
 *fill*         0x00002dbc        0x4 
 .text          0x00002dc0       0x20 .\ARM_GCC_493\Debug\PioneerKit_P5LP_USB_Audio.a(CyBootAsmGnu.o)
                0x00002dc0                CyDelayCycles
                0x00002dd0                CyEnterCriticalSection
                0x00002dd8                CyExitCriticalSection
 .text.CyDmacConfigure
                0x00002de0       0x5c .\ARM_GCC_493\Debug\PioneerKit_P5LP_USB_Audio.a(CyDmac.o)
                0x00002de0                CyDmacConfigure
 .text.CyDmaChEnable
                0x00002e3c       0x8c .\ARM_GCC_493\Debug\PioneerKit_P5LP_USB_Audio.a(CyDmac.o)
                0x00002e3c                CyDmaChEnable
 .text.CyDmaChDisable
                0x00002ec8       0x64 .\ARM_GCC_493\Debug\PioneerKit_P5LP_USB_Audio.a(CyDmac.o)
                0x00002ec8                CyDmaChDisable
 .text.CyDmaClearPendingDrq
                0x00002f2c       0x64 .\ARM_GCC_493\Debug\PioneerKit_P5LP_USB_Audio.a(CyDmac.o)
                0x00002f2c                CyDmaClearPendingDrq
 .text.CyDmaChPriority
                0x00002f90       0x60 .\ARM_GCC_493\Debug\PioneerKit_P5LP_USB_Audio.a(CyDmac.o)
                0x00002f90                CyDmaChPriority
 .text.CyDmaChSetExtendedAddress
                0x00002ff0       0x7c .\ARM_GCC_493\Debug\PioneerKit_P5LP_USB_Audio.a(CyDmac.o)
                0x00002ff0                CyDmaChSetExtendedAddress
 .text.CyDmaChSetInitialTd
                0x0000306c       0x3c .\ARM_GCC_493\Debug\PioneerKit_P5LP_USB_Audio.a(CyDmac.o)
                0x0000306c                CyDmaChSetInitialTd
 .text.CyDmaChSetRequest
                0x000030a8       0x58 .\ARM_GCC_493\Debug\PioneerKit_P5LP_USB_Audio.a(CyDmac.o)
                0x000030a8                CyDmaChSetRequest
 .text.CyDmaChSetConfiguration
                0x00003100       0xa0 .\ARM_GCC_493\Debug\PioneerKit_P5LP_USB_Audio.a(CyDmac.o)
                0x00003100                CyDmaChSetConfiguration
 .text.CyDmaTdAllocate
                0x000031a0       0x5c .\ARM_GCC_493\Debug\PioneerKit_P5LP_USB_Audio.a(CyDmac.o)
                0x000031a0                CyDmaTdAllocate
 .text.CyDmaTdFree
                0x000031fc       0x54 .\ARM_GCC_493\Debug\PioneerKit_P5LP_USB_Audio.a(CyDmac.o)
                0x000031fc                CyDmaTdFree
 .text.CyDmaTdSetConfiguration
                0x00003250       0x80 .\ARM_GCC_493\Debug\PioneerKit_P5LP_USB_Audio.a(CyDmac.o)
                0x00003250                CyDmaTdSetConfiguration
 .text.CyDmaTdSetAddress
                0x000032d0       0x5c .\ARM_GCC_493\Debug\PioneerKit_P5LP_USB_Audio.a(CyDmac.o)
                0x000032d0                CyDmaTdSetAddress
 .text.CyPLL_OUT_Start
                0x0000332c       0xb0 .\ARM_GCC_493\Debug\PioneerKit_P5LP_USB_Audio.a(CyLib.o)
                0x0000332c                CyPLL_OUT_Start
 .text.CyPLL_OUT_Stop
                0x000033dc       0x20 .\ARM_GCC_493\Debug\PioneerKit_P5LP_USB_Audio.a(CyLib.o)
                0x000033dc                CyPLL_OUT_Stop
 .text.CyPLL_OUT_SetSource
                0x000033fc       0x54 .\ARM_GCC_493\Debug\PioneerKit_P5LP_USB_Audio.a(CyLib.o)
                0x000033fc                CyPLL_OUT_SetSource
 .text.CyIMO_Start
                0x00003450       0x94 .\ARM_GCC_493\Debug\PioneerKit_P5LP_USB_Audio.a(CyLib.o)
                0x00003450                CyIMO_Start
 .text.CyIMO_Stop
                0x000034e4       0x34 .\ARM_GCC_493\Debug\PioneerKit_P5LP_USB_Audio.a(CyLib.o)
                0x000034e4                CyIMO_Stop
 .text.CyUSB_PowerOnCheck
                0x00003518       0x60 .\ARM_GCC_493\Debug\PioneerKit_P5LP_USB_Audio.a(CyLib.o)
 .text.CyIMO_SetTrimValue
                0x00003578      0x108 .\ARM_GCC_493\Debug\PioneerKit_P5LP_USB_Audio.a(CyLib.o)
 .text.CyIMO_SetFreq
                0x00003680      0x1ac .\ARM_GCC_493\Debug\PioneerKit_P5LP_USB_Audio.a(CyLib.o)
                0x00003680                CyIMO_SetFreq
 .text.CyIMO_SetSource
                0x0000382c       0x8c .\ARM_GCC_493\Debug\PioneerKit_P5LP_USB_Audio.a(CyLib.o)
                0x0000382c                CyIMO_SetSource
 .text.CyIMO_EnableDoubler
                0x000038b8       0x20 .\ARM_GCC_493\Debug\PioneerKit_P5LP_USB_Audio.a(CyLib.o)
                0x000038b8                CyIMO_EnableDoubler
 .text.CyIMO_DisableDoubler
                0x000038d8       0x20 .\ARM_GCC_493\Debug\PioneerKit_P5LP_USB_Audio.a(CyLib.o)
                0x000038d8                CyIMO_DisableDoubler
 .text.CyMasterClk_SetSource
                0x000038f8       0x34 .\ARM_GCC_493\Debug\PioneerKit_P5LP_USB_Audio.a(CyLib.o)
                0x000038f8                CyMasterClk_SetSource
 .text.CyMasterClk_SetDivider
                0x0000392c       0x20 .\ARM_GCC_493\Debug\PioneerKit_P5LP_USB_Audio.a(CyLib.o)
                0x0000392c                CyMasterClk_SetDivider
 .text.CyBusClk_Internal_SetDivider
                0x0000394c       0x78 .\ARM_GCC_493\Debug\PioneerKit_P5LP_USB_Audio.a(CyLib.o)
 .text.CyBusClk_SetDivider
                0x000039c4       0xb4 .\ARM_GCC_493\Debug\PioneerKit_P5LP_USB_Audio.a(CyLib.o)
                0x000039c4                CyBusClk_SetDivider
 .text.CyILO_Start1K
                0x00003a78       0x20 .\ARM_GCC_493\Debug\PioneerKit_P5LP_USB_Audio.a(CyLib.o)
                0x00003a78                CyILO_Start1K
 .text.CyILO_Start100K
                0x00003a98       0x20 .\ARM_GCC_493\Debug\PioneerKit_P5LP_USB_Audio.a(CyLib.o)
                0x00003a98                CyILO_Start100K
 .text.CyILO_Stop100K
                0x00003ab8       0x20 .\ARM_GCC_493\Debug\PioneerKit_P5LP_USB_Audio.a(CyLib.o)
                0x00003ab8                CyILO_Stop100K
 .text.CyXTAL_Start
                0x00003ad8       0xd0 .\ARM_GCC_493\Debug\PioneerKit_P5LP_USB_Audio.a(CyLib.o)
                0x00003ad8                CyXTAL_Start
 .text.CyXTAL_Stop
                0x00003ba8       0x20 .\ARM_GCC_493\Debug\PioneerKit_P5LP_USB_Audio.a(CyLib.o)
                0x00003ba8                CyXTAL_Stop
 .text.CyHalt   0x00003bc8       0x18 .\ARM_GCC_493\Debug\PioneerKit_P5LP_USB_Audio.a(CyLib.o)
                0x00003bc8                CyHalt
 .text.CyDelay  0x00003be0       0x44 .\ARM_GCC_493\Debug\PioneerKit_P5LP_USB_Audio.a(CyLib.o)
                0x00003be0                CyDelay
 .text.CyDelayUs
                0x00003c24       0x24 .\ARM_GCC_493\Debug\PioneerKit_P5LP_USB_Audio.a(CyLib.o)
                0x00003c24                CyDelayUs
 .text.CyDelayFreq
                0x00003c48       0x7c .\ARM_GCC_493\Debug\PioneerKit_P5LP_USB_Audio.a(CyLib.o)
                0x00003c48                CyDelayFreq
 .text.CyWdtStart
                0x00003cc4       0x8c .\ARM_GCC_493\Debug\PioneerKit_P5LP_USB_Audio.a(CyLib.o)
                0x00003cc4                CyWdtStart
 .text.CyWdtClear
                0x00003d50       0x18 .\ARM_GCC_493\Debug\PioneerKit_P5LP_USB_Audio.a(CyLib.o)
                0x00003d50                CyWdtClear
 .text.CyIntSetVector
                0x00003d68       0x50 .\ARM_GCC_493\Debug\PioneerKit_P5LP_USB_Audio.a(CyLib.o)
                0x00003d68                CyIntSetVector
 .text.CyIntSetPriority
                0x00003db8       0x44 .\ARM_GCC_493\Debug\PioneerKit_P5LP_USB_Audio.a(CyLib.o)
                0x00003db8                CyIntSetPriority
 .text.CyPmSaveClocks
                0x00003dfc      0x284 .\ARM_GCC_493\Debug\PioneerKit_P5LP_USB_Audio.a(cyPm.o)
                0x00003dfc                CyPmSaveClocks
 .text.CyPmRestoreClocks
                0x00004080      0x300 .\ARM_GCC_493\Debug\PioneerKit_P5LP_USB_Audio.a(cyPm.o)
                0x00004080                CyPmRestoreClocks
 .text.CyPmSleep
                0x00004380      0x170 .\ARM_GCC_493\Debug\PioneerKit_P5LP_USB_Audio.a(cyPm.o)
                0x00004380                CyPmSleep
 .text.CyPmReadStatus
                0x000044f0       0x58 .\ARM_GCC_493\Debug\PioneerKit_P5LP_USB_Audio.a(cyPm.o)
                0x000044f0                CyPmReadStatus
 .text.CyPmFtwSetInterval
                0x00004548       0x90 .\ARM_GCC_493\Debug\PioneerKit_P5LP_USB_Audio.a(cyPm.o)
                0x00004548                CyPmFtwSetInterval
 .text.CyPmHibSlpSaveSet
                0x000045d8      0x280 .\ARM_GCC_493\Debug\PioneerKit_P5LP_USB_Audio.a(cyPm.o)
 .text.CyPmHibSlpRestore
                0x00004858      0x188 .\ARM_GCC_493\Debug\PioneerKit_P5LP_USB_Audio.a(cyPm.o)
 .text.PSOC_STATUS_LED_Write
                0x000049e0       0x3c .\ARM_GCC_493\Debug\PioneerKit_P5LP_USB_Audio.a(PSOC_STATUS_LED.o)
                0x000049e0                PSOC_STATUS_LED_Write
 .text.PSOC_STATUS_LED_Read
                0x00004a1c       0x20 .\ARM_GCC_493\Debug\PioneerKit_P5LP_USB_Audio.a(PSOC_STATUS_LED.o)
                0x00004a1c                PSOC_STATUS_LED_Read
 .text.USBFS_Start
                0x00004a3c       0x38 .\ARM_GCC_493\Debug\PioneerKit_P5LP_USB_Audio.a(USBFS.o)
                0x00004a3c                USBFS_Start
 .text.USBFS_Init
                0x00004a74      0x1d4 .\ARM_GCC_493\Debug\PioneerKit_P5LP_USB_Audio.a(USBFS.o)
                0x00004a74                USBFS_Init
 .text.USBFS_InitComponent
                0x00004c48      0x118 .\ARM_GCC_493\Debug\PioneerKit_P5LP_USB_Audio.a(USBFS.o)
                0x00004c48                USBFS_InitComponent
 .text.USBFS_ReInitComponent
                0x00004d60       0x88 .\ARM_GCC_493\Debug\PioneerKit_P5LP_USB_Audio.a(USBFS.o)
                0x00004d60                USBFS_ReInitComponent
 .text.USBFS_CheckActivity
                0x00004de8       0x34 .\ARM_GCC_493\Debug\PioneerKit_P5LP_USB_Audio.a(USBFS.o)
                0x00004de8                USBFS_CheckActivity
 .text.USBFS_GetConfiguration
                0x00004e1c       0x18 .\ARM_GCC_493\Debug\PioneerKit_P5LP_USB_Audio.a(USBFS.o)
                0x00004e1c                USBFS_GetConfiguration
 .text.USBFS_IsConfigurationChanged
                0x00004e34       0x34 .\ARM_GCC_493\Debug\PioneerKit_P5LP_USB_Audio.a(USBFS.o)
                0x00004e34                USBFS_IsConfigurationChanged
 .text.USBFS_GetInterfaceSetting
                0x00004e68       0x24 .\ARM_GCC_493\Debug\PioneerKit_P5LP_USB_Audio.a(USBFS.o)
                0x00004e68                USBFS_GetInterfaceSetting
 .text.USBFS_GetEPState
                0x00004e8c       0x2c .\ARM_GCC_493\Debug\PioneerKit_P5LP_USB_Audio.a(USBFS.o)
                0x00004e8c                USBFS_GetEPState
 .text.USBFS_GetEPCount
                0x00004eb8       0x64 .\ARM_GCC_493\Debug\PioneerKit_P5LP_USB_Audio.a(USBFS.o)
                0x00004eb8                USBFS_GetEPCount
 .text.USBFS_InitEP_DMA
                0x00004f1c      0x100 .\ARM_GCC_493\Debug\PioneerKit_P5LP_USB_Audio.a(USBFS.o)
                0x00004f1c                USBFS_InitEP_DMA
 .text.USBFS_Stop_DMA
                0x0000501c       0x64 .\ARM_GCC_493\Debug\PioneerKit_P5LP_USB_Audio.a(USBFS.o)
                0x0000501c                USBFS_Stop_DMA
 .text.USBFS_LoadInEP
                0x00005080      0x164 .\ARM_GCC_493\Debug\PioneerKit_P5LP_USB_Audio.a(USBFS.o)
                0x00005080                USBFS_LoadInEP
 .text.USBFS_ReadOutEP
                0x000051e4       0xd0 .\ARM_GCC_493\Debug\PioneerKit_P5LP_USB_Audio.a(USBFS.o)
                0x000051e4                USBFS_ReadOutEP
 .text.USBFS_EnableOutEP
                0x000052b4       0x60 .\ARM_GCC_493\Debug\PioneerKit_P5LP_USB_Audio.a(USBFS.o)
                0x000052b4                USBFS_EnableOutEP
 .text.USBFS_DispatchAUDIOClassRqst
                0x00005314      0x308 .\ARM_GCC_493\Debug\PioneerKit_P5LP_USB_Audio.a(USBFS_audio.o)
                0x00005314                USBFS_DispatchAUDIOClassRqst
 .text.USBFS_EP_0_ISR
                0x0000561c       0xf8 .\ARM_GCC_493\Debug\PioneerKit_P5LP_USB_Audio.a(USBFS_drv.o)
                0x0000561c                USBFS_EP_0_ISR
 .text.USBFS_HandleSetup
                0x00005714       0x88 .\ARM_GCC_493\Debug\PioneerKit_P5LP_USB_Audio.a(USBFS_drv.o)
                0x00005714                USBFS_HandleSetup
 .text.USBFS_HandleIN
                0x0000579c       0x4c .\ARM_GCC_493\Debug\PioneerKit_P5LP_USB_Audio.a(USBFS_drv.o)
                0x0000579c                USBFS_HandleIN
 .text.USBFS_HandleOUT
                0x000057e8       0x58 .\ARM_GCC_493\Debug\PioneerKit_P5LP_USB_Audio.a(USBFS_drv.o)
                0x000057e8                USBFS_HandleOUT
 .text.USBFS_LoadEP0
                0x00005840       0xe0 .\ARM_GCC_493\Debug\PioneerKit_P5LP_USB_Audio.a(USBFS_drv.o)
                0x00005840                USBFS_LoadEP0
 .text.USBFS_InitControlRead
                0x00005920       0x74 .\ARM_GCC_493\Debug\PioneerKit_P5LP_USB_Audio.a(USBFS_drv.o)
                0x00005920                USBFS_InitControlRead
 .text.USBFS_InitZeroLengthControlTransfer
                0x00005994       0x44 .\ARM_GCC_493\Debug\PioneerKit_P5LP_USB_Audio.a(USBFS_drv.o)
                0x00005994                USBFS_InitZeroLengthControlTransfer
 .text.USBFS_ControlReadDataStage
                0x000059d8        0xc .\ARM_GCC_493\Debug\PioneerKit_P5LP_USB_Audio.a(USBFS_drv.o)
                0x000059d8                USBFS_ControlReadDataStage
 .text.USBFS_ControlReadStatusStage
                0x000059e4       0x40 .\ARM_GCC_493\Debug\PioneerKit_P5LP_USB_Audio.a(USBFS_drv.o)
                0x000059e4                USBFS_ControlReadStatusStage
 .text.USBFS_InitControlWrite
                0x00005a24       0x68 .\ARM_GCC_493\Debug\PioneerKit_P5LP_USB_Audio.a(USBFS_drv.o)
                0x00005a24                USBFS_InitControlWrite
 .text.USBFS_ControlWriteDataStage
                0x00005a8c       0xbc .\ARM_GCC_493\Debug\PioneerKit_P5LP_USB_Audio.a(USBFS_drv.o)
                0x00005a8c                USBFS_ControlWriteDataStage
 .text.USBFS_ControlWriteStatusStage
                0x00005b48       0x20 .\ARM_GCC_493\Debug\PioneerKit_P5LP_USB_Audio.a(USBFS_drv.o)
                0x00005b48                USBFS_ControlWriteStatusStage
 .text.USBFS_InitNoDataControlTransfer
                0x00005b68       0x38 .\ARM_GCC_493\Debug\PioneerKit_P5LP_USB_Audio.a(USBFS_drv.o)
                0x00005b68                USBFS_InitNoDataControlTransfer
 .text.USBFS_NoDataControlStatusStage
                0x00005ba0       0x48 .\ARM_GCC_493\Debug\PioneerKit_P5LP_USB_Audio.a(USBFS_drv.o)
                0x00005ba0                USBFS_NoDataControlStatusStage
 .text.USBFS_UpdateStatusBlock
                0x00005be8       0x40 .\ARM_GCC_493\Debug\PioneerKit_P5LP_USB_Audio.a(USBFS_drv.o)
                0x00005be8                USBFS_UpdateStatusBlock
 .text.USBFS_InitializeStatusBlock
                0x00005c28       0x34 .\ARM_GCC_493\Debug\PioneerKit_P5LP_USB_Audio.a(USBFS_drv.o)
                0x00005c28                USBFS_InitializeStatusBlock
 .text.USBFS_EP_1_ISR
                0x00005c5c       0x50 .\ARM_GCC_493\Debug\PioneerKit_P5LP_USB_Audio.a(USBFS_episr.o)
                0x00005c5c                USBFS_EP_1_ISR
 .text.USBFS_EP_2_ISR
                0x00005cac       0x50 .\ARM_GCC_493\Debug\PioneerKit_P5LP_USB_Audio.a(USBFS_episr.o)
                0x00005cac                USBFS_EP_2_ISR
 .text.USBFS_EP_4_ISR
                0x00005cfc       0x5c .\ARM_GCC_493\Debug\PioneerKit_P5LP_USB_Audio.a(USBFS_episr.o)
                0x00005cfc                USBFS_EP_4_ISR
 .text.USBFS_EP_6_ISR
                0x00005d58       0x5c .\ARM_GCC_493\Debug\PioneerKit_P5LP_USB_Audio.a(USBFS_episr.o)
                0x00005d58                USBFS_EP_6_ISR
 .text.USBFS_SOF_ISR
                0x00005db4        0xc .\ARM_GCC_493\Debug\PioneerKit_P5LP_USB_Audio.a(USBFS_episr.o)
                0x00005db4                USBFS_SOF_ISR
 .text.USBFS_BUS_RESET_ISR
                0x00005dc0        0xc .\ARM_GCC_493\Debug\PioneerKit_P5LP_USB_Audio.a(USBFS_episr.o)
                0x00005dc0                USBFS_BUS_RESET_ISR
 .text.USBFS_ARB_ISR
                0x00005dcc       0xcc .\ARM_GCC_493\Debug\PioneerKit_P5LP_USB_Audio.a(USBFS_episr.o)
                0x00005dcc                USBFS_ARB_ISR
 .text.USBFS_DispatchHIDClassRqst
                0x00005e98      0x1ec .\ARM_GCC_493\Debug\PioneerKit_P5LP_USB_Audio.a(USBFS_hid.o)
                0x00005e98                USBFS_DispatchHIDClassRqst
 .text.USBFS_FindHidClassDecriptor
                0x00006084       0x80 .\ARM_GCC_493\Debug\PioneerKit_P5LP_USB_Audio.a(USBFS_hid.o)
                0x00006084                USBFS_FindHidClassDecriptor
 .text.USBFS_FindReportDescriptor
                0x00006104       0x94 .\ARM_GCC_493\Debug\PioneerKit_P5LP_USB_Audio.a(USBFS_hid.o)
                0x00006104                USBFS_FindReportDescriptor
 .text.USBFS_FindReport
                0x00006198       0xd8 .\ARM_GCC_493\Debug\PioneerKit_P5LP_USB_Audio.a(USBFS_hid.o)
                0x00006198                USBFS_FindReport
 .text.USBFS_DP_ISR
                0x00006270       0x14 .\ARM_GCC_493\Debug\PioneerKit_P5LP_USB_Audio.a(USBFS_pm.o)
                0x00006270                USBFS_DP_ISR
 .text.USBFS_RestoreConfig
                0x00006284       0x18 .\ARM_GCC_493\Debug\PioneerKit_P5LP_USB_Audio.a(USBFS_pm.o)
                0x00006284                USBFS_RestoreConfig
 .text.USBFS_Suspend
                0x0000629c      0x134 .\ARM_GCC_493\Debug\PioneerKit_P5LP_USB_Audio.a(USBFS_pm.o)
                0x0000629c                USBFS_Suspend
 .text.USBFS_Resume
                0x000063d0      0x114 .\ARM_GCC_493\Debug\PioneerKit_P5LP_USB_Audio.a(USBFS_pm.o)
                0x000063d0                USBFS_Resume
 .text.USBFS_HandleStandardRqst
                0x000064e4      0x48c .\ARM_GCC_493\Debug\PioneerKit_P5LP_USB_Audio.a(USBFS_std.o)
                0x000064e4                USBFS_HandleStandardRqst
 .text.USBFS_ReadDieID
                0x00006970       0x80 .\ARM_GCC_493\Debug\PioneerKit_P5LP_USB_Audio.a(USBFS_std.o)
                0x00006970                USBFS_ReadDieID
 .text.USBFS_ConfigReg
                0x000069f0      0x108 .\ARM_GCC_493\Debug\PioneerKit_P5LP_USB_Audio.a(USBFS_std.o)
                0x000069f0                USBFS_ConfigReg
 .text.USBFS_Config
                0x00006af8      0x2cc .\ARM_GCC_493\Debug\PioneerKit_P5LP_USB_Audio.a(USBFS_std.o)
                0x00006af8                USBFS_Config
 .text.USBFS_ConfigAltChanged
                0x00006dc4      0x258 .\ARM_GCC_493\Debug\PioneerKit_P5LP_USB_Audio.a(USBFS_std.o)
                0x00006dc4                USBFS_ConfigAltChanged
 .text.USBFS_GetConfigTablePtr
                0x0000701c       0x24 .\ARM_GCC_493\Debug\PioneerKit_P5LP_USB_Audio.a(USBFS_std.o)
                0x0000701c                USBFS_GetConfigTablePtr
 .text.USBFS_GetDeviceTablePtr
                0x00007040       0x24 .\ARM_GCC_493\Debug\PioneerKit_P5LP_USB_Audio.a(USBFS_std.o)
                0x00007040                USBFS_GetDeviceTablePtr
 .text.USBFS_GetInterfaceClassTablePtr
                0x00007064       0x40 .\ARM_GCC_493\Debug\PioneerKit_P5LP_USB_Audio.a(USBFS_std.o)
                0x00007064                USBFS_GetInterfaceClassTablePtr
 .text.USBFS_SetEndpointHalt
                0x000070a4       0xe0 .\ARM_GCC_493\Debug\PioneerKit_P5LP_USB_Audio.a(USBFS_std.o)
                0x000070a4                USBFS_SetEndpointHalt
 .text.USBFS_ClearEndpointHalt
                0x00007184      0x140 .\ARM_GCC_493\Debug\PioneerKit_P5LP_USB_Audio.a(USBFS_std.o)
                0x00007184                USBFS_ClearEndpointHalt
 .text.USBFS_ValidateAlternateSetting
                0x000072c4       0x78 .\ARM_GCC_493\Debug\PioneerKit_P5LP_USB_Audio.a(USBFS_std.o)
                0x000072c4                USBFS_ValidateAlternateSetting
 .text.USBFS_HandleVendorRqst
                0x0000733c       0x3c .\ARM_GCC_493\Debug\PioneerKit_P5LP_USB_Audio.a(USBFS_vnd.o)
                0x0000733c                USBFS_HandleVendorRqst
 .text.USBFS_ep1_DmaInitialize
                0x00007378       0x68 .\ARM_GCC_493\Debug\PioneerKit_P5LP_USB_Audio.a(USBFS_ep1_dma.o)
                0x00007378                USBFS_ep1_DmaInitialize
 .text.USBFS_ep2_DmaInitialize
                0x000073e0       0x68 .\ARM_GCC_493\Debug\PioneerKit_P5LP_USB_Audio.a(USBFS_ep2_dma.o)
                0x000073e0                USBFS_ep2_DmaInitialize
 .text.USBFS_ep4_DmaInitialize
                0x00007448       0x68 .\ARM_GCC_493\Debug\PioneerKit_P5LP_USB_Audio.a(USBFS_ep4_dma.o)
                0x00007448                USBFS_ep4_DmaInitialize
 .text.USBFS_ep6_DmaInitialize
                0x000074b0       0x68 .\ARM_GCC_493\Debug\PioneerKit_P5LP_USB_Audio.a(USBFS_ep6_dma.o)
                0x000074b0                USBFS_ep6_DmaInitialize
 .text.isr_CICOverflow_StartEx
                0x00007518       0x24 .\ARM_GCC_493\Debug\PioneerKit_P5LP_USB_Audio.a(isr_CICOverflow.o)
                0x00007518                isr_CICOverflow_StartEx
 .text.isr_CICOverflow_SetVector
                0x0000753c       0x24 .\ARM_GCC_493\Debug\PioneerKit_P5LP_USB_Audio.a(isr_CICOverflow.o)
                0x0000753c                isr_CICOverflow_SetVector
 .text.isr_CICOverflow_SetPriority
                0x00007560       0x24 .\ARM_GCC_493\Debug\PioneerKit_P5LP_USB_Audio.a(isr_CICOverflow.o)
                0x00007560                isr_CICOverflow_SetPriority
 .text.isr_CICOverflow_Enable
                0x00007584       0x18 .\ARM_GCC_493\Debug\PioneerKit_P5LP_USB_Audio.a(isr_CICOverflow.o)
                0x00007584                isr_CICOverflow_Enable
 .text.isr_CICOverflow_Disable
                0x0000759c       0x18 .\ARM_GCC_493\Debug\PioneerKit_P5LP_USB_Audio.a(isr_CICOverflow.o)
                0x0000759c                isr_CICOverflow_Disable
 .text.PDM_CIC_Start
                0x000075b4       0x6c .\ARM_GCC_493\Debug\PioneerKit_P5LP_USB_Audio.a(PDM_CIC.o)
                0x000075b4                PDM_CIC_Start
 .text.PDM_CIC_Stop
                0x00007620       0x34 .\ARM_GCC_493\Debug\PioneerKit_P5LP_USB_Audio.a(PDM_CIC.o)
                0x00007620                PDM_CIC_Stop
 .text.PDM_CIC_SaveConfig
                0x00007654       0x20 .\ARM_GCC_493\Debug\PioneerKit_P5LP_USB_Audio.a(PDM_CIC.o)
                0x00007654                PDM_CIC_SaveConfig
 .text.PDM_CIC_RestoreConfig
                0x00007674       0x1c .\ARM_GCC_493\Debug\PioneerKit_P5LP_USB_Audio.a(PDM_CIC.o)
                0x00007674                PDM_CIC_RestoreConfig
 .text.PDM_CIC_Sleep
                0x00007690       0x30 .\ARM_GCC_493\Debug\PioneerKit_P5LP_USB_Audio.a(PDM_CIC.o)
                0x00007690                PDM_CIC_Sleep
 .text.PDM_CIC_Wakeup
                0x000076c0       0x1c .\ARM_GCC_493\Debug\PioneerKit_P5LP_USB_Audio.a(PDM_CIC.o)
                0x000076c0                PDM_CIC_Wakeup
 .text.PDM_CIC_ReadInterruptStatus
                0x000076dc       0x10 .\ARM_GCC_493\Debug\PioneerKit_P5LP_USB_Audio.a(PDM_CIC.o)
                0x000076dc                PDM_CIC_ReadInterruptStatus
 .text.PDM_CIC_EnableInterruptGeneration
                0x000076ec        0xc .\ARM_GCC_493\Debug\PioneerKit_P5LP_USB_Audio.a(PDM_CIC.o)
                0x000076ec                PDM_CIC_EnableInterruptGeneration
 .text.PDM_CIC_DisableInterruptGeneration
                0x000076f8        0xc .\ARM_GCC_493\Debug\PioneerKit_P5LP_USB_Audio.a(PDM_CIC.o)
                0x000076f8                PDM_CIC_DisableInterruptGeneration
 .text.PDM_CIC_Integrator_Init
                0x00007704      0x14c .\ARM_GCC_493\Debug\PioneerKit_P5LP_USB_Audio.a(PDM_CIC.o)
 .text.PDM_CIC_Comb_Init
                0x00007850      0x18c .\ARM_GCC_493\Debug\PioneerKit_P5LP_USB_Audio.a(PDM_CIC.o)
 .text.PDM_CIC_IntOutDma_R_Init
                0x000079dc       0x7c .\ARM_GCC_493\Debug\PioneerKit_P5LP_USB_Audio.a(PDM_CIC.o)
 .text.PDM_CIC_IntOutDma_R_Start
                0x00007a58       0x20 .\ARM_GCC_493\Debug\PioneerKit_P5LP_USB_Audio.a(PDM_CIC.o)
 .text.PDM_CIC_IntOutDma_R_Stop
                0x00007a78       0x18 .\ARM_GCC_493\Debug\PioneerKit_P5LP_USB_Audio.a(PDM_CIC.o)
 .text.PDM_CIC_CombD0UpdateDma_R_Init
                0x00007a90       0x7c .\ARM_GCC_493\Debug\PioneerKit_P5LP_USB_Audio.a(PDM_CIC.o)
 .text.PDM_CIC_CombD0UpdateDma_R_Start
                0x00007b0c       0x20 .\ARM_GCC_493\Debug\PioneerKit_P5LP_USB_Audio.a(PDM_CIC.o)
 .text.PDM_CIC_CombD0UpdateDma_R_Stop
                0x00007b2c       0x18 .\ARM_GCC_493\Debug\PioneerKit_P5LP_USB_Audio.a(PDM_CIC.o)
 .text.PDM_CIC_IntOutDma_L_Init
                0x00007b44       0x7c .\ARM_GCC_493\Debug\PioneerKit_P5LP_USB_Audio.a(PDM_CIC.o)
 .text.PDM_CIC_IntOutDma_L_Start
                0x00007bc0       0x20 .\ARM_GCC_493\Debug\PioneerKit_P5LP_USB_Audio.a(PDM_CIC.o)
 .text.PDM_CIC_IntOutDma_L_Stop
                0x00007be0       0x18 .\ARM_GCC_493\Debug\PioneerKit_P5LP_USB_Audio.a(PDM_CIC.o)
 .text.PDM_CIC_CombD0UpdateDma_L_Init
                0x00007bf8       0x7c .\ARM_GCC_493\Debug\PioneerKit_P5LP_USB_Audio.a(PDM_CIC.o)
 .text.PDM_CIC_CombD0UpdateDma_L_Start
                0x00007c74       0x20 .\ARM_GCC_493\Debug\PioneerKit_P5LP_USB_Audio.a(PDM_CIC.o)
 .text.PDM_CIC_CombD0UpdateDma_L_Stop
                0x00007c94       0x18 .\ARM_GCC_493\Debug\PioneerKit_P5LP_USB_Audio.a(PDM_CIC.o)
 .text.PDM_CIC_DMA_CombD0Update_R_DmaInitialize
                0x00007cac       0x68 .\ARM_GCC_493\Debug\PioneerKit_P5LP_USB_Audio.a(PDM_CIC_DMA_CombD0Update_R_dma.o)
                0x00007cac                PDM_CIC_DMA_CombD0Update_R_DmaInitialize
 .text.PDM_CIC_DMA_CombD0Update_L_DmaInitialize
                0x00007d14       0x68 .\ARM_GCC_493\Debug\PioneerKit_P5LP_USB_Audio.a(PDM_CIC_DMA_CombD0Update_L_dma.o)
                0x00007d14                PDM_CIC_DMA_CombD0Update_L_DmaInitialize
 .text.PDM_CIC_Status_Reg_Read
                0x00007d7c       0x18 .\ARM_GCC_493\Debug\PioneerKit_P5LP_USB_Audio.a(PDM_CIC_Status_Reg.o)
                0x00007d7c                PDM_CIC_Status_Reg_Read
 .text.PDM_CIC_Status_Reg_InterruptEnable
                0x00007d94       0x30 .\ARM_GCC_493\Debug\PioneerKit_P5LP_USB_Audio.a(PDM_CIC_Status_Reg.o)
                0x00007d94                PDM_CIC_Status_Reg_InterruptEnable
 .text.PDM_CIC_Status_Reg_InterruptDisable
                0x00007dc4       0x30 .\ARM_GCC_493\Debug\PioneerKit_P5LP_USB_Audio.a(PDM_CIC_Status_Reg.o)
                0x00007dc4                PDM_CIC_Status_Reg_InterruptDisable
 .text.PDM_CIC_DMA_IntOut_L_DmaInitialize
                0x00007df4       0x68 .\ARM_GCC_493\Debug\PioneerKit_P5LP_USB_Audio.a(PDM_CIC_DMA_IntOut_L_dma.o)
                0x00007df4                PDM_CIC_DMA_IntOut_L_DmaInitialize
 .text.PDM_CIC_DMA_IntOut_R_DmaInitialize
                0x00007e5c       0x68 .\ARM_GCC_493\Debug\PioneerKit_P5LP_USB_Audio.a(PDM_CIC_DMA_IntOut_R_dma.o)
                0x00007e5c                PDM_CIC_DMA_IntOut_R_DmaInitialize
 .text.PWR_LED_Write
                0x00007ec4       0x3c .\ARM_GCC_493\Debug\PioneerKit_P5LP_USB_Audio.a(PWR_LED.o)
                0x00007ec4                PWR_LED_Write
 .text.CyFlash_SetWaitCycles
                0x00007f00       0x90 .\ARM_GCC_493\Debug\PioneerKit_P5LP_USB_Audio.a(CyFlash.o)
                0x00007f00                CyFlash_SetWaitCycles
 .text.USBFS_DispatchClassRqst
                0x00007f90       0x90 .\ARM_GCC_493\Debug\PioneerKit_P5LP_USB_Audio.a(USBFS_cls.o)
                0x00007f90                USBFS_DispatchClassRqst
 .text.__libc_init_array
                0x00008020       0x4c c:/program files (x86)/cypress/psoc creator/3.3/psoc creator/import/gnu/arm/4.9.3/bin/../lib/gcc/arm-none-eabi/4.9.3/../../../../arm-none-eabi/lib/armv7-m\libg_nano.a(lib_a-init.o)
                0x00008020                __libc_init_array
 .text.memcpy   0x0000806c       0x16 c:/program files (x86)/cypress/psoc creator/3.3/psoc creator/import/gnu/arm/4.9.3/bin/../lib/gcc/arm-none-eabi/4.9.3/../../../../arm-none-eabi/lib/armv7-m\libg_nano.a(lib_a-memcpy.o)
                0x0000806c                memcpy
 .text.memset   0x00008082       0x10 c:/program files (x86)/cypress/psoc creator/3.3/psoc creator/import/gnu/arm/4.9.3/bin/../lib/gcc/arm-none-eabi/4.9.3/../../../../arm-none-eabi/lib/armv7-m\libg_nano.a(lib_a-memset.o)
                0x00008082                memset
 *(.plt)
 *(.gnu.warning)
 *(.glue_7t)
 .glue_7t       0x00000000        0x0 linker stubs
 *(.glue_7)
 .glue_7        0x00000000        0x0 linker stubs
 *(.vfp11_veneer)
 .vfp11_veneer  0x00000000        0x0 linker stubs
 *(.bootloader)
 *(.ARM.extab* .gnu.linkonce.armextab.*)
 *(.gcc_except_table)

.v4_bx          0x00008094        0x0
 .v4_bx         0x00000000        0x0 linker stubs

.iplt           0x00008094        0x0
 .iplt          0x00000000        0x0 c:/program files (x86)/cypress/psoc creator/3.3/psoc creator/import/gnu/arm/4.9.3/bin/../lib/gcc/arm-none-eabi/4.9.3/armv7-m/crtbegin.o

.eh_frame_hdr
 *(.eh_frame_hdr)

.eh_frame       0x00008094        0x4
 *(.eh_frame)
 .eh_frame      0x00008094        0x0 c:/program files (x86)/cypress/psoc creator/3.3/psoc creator/import/gnu/arm/4.9.3/bin/../lib/gcc/arm-none-eabi/4.9.3/armv7-m/crtbegin.o
 .eh_frame      0x00008094        0x4 c:/program files (x86)/cypress/psoc creator/3.3/psoc creator/import/gnu/arm/4.9.3/bin/../lib/gcc/arm-none-eabi/4.9.3/armv7-m/crtend.o
                0x00008098                PROVIDE (__exidx_start, .)

.ARM.exidx
 *(.ARM.exidx* .gnu.linkonce.armexidx.*)
                0x00008098                __exidx_end = .

.rodata         0x00008098      0x9d0
 *(.rodata .rodata.* .gnu.linkonce.r.*)
 .rodata        0x00008098       0x58 .\ARM_GCC_493\Debug\PioneerKit_P5LP_USB_Audio.a(cyfitter_cfg.o)
 .rodata        0x000080f0      0x590 .\ARM_GCC_493\Debug\PioneerKit_P5LP_USB_Audio.a(Droop_Filter_RAM_Data.o)
                0x000080f0                Droop_Filter_control
                0x000081f0                Droop_Filter_data_a
                0x000083f0                Droop_Filter_data_b
                0x000085f0                Droop_Filter_acu
                0x00008628                Droop_Filter_cfsm
 .rodata        0x00008680       0x10 .\ARM_GCC_493\Debug\PioneerKit_P5LP_USB_Audio.a(cyPm.o)
 .rodata        0x00008690       0x10 .\ARM_GCC_493\Debug\PioneerKit_P5LP_USB_Audio.a(USBFS_std.o)
 .rodata        0x000086a0      0x390 .\ARM_GCC_493\Debug\PioneerKit_P5LP_USB_Audio.a(USBFS_descr.o)
                0x000086a0                USBFS_DEVICE0_DESCR
                0x000086b4                USBFS_DEVICE0_CONFIGURATION0_DESCR
                0x000087c4                USBFS_STRING_DESCRIPTORS
                0x00008958                USBFS_SN_STRING_DESCRIPTOR
                0x0000895c                USBFS_HIDREPORT_DESCRIPTOR1
                0x00008978                USBFS_DEVICE0_CONFIGURATION0_INTERFACE3_ALTERNATE0_HID_IN_RPT_TABLE
                0x00008984                USBFS_DEVICE0_CONFIGURATION0_INTERFACE3_ALTERNATE0_HID_TABLE
                0x000089ac                USBFS_DEVICE0_CONFIGURATION0_INTERFACE3_TABLE
                0x000089b4                USBFS_DEVICE0_CONFIGURATION0_EP_SETTINGS_TABLE
                0x000089dc                USBFS_DEVICE0_CONFIGURATION0_INTERFACE_CLASS
                0x000089e0                USBFS_DEVICE0_CONFIGURATION0_TABLE
                0x00008a18                USBFS_DEVICE0_TABLE
                0x00008a28                USBFS_TABLE
                0x00008a30                . = ALIGN (0x4)
 *(.init)
 .init          0x00008a30        0x4 c:/program files (x86)/cypress/psoc creator/3.3/psoc creator/import/gnu/arm/4.9.3/bin/../lib/gcc/arm-none-eabi/4.9.3/armv7-m/crti.o
                0x00008a30                _init
 .init          0x00008a34        0x8 c:/program files (x86)/cypress/psoc creator/3.3/psoc creator/import/gnu/arm/4.9.3/bin/../lib/gcc/arm-none-eabi/4.9.3/armv7-m/crtn.o
                0x00008a3c                . = ALIGN (0x4)
                0x00008a3c                __preinit_array_start = .
 *(.preinit_array)
                0x00008a3c                __preinit_array_end = .
                0x00008a3c                . = ALIGN (0x4)
                0x00008a3c                __init_array_start = .
 *(SORT(.init_array.*))
 *(.init_array)
 .init_array    0x00008a3c        0x4 c:/program files (x86)/cypress/psoc creator/3.3/psoc creator/import/gnu/arm/4.9.3/bin/../lib/gcc/arm-none-eabi/4.9.3/armv7-m/crtbegin.o
 .init_array    0x00008a40        0x4 .\ARM_GCC_493\Debug\Cm3Start.o
                0x00008a44                __init_array_end = .
                0x00008a44                . = ALIGN (0x4)
 *(.fini)
 .fini          0x00008a44        0x4 c:/program files (x86)/cypress/psoc creator/3.3/psoc creator/import/gnu/arm/4.9.3/bin/../lib/gcc/arm-none-eabi/4.9.3/armv7-m/crti.o
                0x00008a44                _fini
 .fini          0x00008a48        0x8 c:/program files (x86)/cypress/psoc creator/3.3/psoc creator/import/gnu/arm/4.9.3/bin/../lib/gcc/arm-none-eabi/4.9.3/armv7-m/crtn.o
                0x00008a50                . = ALIGN (0x4)
                0x00008a50                __fini_array_start = .
 *(.fini_array)
 .fini_array    0x00008a50        0x4 c:/program files (x86)/cypress/psoc creator/3.3/psoc creator/import/gnu/arm/4.9.3/bin/../lib/gcc/arm-none-eabi/4.9.3/armv7-m/crtbegin.o
 *(SORT(.fini_array.*))
                0x00008a54                __fini_array_end = .
                0x00008a54                . = ALIGN (0x4)
 *crtbegin.o(.ctors)
 *(EXCLUDE_FILE(*crtend.o) .ctors)
 *(SORT(.ctors.*))
 *crtend.o(.ctors)
                0x00008a54                . = ALIGN (0x4)
 *crtbegin.o(.dtors)
 *(EXCLUDE_FILE(*crtend.o) .dtors)
 *(SORT(.dtors.*))
 *crtend.o(.dtors)
                0x00008a54                . = ALIGN (0x4)
                0x00008a54                __cy_regions = .
                0x00008a54        0x4 LONG 0x8a68 __cy_region_init_ram
                0x00008a58        0x4 LONG 0x1fff8108 __cy_region_start_data
                0x00008a5c        0x4 LONG 0x70 __cy_region_init_size_ram
                0x00008a60        0x4 LONG 0xb20 __cy_region_zero_size_ram
                0x00008a64                __cy_regions_end = .
                0x00008a68                . = ALIGN (0x8)
 *fill*         0x00008a64        0x4 
                0x00008a68                _etext = .

.ramvectors     0x1fff8000      0x100
                0x1fff8000                __cy_region_start_ram = .
 *(.ramvectors)
 .ramvectors    0x1fff8000      0x100 .\ARM_GCC_493\Debug\Cm3Start.o
                0x1fff8000                CyRamVectors

.noinit         0x1fff8100        0x5
 *(.noinit)
 .noinit        0x1fff8100        0x4 .\ARM_GCC_493\Debug\Cm3Start.o
 .noinit        0x1fff8104        0x1 .\ARM_GCC_493\Debug\PioneerKit_P5LP_USB_Audio.a(CyLib.o)
                0x1fff8104                CyResetStatus

.data           0x1fff8108       0x70 load address 0x00008a68
                0x1fff8108                __cy_region_start_data = .
 *(.jcr)
 .jcr           0x1fff8108        0x0 c:/program files (x86)/cypress/psoc creator/3.3/psoc creator/import/gnu/arm/4.9.3/bin/../lib/gcc/arm-none-eabi/4.9.3/armv7-m/crtbegin.o
 .jcr           0x1fff8108        0x4 c:/program files (x86)/cypress/psoc creator/3.3/psoc creator/import/gnu/arm/4.9.3/bin/../lib/gcc/arm-none-eabi/4.9.3/armv7-m/crtend.o
 *(.got.plt)
 *(.got)
 *(.shdata)
 *(.data .data.* .gnu.linkonce.d.*)
 .data          0x1fff810c        0x4 .\ARM_GCC_493\Debug\USBInterface.o
                0x1fff810c                altSetting
 .data          0x1fff8110        0x8 .\ARM_GCC_493\Debug\AudioControl.o
                0x1fff8114                inLevel
                0x1fff8116                lowPowerIdle
                0x1fff8117                setRate
 .data          0x1fff8118        0x1 .\ARM_GCC_493\Debug\PioneerKit_P5LP_USB_Audio.a(TxDMA_dma.o)
                0x1fff8118                TxDMA_DmaHandle
 .data          0x1fff8119        0x1 .\ARM_GCC_493\Debug\PioneerKit_P5LP_USB_Audio.a(USBInDMA_dma.o)
                0x1fff8119                USBInDMA_DmaHandle
 .data          0x1fff811a        0x1 .\ARM_GCC_493\Debug\PioneerKit_P5LP_USB_Audio.a(USBOutDMA_dma.o)
                0x1fff811a                USBOutDMA_DmaHandle
 .data          0x1fff811b        0x1 .\ARM_GCC_493\Debug\PioneerKit_P5LP_USB_Audio.a(I2S_Tx_DMA_dma.o)
                0x1fff811b                I2S_Tx_DMA_DmaHandle
 .data          0x1fff811c        0x1 .\ARM_GCC_493\Debug\PioneerKit_P5LP_USB_Audio.a(CICOut_L_dma.o)
                0x1fff811c                CICOut_L_DmaHandle
 .data          0x1fff811d        0x1 .\ARM_GCC_493\Debug\PioneerKit_P5LP_USB_Audio.a(CICOut_R_dma.o)
                0x1fff811d                CICOut_R_DmaHandle
 .data          0x1fff811e        0x1 .\ARM_GCC_493\Debug\PioneerKit_P5LP_USB_Audio.a(RxDMA_dma.o)
                0x1fff811e                RxDMA_DmaHandle
 *fill*         0x1fff811f        0x1 
 .data          0x1fff8120        0x8 .\ARM_GCC_493\Debug\PioneerKit_P5LP_USB_Audio.a(CyDmac.o)
 .data          0x1fff8128       0x10 .\ARM_GCC_493\Debug\PioneerKit_P5LP_USB_Audio.a(CyLib.o)
                0x1fff8128                cydelay_freq_hz
                0x1fff812c                cydelay_freq_khz
                0x1fff8130                cydelay_freq_mhz
                0x1fff8134                cydelay_32k_ms
 .data          0x1fff8138        0xc .\ARM_GCC_493\Debug\PioneerKit_P5LP_USB_Audio.a(USBFS_audio.o)
                0x1fff8138                USBFS_minimumVolume
                0x1fff813c                USBFS_maximumVolume
                0x1fff8140                USBFS_resolutionVolume
 .data          0x1fff8144       0x24 .\ARM_GCC_493\Debug\PioneerKit_P5LP_USB_Audio.a(USBFS_std.o)
                0x1fff8144                USBFS_idSerialNumberStringDescriptor
 .data          0x1fff8168        0x1 .\ARM_GCC_493\Debug\PioneerKit_P5LP_USB_Audio.a(USBFS_ep1_dma.o)
                0x1fff8168                USBFS_ep1_DmaHandle
 .data          0x1fff8169        0x1 .\ARM_GCC_493\Debug\PioneerKit_P5LP_USB_Audio.a(USBFS_ep2_dma.o)
                0x1fff8169                USBFS_ep2_DmaHandle
 .data          0x1fff816a        0x1 .\ARM_GCC_493\Debug\PioneerKit_P5LP_USB_Audio.a(USBFS_ep4_dma.o)
                0x1fff816a                USBFS_ep4_DmaHandle
 .data          0x1fff816b        0x1 .\ARM_GCC_493\Debug\PioneerKit_P5LP_USB_Audio.a(USBFS_ep6_dma.o)
                0x1fff816b                USBFS_ep6_DmaHandle
 .data          0x1fff816c        0x4 .\ARM_GCC_493\Debug\PioneerKit_P5LP_USB_Audio.a(PDM_CIC.o)
 .data          0x1fff8170        0x1 .\ARM_GCC_493\Debug\PioneerKit_P5LP_USB_Audio.a(PDM_CIC_DMA_CombD0Update_R_dma.o)
                0x1fff8170                PDM_CIC_DMA_CombD0Update_R_DmaHandle
 .data          0x1fff8171        0x1 .\ARM_GCC_493\Debug\PioneerKit_P5LP_USB_Audio.a(PDM_CIC_DMA_CombD0Update_L_dma.o)
                0x1fff8171                PDM_CIC_DMA_CombD0Update_L_DmaHandle
 .data          0x1fff8172        0x1 .\ARM_GCC_493\Debug\PioneerKit_P5LP_USB_Audio.a(PDM_CIC_DMA_IntOut_L_dma.o)
                0x1fff8172                PDM_CIC_DMA_IntOut_L_DmaHandle
 .data          0x1fff8173        0x1 .\ARM_GCC_493\Debug\PioneerKit_P5LP_USB_Audio.a(PDM_CIC_DMA_IntOut_R_dma.o)
                0x1fff8173                PDM_CIC_DMA_IntOut_R_DmaHandle
                0x1fff8178                . = ALIGN (0x8)
 *fill*         0x1fff8174        0x4 
 *(.ram)
                0x1fff8178                _edata = .

.igot.plt       0x1fff8178        0x0 load address 0x00008ad8
 .igot.plt      0x00000000        0x0 c:/program files (x86)/cypress/psoc creator/3.3/psoc creator/import/gnu/arm/4.9.3/bin/../lib/gcc/arm-none-eabi/4.9.3/armv7-m/crtbegin.o

.bss            0x1fff8178      0xb20 load address 0x00008ad8
                0x1fff8178                PROVIDE (__bss_start__, .)
 *(.shbss)
 *(.bss .bss.* .gnu.linkonce.b.*)
 .bss           0x1fff8178       0x1c c:/program files (x86)/cypress/psoc creator/3.3/psoc creator/import/gnu/arm/4.9.3/bin/../lib/gcc/arm-none-eabi/4.9.3/armv7-m/crtbegin.o
 .bss           0x1fff8194        0x1 .\ARM_GCC_493\Debug\Timer.o
                0x1fff8194                applicationTimerTick
 .bss           0x1fff8195        0x3 .\ARM_GCC_493\Debug\USBInterface.o
                0x1fff8195                usbActivityCounter
                0x1fff8196                usbMiniBActive
                0x1fff8197                USBDeviceState
 .bss           0x1fff8198        0x4 .\ARM_GCC_493\Debug\Application.o
                0x1fff8198                buttonStatus
                0x1fff8199                playlistControlReport
                0x1fff819a                prevReport
                0x1fff819b                switchDebounceTimer
 .bss           0x1fff819c       0x18 .\ARM_GCC_493\Debug\AudioControl.o
                0x1fff819c                resetTx
                0x1fff819d                outPlaying
                0x1fff819e                outLevel
                0x1fff81a0                outUsbCount
                0x1fff81a2                outUsbShadow
                0x1fff81a4                outBufIndex
                0x1fff81a6                resetRx
                0x1fff81a7                inPlaying
                0x1fff81a8                inUsbCount
                0x1fff81aa                inUsbShadow
                0x1fff81ac                clearInBuffer
                0x1fff81ae                inBufIndex
                0x1fff81b0                rateChangedWhileInactive
                0x1fff81b1                clockSwitchTimer
                0x1fff81b2                audioClkConfigured
 .bss           0x1fff81b4        0x1 .\ARM_GCC_493\Debug\Codec.o
                0x1fff81b4                codecInit
 .bss           0x1fff81b5        0x1 .\ARM_GCC_493\Debug\PioneerKit_P5LP_USB_Audio.a(I2S.o)
                0x1fff81b5                I2S_initVar
 .bss           0x1fff81b6        0x1 .\ARM_GCC_493\Debug\PioneerKit_P5LP_USB_Audio.a(SystemTickTimer.o)
                0x1fff81b6                SystemTickTimer_initVar
 .bss           0x1fff81b7        0x1 .\ARM_GCC_493\Debug\PioneerKit_P5LP_USB_Audio.a(Droop_Filter.o)
                0x1fff81b7                Droop_Filter_initVar
 .bss           0x1fff81b8       0x44 .\ARM_GCC_493\Debug\PioneerKit_P5LP_USB_Audio.a(cyPm.o)
 .bss           0x1fff81fc        0x1 .\ARM_GCC_493\Debug\PioneerKit_P5LP_USB_Audio.a(USBFS.o)
                0x1fff81fc                USBFS_initVar
 *fill*         0x1fff81fd        0x3 
 .bss           0x1fff8200        0x4 .\ARM_GCC_493\Debug\PioneerKit_P5LP_USB_Audio.a(USBFS_pm.o)
 .bss           0x1fff8204        0x1 .\ARM_GCC_493\Debug\PioneerKit_P5LP_USB_Audio.a(USBFS_std.o)
                0x1fff8204                USBFS_snStringConfirm
 .bss           0x1fff8205        0x1 .\ARM_GCC_493\Debug\PioneerKit_P5LP_USB_Audio.a(PDM_CIC.o)
                0x1fff8205                PDM_CIC_initVar
 *(COMMON)
 *fill*         0x1fff8206        0x2 
 COMMON         0x1fff8208      0x1e4 .\ARM_GCC_493\Debug\USBInterface.o
                0x1fff8208                inCnt
                0x1fff820c                inRam
                0x1fff82cc                outRam
 COMMON         0x1fff83ec      0x7a9 .\ARM_GCC_493\Debug\AudioControl.o
                0x1fff83ec                rate
                0x1fff83ed                I2STxTd
                0x1fff83f0                USBOutTd
                0x1fff83f4                rxTd
                0x1fff83fc                USBInDmaChan
                0x1fff83fd                txDmaChan
                0x1fff83fe                I2STxDMAChan
                0x1fff8400                txTd
                0x1fff8408                rxDmaChan
                0x1fff840c                USBInTd
                0x1fff8410                outBuffer
                0x1fff8890                I2SRxTd
                0x1fff8894                inBuffer
                0x1fff8b94                USBOutDmaChan
 *fill*         0x1fff8b95        0x3 
 COMMON         0x1fff8b98       0x15 .\ARM_GCC_493\Debug\PioneerKit_P5LP_USB_Audio.a(USBFS.o)
                0x1fff8b98                USBFS_DmaChan
                0x1fff8ba4                USBFS_DmaTd
 *fill*         0x1fff8bad        0x3 
 COMMON         0x1fff8bb0       0x33 .\ARM_GCC_493\Debug\PioneerKit_P5LP_USB_Audio.a(USBFS_audio.o)
                0x1fff8bb0                USBFS_currentTmpCH2InputVolume
                0x1fff8bb2                USB_inputMute
                0x1fff8bb4                USBFS_currentTmpCH1InputVolume
                0x1fff8bb8                USBFS_currentCH1InputVolume
                0x1fff8bbc                USBFS_currentVolume
                0x1fff8bc0                USB_inputVolume
                0x1fff8bc4                USBFS_currentSampleFrequency
                0x1fff8bdf                USBFS_frequencyChanged
                0x1fff8be0                USBFS_currentCH2InputVolume
                0x1fff8be2                USBFS_currentMute
 *fill*         0x1fff8be3        0x1 
 COMMON         0x1fff8be4       0x98 .\ARM_GCC_493\Debug\PioneerKit_P5LP_USB_Audio.a(USBFS_drv.o)
                0x1fff8be4                USBFS_deviceAddress
                0x1fff8be5                USBFS_ep0Mode
                0x1fff8be8                USBFS_interfaceSetting
                0x1fff8bec                USBFS_currentTD
                0x1fff8bf8                USBFS_device
                0x1fff8bf9                USBFS_interfaceNumber
                0x1fff8bfa                USBFS_ep0Toggle
                0x1fff8bfb                USBFS_deviceStatus
                0x1fff8bfc                USBFS_configurationChanged
                0x1fff8bfd                USBFS_configuration
                0x1fff8bfe                USBFS_transferState
                0x1fff8c00                USBFS_interfaceStatus
                0x1fff8c04                USBFS_interfaceClass
                0x1fff8c08                USBFS_EP
                0x1fff8c74                USBFS_interfaceSetting_last
                0x1fff8c78                USBFS_lastPacketSize
                0x1fff8c79                USBFS_ep0Count
                0x1fff8c7a                USBFS_transferByteCount
 COMMON         0x1fff8c7c        0xc .\ARM_GCC_493\Debug\PioneerKit_P5LP_USB_Audio.a(USBFS_hid.o)
                0x1fff8c7c                USBFS_hidIdleRate
                0x1fff8c80                USBFS_hidIdleTimer
                0x1fff8c84                USBFS_hidProtocol
 COMMON         0x1fff8c88        0x8 .\ARM_GCC_493\Debug\PioneerKit_P5LP_USB_Audio.a(USBFS_std.o)
                0x1fff8c88                USBFS_tBuffer
                0x1fff8c8c                USBFS_fwSerialNumberStringDescriptor
 COMMON         0x1fff8c90        0x8 .\ARM_GCC_493\Debug\PioneerKit_P5LP_USB_Audio.a(USBFS_descr.o)
                0x1fff8c90                USBFS_DEVICE0_CONFIGURATION0_INTERFACE3_ALTERNATE0_HID_IN_BUF
                0x1fff8c94                USBFS_DEVICE0_CONFIGURATION0_INTERFACE3_ALTERNATE0_HID_IN_RPT_SCB
                0x1fff8c98                . = ALIGN (0x8)
 *(.ram.b)
                0x1fff8c98                _end = .
                0x1fff8c98                __end = .
                0x1fff8c98                PROVIDE (end, .)
                0x1fff8c98                PROVIDE (__bss_end__, .)
                0x00008a68                __cy_region_init_ram = LOADADDR (.data)
                0x00000070                __cy_region_init_size_ram = (_edata - ADDR (.data))
                0x00000b20                __cy_region_zero_size_ram = (_end - _edata)

.heap           0x1fff8c98       0x80 load address 0x00008ad8
                0x1fff8c98                . = _end
                0x1fff8d18                . = (. + 0x80)
 *fill*         0x1fff8c98       0x80 
                0x1fff8d18                __cy_heap_limit = .

.stack          0x20007800      0x800
                0x20007800                __cy_stack_limit = .
                0x20008000                . = (. + 0x800)
 *fill*         0x20007800      0x800 
                0x00000001                ASSERT ((__cy_stack_limit >= __cy_heap_limit), region RAM overflowed with stack)

.cyloadermeta
 *(.cyloadermeta)

.cyloadablemeta
 *(.cyloadablemeta)

.cyconfigecc    0x80000000     0x1348
 *(.cyconfigecc)
 .cyconfigecc   0x80000000     0x1348 .\ARM_GCC_493\Debug\cymetadata.o
                0x80000000                cy_meta_configecc

.cycustnvl      0x90000000        0x4
 *(.cycustnvl)
 .cycustnvl     0x90000000        0x4 .\ARM_GCC_493\Debug\cymetadata.o
                0x90000000                cy_meta_custnvl

.cywolatch      0x90100000        0x4
 *(.cywolatch)
 .cywolatch     0x90100000        0x4 .\ARM_GCC_493\Debug\cymetadata.o
                0x90100000                cy_meta_wonvl

.cyeeprom       0x90200000        0x0
 *(.cyeeprom)
                0x00000001                ASSERT ((. <= ((0x90200000 + ee_offset) + ee_size)), .cyeeprom data will not fit in EEPROM)

.cyflashprotect
                0x90400000      0x100
 *(.cyflashprotect)
 .cyflashprotect
                0x90400000      0x100 .\ARM_GCC_493\Debug\cymetadata.o
                0x90400000                cy_meta_flashprotect

.cymeta         0x90500000        0xc
 *(.cymeta)
 .cymeta        0x90500000        0xc .\ARM_GCC_493\Debug\cymetadata.o
                0x90500000                cy_metadata

.rel.dyn        0x00008ad8        0x0 load address 0x9050000c
 .rel.iplt      0x00000000        0x0 c:/program files (x86)/cypress/psoc creator/3.3/psoc creator/import/gnu/arm/4.9.3/bin/../lib/gcc/arm-none-eabi/4.9.3/armv7-m/crtbegin.o

.stab
 *(.stab)

.stabstr
 *(.stabstr)

.debug
 *(.debug)

.line
 *(.line)

.debug_srcinfo
 *(.debug_srcinfo)

.debug_sfnames
 *(.debug_sfnames)

.debug_aranges  0x00000000     0x14f0
 *(.debug_aranges)
 .debug_aranges
                0x00000000       0x20 .\ARM_GCC_493\Debug\Timer.o
 .debug_aranges
                0x00000020       0x30 .\ARM_GCC_493\Debug\USBInterface.o
 .debug_aranges
                0x00000050       0x18 .\ARM_GCC_493\Debug\VolumeControl.o
 .debug_aranges
                0x00000068       0x38 .\ARM_GCC_493\Debug\Application.o
 .debug_aranges
                0x000000a0       0xb0 .\ARM_GCC_493\Debug\AudioControl.o
 .debug_aranges
                0x00000150       0x20 .\ARM_GCC_493\Debug\Codec.o
 .debug_aranges
                0x00000170       0x40 .\ARM_GCC_493\Debug\Interrupts.o
 .debug_aranges
                0x000001b0       0x20 .\ARM_GCC_493\Debug\main.o
 .debug_aranges
                0x000001d0       0x40 .\ARM_GCC_493\Debug\Cm3Start.o
 .debug_aranges
                0x00000210       0x18 .\ARM_GCC_493\Debug\cymetadata.o
 .debug_aranges
                0x00000228       0x60 .\ARM_GCC_493\Debug\PioneerKit_P5LP_USB_Audio.a(cyfitter_cfg.o)
 .debug_aranges
                0x00000288       0x38 .\ARM_GCC_493\Debug\PioneerKit_P5LP_USB_Audio.a(PSOC_I2S_SCLK.o)
 .debug_aranges
                0x000002c0       0x68 .\ARM_GCC_493\Debug\PioneerKit_P5LP_USB_Audio.a(I2S.o)
 .debug_aranges
                0x00000328       0x30 .\ARM_GCC_493\Debug\PioneerKit_P5LP_USB_Audio.a(AudioClkGen.o)
 .debug_aranges
                0x00000358       0x28 .\ARM_GCC_493\Debug\PioneerKit_P5LP_USB_Audio.a(TxDMA_dma.o)
 .debug_aranges
                0x00000380       0x80 .\ARM_GCC_493\Debug\PioneerKit_P5LP_USB_Audio.a(isr_TxDMADone.o)
 .debug_aranges
                0x00000400       0x38 .\ARM_GCC_493\Debug\PioneerKit_P5LP_USB_Audio.a(PSOC_I2S_SDTO.o)
 .debug_aranges
                0x00000438       0x80 .\ARM_GCC_493\Debug\PioneerKit_P5LP_USB_Audio.a(isr_InDMADone.o)
 .debug_aranges
                0x000004b8       0x28 .\ARM_GCC_493\Debug\PioneerKit_P5LP_USB_Audio.a(USBInDMA_dma.o)
 .debug_aranges
                0x000004e0       0x38 .\ARM_GCC_493\Debug\PioneerKit_P5LP_USB_Audio.a(PSOC_I2S_MCLK.o)
 .debug_aranges
                0x00000518       0x28 .\ARM_GCC_493\Debug\PioneerKit_P5LP_USB_Audio.a(USBOutDMA_dma.o)
 .debug_aranges
                0x00000540       0x38 .\ARM_GCC_493\Debug\PioneerKit_P5LP_USB_Audio.a(PSOC_SW.o)
 .debug_aranges
                0x00000578       0x58 .\ARM_GCC_493\Debug\PioneerKit_P5LP_USB_Audio.a(SystemTickTimer.o)
 .debug_aranges
                0x000005d0       0x80 .\ARM_GCC_493\Debug\PioneerKit_P5LP_USB_Audio.a(isr_Tick.o)
 .debug_aranges
                0x00000650       0x38 .\ARM_GCC_493\Debug\PioneerKit_P5LP_USB_Audio.a(PSOC_I2S_LRCLK.o)
 .debug_aranges
                0x00000688       0x28 .\ARM_GCC_493\Debug\PioneerKit_P5LP_USB_Audio.a(I2S_Tx_DMA_dma.o)
 .debug_aranges
                0x000006b0       0x28 .\ARM_GCC_493\Debug\PioneerKit_P5LP_USB_Audio.a(ByteSwap_Tx.o)
 .debug_aranges
                0x000006d8       0x70 .\ARM_GCC_493\Debug\PioneerKit_P5LP_USB_Audio.a(Clock_CIC.o)
 .debug_aranges
                0x00000748       0x28 .\ARM_GCC_493\Debug\PioneerKit_P5LP_USB_Audio.a(CICOut_L_dma.o)
 .debug_aranges
                0x00000770       0x28 .\ARM_GCC_493\Debug\PioneerKit_P5LP_USB_Audio.a(CICOut_R_dma.o)
 .debug_aranges
                0x00000798       0xd0 .\ARM_GCC_493\Debug\PioneerKit_P5LP_USB_Audio.a(Droop_Filter.o)
 .debug_aranges
                0x00000868       0x18 .\ARM_GCC_493\Debug\PioneerKit_P5LP_USB_Audio.a(Droop_Filter_RAM_Data.o)
 .debug_aranges
                0x00000880       0x28 .\ARM_GCC_493\Debug\PioneerKit_P5LP_USB_Audio.a(RxDMA_dma.o)
 .debug_aranges
                0x000008a8       0x80 .\ARM_GCC_493\Debug\PioneerKit_P5LP_USB_Audio.a(isr_RxDMADone.o)
 .debug_aranges
                0x00000928       0x70 .\ARM_GCC_493\Debug\PioneerKit_P5LP_USB_Audio.a(AudioClkGen_Clock_SCK.o)
 .debug_aranges
                0x00000998       0x70 .\ARM_GCC_493\Debug\PioneerKit_P5LP_USB_Audio.a(AudioClkGen_Clock_I2S.o)
 .debug_aranges
                0x00000a08       0x20 .\ARM_GCC_493\Debug\PioneerKit_P5LP_USB_Audio.a(CyBootAsmGnu.o)
 .debug_aranges
                0x00000a28       0xd8 .\ARM_GCC_493\Debug\PioneerKit_P5LP_USB_Audio.a(CyDmac.o)
 .debug_aranges
                0x00000b00      0x218 .\ARM_GCC_493\Debug\PioneerKit_P5LP_USB_Audio.a(CyLib.o)
 .debug_aranges
                0x00000d18       0x90 .\ARM_GCC_493\Debug\PioneerKit_P5LP_USB_Audio.a(cyPm.o)
 .debug_aranges
                0x00000da8       0x38 .\ARM_GCC_493\Debug\PioneerKit_P5LP_USB_Audio.a(PSOC_STATUS_LED.o)
 .debug_aranges
                0x00000de0       0xc0 .\ARM_GCC_493\Debug\PioneerKit_P5LP_USB_Audio.a(USBFS.o)
 .debug_aranges
                0x00000ea0       0x20 .\ARM_GCC_493\Debug\PioneerKit_P5LP_USB_Audio.a(USBFS_audio.o)
 .debug_aranges
                0x00000ec0       0x98 .\ARM_GCC_493\Debug\PioneerKit_P5LP_USB_Audio.a(USBFS_drv.o)
 .debug_aranges
                0x00000f58       0x50 .\ARM_GCC_493\Debug\PioneerKit_P5LP_USB_Audio.a(USBFS_episr.o)
 .debug_aranges
                0x00000fa8       0x48 .\ARM_GCC_493\Debug\PioneerKit_P5LP_USB_Audio.a(USBFS_hid.o)
 .debug_aranges
                0x00000ff0       0x40 .\ARM_GCC_493\Debug\PioneerKit_P5LP_USB_Audio.a(USBFS_pm.o)
 .debug_aranges
                0x00001030       0x80 .\ARM_GCC_493\Debug\PioneerKit_P5LP_USB_Audio.a(USBFS_std.o)
 .debug_aranges
                0x000010b0       0x20 .\ARM_GCC_493\Debug\PioneerKit_P5LP_USB_Audio.a(USBFS_vnd.o)
 .debug_aranges
                0x000010d0       0x28 .\ARM_GCC_493\Debug\PioneerKit_P5LP_USB_Audio.a(USBFS_ep1_dma.o)
 .debug_aranges
                0x000010f8       0x28 .\ARM_GCC_493\Debug\PioneerKit_P5LP_USB_Audio.a(USBFS_ep2_dma.o)
 .debug_aranges
                0x00001120       0x28 .\ARM_GCC_493\Debug\PioneerKit_P5LP_USB_Audio.a(USBFS_ep4_dma.o)
 .debug_aranges
                0x00001148       0x28 .\ARM_GCC_493\Debug\PioneerKit_P5LP_USB_Audio.a(USBFS_ep6_dma.o)
 .debug_aranges
                0x00001170       0x80 .\ARM_GCC_493\Debug\PioneerKit_P5LP_USB_Audio.a(isr_CICOverflow.o)
 .debug_aranges
                0x000011f0       0xd0 .\ARM_GCC_493\Debug\PioneerKit_P5LP_USB_Audio.a(PDM_CIC.o)
 .debug_aranges
                0x000012c0       0x28 .\ARM_GCC_493\Debug\PioneerKit_P5LP_USB_Audio.a(PDM_CIC_DMA_CombD0Update_R_dma.o)
 .debug_aranges
                0x000012e8       0x28 .\ARM_GCC_493\Debug\PioneerKit_P5LP_USB_Audio.a(PDM_CIC_DMA_CombD0Update_L_dma.o)
 .debug_aranges
                0x00001310       0x40 .\ARM_GCC_493\Debug\PioneerKit_P5LP_USB_Audio.a(PDM_CIC_Status_Reg.o)
 .debug_aranges
                0x00001350       0x28 .\ARM_GCC_493\Debug\PioneerKit_P5LP_USB_Audio.a(PDM_CIC_DMA_IntOut_L_dma.o)
 .debug_aranges
                0x00001378       0x28 .\ARM_GCC_493\Debug\PioneerKit_P5LP_USB_Audio.a(PDM_CIC_DMA_IntOut_R_dma.o)
 .debug_aranges
                0x000013a0       0x38 .\ARM_GCC_493\Debug\PioneerKit_P5LP_USB_Audio.a(PWR_LED.o)
 .debug_aranges
                0x000013d8       0x78 .\ARM_GCC_493\Debug\PioneerKit_P5LP_USB_Audio.a(CyFlash.o)
 .debug_aranges
                0x00001450       0x68 .\ARM_GCC_493\Debug\PioneerKit_P5LP_USB_Audio.a(CySpc.o)
 .debug_aranges
                0x000014b8       0x20 .\ARM_GCC_493\Debug\PioneerKit_P5LP_USB_Audio.a(USBFS_cls.o)
 .debug_aranges
                0x000014d8       0x18 .\ARM_GCC_493\Debug\PioneerKit_P5LP_USB_Audio.a(USBFS_descr.o)

.debug_pubnames
 *(.debug_pubnames)

.debug_info     0x00000000     0x977b
 *(.debug_info .gnu.linkonce.wi.*)
 .debug_info    0x00000000       0xf2 .\ARM_GCC_493\Debug\Timer.o
 .debug_info    0x000000f2      0x20d .\ARM_GCC_493\Debug\USBInterface.o
 .debug_info    0x000002ff       0xa7 .\ARM_GCC_493\Debug\VolumeControl.o
 .debug_info    0x000003a6      0x16f .\ARM_GCC_493\Debug\Application.o
 .debug_info    0x00000515      0x7aa .\ARM_GCC_493\Debug\AudioControl.o
 .debug_info    0x00000cbf      0x11d .\ARM_GCC_493\Debug\Codec.o
 .debug_info    0x00000ddc      0x1bb .\ARM_GCC_493\Debug\Interrupts.o
 .debug_info    0x00000f97       0xc0 .\ARM_GCC_493\Debug\main.o
 .debug_info    0x00001057      0x2bc .\ARM_GCC_493\Debug\Cm3Start.o
 .debug_info    0x00001313      0x13e .\ARM_GCC_493\Debug\cymetadata.o
 .debug_info    0x00001451      0x446 .\ARM_GCC_493\Debug\PioneerKit_P5LP_USB_Audio.a(cyfitter_cfg.o)
 .debug_info    0x00001897      0x11c .\ARM_GCC_493\Debug\PioneerKit_P5LP_USB_Audio.a(PSOC_I2S_SCLK.o)
 .debug_info    0x000019b3      0x1fa .\ARM_GCC_493\Debug\PioneerKit_P5LP_USB_Audio.a(I2S.o)
 .debug_info    0x00001bad      0x100 .\ARM_GCC_493\Debug\PioneerKit_P5LP_USB_Audio.a(AudioClkGen.o)
 .debug_info    0x00001cad      0x112 .\ARM_GCC_493\Debug\PioneerKit_P5LP_USB_Audio.a(TxDMA_dma.o)
 .debug_info    0x00001dbf      0x236 .\ARM_GCC_493\Debug\PioneerKit_P5LP_USB_Audio.a(isr_TxDMADone.o)
 .debug_info    0x00001ff5      0x11c .\ARM_GCC_493\Debug\PioneerKit_P5LP_USB_Audio.a(PSOC_I2S_SDTO.o)
 .debug_info    0x00002111      0x236 .\ARM_GCC_493\Debug\PioneerKit_P5LP_USB_Audio.a(isr_InDMADone.o)
 .debug_info    0x00002347      0x112 .\ARM_GCC_493\Debug\PioneerKit_P5LP_USB_Audio.a(USBInDMA_dma.o)
 .debug_info    0x00002459      0x11c .\ARM_GCC_493\Debug\PioneerKit_P5LP_USB_Audio.a(PSOC_I2S_MCLK.o)
 .debug_info    0x00002575      0x112 .\ARM_GCC_493\Debug\PioneerKit_P5LP_USB_Audio.a(USBOutDMA_dma.o)
 .debug_info    0x00002687      0x11c .\ARM_GCC_493\Debug\PioneerKit_P5LP_USB_Audio.a(PSOC_SW.o)
 .debug_info    0x000027a3      0x1a2 .\ARM_GCC_493\Debug\PioneerKit_P5LP_USB_Audio.a(SystemTickTimer.o)
 .debug_info    0x00002945      0x236 .\ARM_GCC_493\Debug\PioneerKit_P5LP_USB_Audio.a(isr_Tick.o)
 .debug_info    0x00002b7b      0x11c .\ARM_GCC_493\Debug\PioneerKit_P5LP_USB_Audio.a(PSOC_I2S_LRCLK.o)
 .debug_info    0x00002c97      0x112 .\ARM_GCC_493\Debug\PioneerKit_P5LP_USB_Audio.a(I2S_Tx_DMA_dma.o)
 .debug_info    0x00002da9       0xc5 .\ARM_GCC_493\Debug\PioneerKit_P5LP_USB_Audio.a(ByteSwap_Tx.o)
 .debug_info    0x00002e6e      0x259 .\ARM_GCC_493\Debug\PioneerKit_P5LP_USB_Audio.a(Clock_CIC.o)
 .debug_info    0x000030c7      0x112 .\ARM_GCC_493\Debug\PioneerKit_P5LP_USB_Audio.a(CICOut_L_dma.o)
 .debug_info    0x000031d9      0x112 .\ARM_GCC_493\Debug\PioneerKit_P5LP_USB_Audio.a(CICOut_R_dma.o)
 .debug_info    0x000032eb      0x5bc .\ARM_GCC_493\Debug\PioneerKit_P5LP_USB_Audio.a(Droop_Filter.o)
 .debug_info    0x000038a7      0x139 .\ARM_GCC_493\Debug\PioneerKit_P5LP_USB_Audio.a(Droop_Filter_RAM_Data.o)
 .debug_info    0x000039e0      0x112 .\ARM_GCC_493\Debug\PioneerKit_P5LP_USB_Audio.a(RxDMA_dma.o)
 .debug_info    0x00003af2      0x236 .\ARM_GCC_493\Debug\PioneerKit_P5LP_USB_Audio.a(isr_RxDMADone.o)
 .debug_info    0x00003d28      0x259 .\ARM_GCC_493\Debug\PioneerKit_P5LP_USB_Audio.a(AudioClkGen_Clock_SCK.o)
 .debug_info    0x00003f81      0x259 .\ARM_GCC_493\Debug\PioneerKit_P5LP_USB_Audio.a(AudioClkGen_Clock_I2S.o)
 .debug_info    0x000041da       0xa8 .\ARM_GCC_493\Debug\PioneerKit_P5LP_USB_Audio.a(CyBootAsmGnu.o)
 .debug_info    0x00004282      0x8ae .\ARM_GCC_493\Debug\PioneerKit_P5LP_USB_Audio.a(CyDmac.o)
 .debug_info    0x00004b30      0xb90 .\ARM_GCC_493\Debug\PioneerKit_P5LP_USB_Audio.a(CyLib.o)
 .debug_info    0x000056c0      0x534 .\ARM_GCC_493\Debug\PioneerKit_P5LP_USB_Audio.a(cyPm.o)
 .debug_info    0x00005bf4      0x11c .\ARM_GCC_493\Debug\PioneerKit_P5LP_USB_Audio.a(PSOC_STATUS_LED.o)
 .debug_info    0x00005d10      0x681 .\ARM_GCC_493\Debug\PioneerKit_P5LP_USB_Audio.a(USBFS.o)
 .debug_info    0x00006391      0x2c8 .\ARM_GCC_493\Debug\PioneerKit_P5LP_USB_Audio.a(USBFS_audio.o)
 .debug_info    0x00006659      0x4dc .\ARM_GCC_493\Debug\PioneerKit_P5LP_USB_Audio.a(USBFS_drv.o)
 .debug_info    0x00006b35      0x230 .\ARM_GCC_493\Debug\PioneerKit_P5LP_USB_Audio.a(USBFS_episr.o)
 .debug_info    0x00006d65      0x359 .\ARM_GCC_493\Debug\PioneerKit_P5LP_USB_Audio.a(USBFS_hid.o)
 .debug_info    0x000070be      0x1ac .\ARM_GCC_493\Debug\PioneerKit_P5LP_USB_Audio.a(USBFS_pm.o)
 .debug_info    0x0000726a      0x79d .\ARM_GCC_493\Debug\PioneerKit_P5LP_USB_Audio.a(USBFS_std.o)
 .debug_info    0x00007a07       0xc7 .\ARM_GCC_493\Debug\PioneerKit_P5LP_USB_Audio.a(USBFS_vnd.o)
 .debug_info    0x00007ace      0x112 .\ARM_GCC_493\Debug\PioneerKit_P5LP_USB_Audio.a(USBFS_ep1_dma.o)
 .debug_info    0x00007be0      0x112 .\ARM_GCC_493\Debug\PioneerKit_P5LP_USB_Audio.a(USBFS_ep2_dma.o)
 .debug_info    0x00007cf2      0x112 .\ARM_GCC_493\Debug\PioneerKit_P5LP_USB_Audio.a(USBFS_ep4_dma.o)
 .debug_info    0x00007e04      0x112 .\ARM_GCC_493\Debug\PioneerKit_P5LP_USB_Audio.a(USBFS_ep6_dma.o)
 .debug_info    0x00007f16      0x236 .\ARM_GCC_493\Debug\PioneerKit_P5LP_USB_Audio.a(isr_CICOverflow.o)
 .debug_info    0x0000814c      0x396 .\ARM_GCC_493\Debug\PioneerKit_P5LP_USB_Audio.a(PDM_CIC.o)
 .debug_info    0x000084e2      0x112 .\ARM_GCC_493\Debug\PioneerKit_P5LP_USB_Audio.a(PDM_CIC_DMA_CombD0Update_R_dma.o)
 .debug_info    0x000085f4      0x112 .\ARM_GCC_493\Debug\PioneerKit_P5LP_USB_Audio.a(PDM_CIC_DMA_CombD0Update_L_dma.o)
 .debug_info    0x00008706      0x139 .\ARM_GCC_493\Debug\PioneerKit_P5LP_USB_Audio.a(PDM_CIC_Status_Reg.o)
 .debug_info    0x0000883f      0x112 .\ARM_GCC_493\Debug\PioneerKit_P5LP_USB_Audio.a(PDM_CIC_DMA_IntOut_L_dma.o)
 .debug_info    0x00008951      0x112 .\ARM_GCC_493\Debug\PioneerKit_P5LP_USB_Audio.a(PDM_CIC_DMA_IntOut_R_dma.o)
 .debug_info    0x00008a63      0x11c .\ARM_GCC_493\Debug\PioneerKit_P5LP_USB_Audio.a(PWR_LED.o)
 .debug_info    0x00008b7f      0x314 .\ARM_GCC_493\Debug\PioneerKit_P5LP_USB_Audio.a(CyFlash.o)
 .debug_info    0x00008e93      0x3a2 .\ARM_GCC_493\Debug\PioneerKit_P5LP_USB_Audio.a(CySpc.o)
 .debug_info    0x00009235      0x194 .\ARM_GCC_493\Debug\PioneerKit_P5LP_USB_Audio.a(USBFS_cls.o)
 .debug_info    0x000093c9      0x3b2 .\ARM_GCC_493\Debug\PioneerKit_P5LP_USB_Audio.a(USBFS_descr.o)

.debug_abbrev   0x00000000     0x396f
 *(.debug_abbrev)
 .debug_abbrev  0x00000000       0x89 .\ARM_GCC_493\Debug\Timer.o
 .debug_abbrev  0x00000089       0xd6 .\ARM_GCC_493\Debug\USBInterface.o
 .debug_abbrev  0x0000015f       0x4b .\ARM_GCC_493\Debug\VolumeControl.o
 .debug_abbrev  0x000001aa       0x8e .\ARM_GCC_493\Debug\Application.o
 .debug_abbrev  0x00000238      0x191 .\ARM_GCC_493\Debug\AudioControl.o
 .debug_abbrev  0x000003c9       0x96 .\ARM_GCC_493\Debug\Codec.o
 .debug_abbrev  0x0000045f       0xb9 .\ARM_GCC_493\Debug\Interrupts.o
 .debug_abbrev  0x00000518       0x67 .\ARM_GCC_493\Debug\main.o
 .debug_abbrev  0x0000057f      0x173 .\ARM_GCC_493\Debug\Cm3Start.o
 .debug_abbrev  0x000006f2       0x77 .\ARM_GCC_493\Debug\cymetadata.o
 .debug_abbrev  0x00000769      0x1b7 .\ARM_GCC_493\Debug\PioneerKit_P5LP_USB_Audio.a(cyfitter_cfg.o)
 .debug_abbrev  0x00000920       0x90 .\ARM_GCC_493\Debug\PioneerKit_P5LP_USB_Audio.a(PSOC_I2S_SCLK.o)
 .debug_abbrev  0x000009b0      0x125 .\ARM_GCC_493\Debug\PioneerKit_P5LP_USB_Audio.a(I2S.o)
 .debug_abbrev  0x00000ad5       0x7d .\ARM_GCC_493\Debug\PioneerKit_P5LP_USB_Audio.a(AudioClkGen.o)
 .debug_abbrev  0x00000b52       0x8b .\ARM_GCC_493\Debug\PioneerKit_P5LP_USB_Audio.a(TxDMA_dma.o)
 .debug_abbrev  0x00000bdd      0x17f .\ARM_GCC_493\Debug\PioneerKit_P5LP_USB_Audio.a(isr_TxDMADone.o)
 .debug_abbrev  0x00000d5c       0x90 .\ARM_GCC_493\Debug\PioneerKit_P5LP_USB_Audio.a(PSOC_I2S_SDTO.o)
 .debug_abbrev  0x00000dec      0x17f .\ARM_GCC_493\Debug\PioneerKit_P5LP_USB_Audio.a(isr_InDMADone.o)
 .debug_abbrev  0x00000f6b       0x8b .\ARM_GCC_493\Debug\PioneerKit_P5LP_USB_Audio.a(USBInDMA_dma.o)
 .debug_abbrev  0x00000ff6       0x90 .\ARM_GCC_493\Debug\PioneerKit_P5LP_USB_Audio.a(PSOC_I2S_MCLK.o)
 .debug_abbrev  0x00001086       0x8b .\ARM_GCC_493\Debug\PioneerKit_P5LP_USB_Audio.a(USBOutDMA_dma.o)
 .debug_abbrev  0x00001111       0x90 .\ARM_GCC_493\Debug\PioneerKit_P5LP_USB_Audio.a(PSOC_SW.o)
 .debug_abbrev  0x000011a1       0xd3 .\ARM_GCC_493\Debug\PioneerKit_P5LP_USB_Audio.a(SystemTickTimer.o)
 .debug_abbrev  0x00001274      0x17f .\ARM_GCC_493\Debug\PioneerKit_P5LP_USB_Audio.a(isr_Tick.o)
 .debug_abbrev  0x000013f3       0x90 .\ARM_GCC_493\Debug\PioneerKit_P5LP_USB_Audio.a(PSOC_I2S_LRCLK.o)
 .debug_abbrev  0x00001483       0x8b .\ARM_GCC_493\Debug\PioneerKit_P5LP_USB_Audio.a(I2S_Tx_DMA_dma.o)
 .debug_abbrev  0x0000150e       0x56 .\ARM_GCC_493\Debug\PioneerKit_P5LP_USB_Audio.a(ByteSwap_Tx.o)
 .debug_abbrev  0x00001564      0x11d .\ARM_GCC_493\Debug\PioneerKit_P5LP_USB_Audio.a(Clock_CIC.o)
 .debug_abbrev  0x00001681       0x8b .\ARM_GCC_493\Debug\PioneerKit_P5LP_USB_Audio.a(CICOut_L_dma.o)
 .debug_abbrev  0x0000170c       0x8b .\ARM_GCC_493\Debug\PioneerKit_P5LP_USB_Audio.a(CICOut_R_dma.o)
 .debug_abbrev  0x00001797      0x1b7 .\ARM_GCC_493\Debug\PioneerKit_P5LP_USB_Audio.a(Droop_Filter.o)
 .debug_abbrev  0x0000194e       0x5d .\ARM_GCC_493\Debug\PioneerKit_P5LP_USB_Audio.a(Droop_Filter_RAM_Data.o)
 .debug_abbrev  0x000019ab       0x8b .\ARM_GCC_493\Debug\PioneerKit_P5LP_USB_Audio.a(RxDMA_dma.o)
 .debug_abbrev  0x00001a36      0x17f .\ARM_GCC_493\Debug\PioneerKit_P5LP_USB_Audio.a(isr_RxDMADone.o)
 .debug_abbrev  0x00001bb5      0x11d .\ARM_GCC_493\Debug\PioneerKit_P5LP_USB_Audio.a(AudioClkGen_Clock_SCK.o)
 .debug_abbrev  0x00001cd2      0x11d .\ARM_GCC_493\Debug\PioneerKit_P5LP_USB_Audio.a(AudioClkGen_Clock_I2S.o)
 .debug_abbrev  0x00001def       0x14 .\ARM_GCC_493\Debug\PioneerKit_P5LP_USB_Audio.a(CyBootAsmGnu.o)
 .debug_abbrev  0x00001e03      0x187 .\ARM_GCC_493\Debug\PioneerKit_P5LP_USB_Audio.a(CyDmac.o)
 .debug_abbrev  0x00001f8a      0x205 .\ARM_GCC_493\Debug\PioneerKit_P5LP_USB_Audio.a(CyLib.o)
 .debug_abbrev  0x0000218f      0x16e .\ARM_GCC_493\Debug\PioneerKit_P5LP_USB_Audio.a(cyPm.o)
 .debug_abbrev  0x000022fd       0x90 .\ARM_GCC_493\Debug\PioneerKit_P5LP_USB_Audio.a(PSOC_STATUS_LED.o)
 .debug_abbrev  0x0000238d      0x1c8 .\ARM_GCC_493\Debug\PioneerKit_P5LP_USB_Audio.a(USBFS.o)
 .debug_abbrev  0x00002555       0xd3 .\ARM_GCC_493\Debug\PioneerKit_P5LP_USB_Audio.a(USBFS_audio.o)
 .debug_abbrev  0x00002628      0x16e .\ARM_GCC_493\Debug\PioneerKit_P5LP_USB_Audio.a(USBFS_drv.o)
 .debug_abbrev  0x00002796      0x10c .\ARM_GCC_493\Debug\PioneerKit_P5LP_USB_Audio.a(USBFS_episr.o)
 .debug_abbrev  0x000028a2      0x140 .\ARM_GCC_493\Debug\PioneerKit_P5LP_USB_Audio.a(USBFS_hid.o)
 .debug_abbrev  0x000029e2       0xd7 .\ARM_GCC_493\Debug\PioneerKit_P5LP_USB_Audio.a(USBFS_pm.o)
 .debug_abbrev  0x00002ab9      0x1b5 .\ARM_GCC_493\Debug\PioneerKit_P5LP_USB_Audio.a(USBFS_std.o)
 .debug_abbrev  0x00002c6e       0x67 .\ARM_GCC_493\Debug\PioneerKit_P5LP_USB_Audio.a(USBFS_vnd.o)